Component: ARM Compiler 5.06 update 6 (build 750) Tool: armlink [4d35ed]

==============================================================================

Section Cross References

    main.o(i.BME280_init) refers to nrf_drv_twi.o(i.nrf_drv_twi_tx) for nrf_drv_twi_tx
    main.o(i.BME280_init) refers to app_error.o(i.app_error_handler_bare) for app_error_handler_bare
    main.o(i.BME280_init) refers to main.o(.constdata) for .constdata
    main.o(i.BME280_init) refers to main.o(.data) for .data
    main.o(i.BME280_status_read) refers to nrf_drv_twi.o(i.nrf_drv_twi_tx) for nrf_drv_twi_tx
    main.o(i.BME280_status_read) refers to app_error.o(i.app_error_handler_bare) for app_error_handler_bare
    main.o(i.BME280_status_read) refers to nrf_drv_twi.o(i.nrf_drv_twi_rx) for nrf_drv_twi_rx
    main.o(i.BME280_status_read) refers to main.o(.data) for .data
    main.o(i.BME280_status_read) refers to main.o(.constdata) for .constdata
    main.o(i.advertising_init) refers to memseta.o(.text) for __aeabi_memclr4
    main.o(i.advertising_init) refers to ble_advertising.o(i.ble_advertising_init) for ble_advertising_init
    main.o(i.advertising_init) refers to app_error.o(i.app_error_handler_bare) for app_error_handler_bare
    main.o(i.advertising_init) refers to ble_advertising.o(i.ble_advertising_conn_cfg_tag_set) for ble_advertising_conn_cfg_tag_set
    main.o(i.advertising_init) refers to main.o(.data) for .data
    main.o(i.advertising_init) refers to main.o(i.on_adv_evt) for on_adv_evt
    main.o(i.assert_nrf_callback) refers to app_error.o(i.app_error_handler) for app_error_handler
    main.o(i.ble_evt_dispatch) refers to ble_conn_params.o(i.ble_conn_params_on_ble_evt) for ble_conn_params_on_ble_evt
    main.o(i.ble_evt_dispatch) refers to nrf_ble_gatt.o(i.nrf_ble_gatt_on_ble_evt) for nrf_ble_gatt_on_ble_evt
    main.o(i.ble_evt_dispatch) refers to ble_nus.o(i.ble_nus_on_ble_evt) for ble_nus_on_ble_evt
    main.o(i.ble_evt_dispatch) refers to main.o(i.on_ble_evt) for on_ble_evt
    main.o(i.ble_evt_dispatch) refers to ble_advertising.o(i.ble_advertising_on_ble_evt) for ble_advertising_on_ble_evt
    main.o(i.ble_evt_dispatch) refers to bsp_btn_ble.o(i.bsp_btn_ble_on_ble_evt) for bsp_btn_ble_on_ble_evt
    main.o(i.ble_evt_dispatch) refers to main.o(.bss) for .bss
    main.o(i.ble_stack_init) refers to softdevice_handler.o(i.softdevice_handler_init) for softdevice_handler_init
    main.o(i.ble_stack_init) refers to app_error.o(i.app_error_handler_bare) for app_error_handler_bare
    main.o(i.ble_stack_init) refers to softdevice_handler.o(i.softdevice_app_ram_start_get) for softdevice_app_ram_start_get
    main.o(i.ble_stack_init) refers to softdevice_handler.o(i.softdevice_enable) for softdevice_enable
    main.o(i.ble_stack_init) refers to softdevice_handler.o(i.softdevice_ble_evt_handler_set) for softdevice_ble_evt_handler_set
    main.o(i.ble_stack_init) refers to main.o(.constdata) for .constdata
    main.o(i.ble_stack_init) refers to main.o(.bss) for .bss
    main.o(i.ble_stack_init) refers to main.o(i.ble_evt_dispatch) for ble_evt_dispatch
    main.o(i.bsp_event_handler) refers to main.o(i.sleep_mode_enter) for sleep_mode_enter
    main.o(i.bsp_event_handler) refers to app_error.o(i.app_error_handler_bare) for app_error_handler_bare
    main.o(i.bsp_event_handler) refers to ble_advertising.o(i.ble_advertising_restart_without_whitelist) for ble_advertising_restart_without_whitelist
    main.o(i.bsp_event_handler) refers to main.o(.data) for .data
    main.o(i.conn_params_error_handler) refers to app_error.o(i.app_error_handler_bare) for app_error_handler_bare
    main.o(i.gatt_evt_handler) refers to nrf_log_frontend.o(i.nrf_log_frontend_std_2) for nrf_log_frontend_std_2
    main.o(i.gatt_evt_handler) refers to main.o(.data) for .data
    main.o(i.gatt_init) refers to nrf_ble_gatt.o(i.nrf_ble_gatt_init) for nrf_ble_gatt_init
    main.o(i.gatt_init) refers to app_error.o(i.app_error_handler_bare) for app_error_handler_bare
    main.o(i.gatt_init) refers to nrf_ble_gatt.o(i.nrf_ble_gatt_att_mtu_periph_set) for nrf_ble_gatt_att_mtu_periph_set
    main.o(i.gatt_init) refers to main.o(i.gatt_evt_handler) for gatt_evt_handler
    main.o(i.gatt_init) refers to main.o(.bss) for .bss
    main.o(i.main) refers to app_timer.o(i.app_timer_init) for app_timer_init
    main.o(i.main) refers to app_error.o(i.app_error_handler_bare) for app_error_handler_bare
    main.o(i.main) refers to memcpya.o(.text) for __aeabi_memcpy4
    main.o(i.main) refers to app_uart_fifo.o(i.app_uart_init) for app_uart_init
    main.o(i.main) refers to nrf_log_frontend.o(i.nrf_log_init) for nrf_log_init
    main.o(i.main) refers to bsp.o(i.bsp_init) for bsp_init
    main.o(i.main) refers to bsp_btn_ble.o(i.bsp_btn_ble_init) for bsp_btn_ble_init
    main.o(i.main) refers to main.o(i.ble_stack_init) for ble_stack_init
    main.o(i.main) refers to main.o(i.gatt_init) for gatt_init
[...]
    nrf_gpio_cfg                             0x00022925   Thumb Code    36  nrf_drv_gpiote.o(i.nrf_gpio_cfg)
    i.nrf_gpio_cfg                           0x00022948   Section        0  nrf_drv_uart.o(i.nrf_gpio_cfg)
    nrf_gpio_cfg                             0x00022949   Thumb Code    36  nrf_drv_uart.o(i.nrf_gpio_cfg)
    i.nrf_gpio_cfg_input                     0x0002296c   Section        0  nrf_drv_uart.o(i.nrf_gpio_cfg_input)
    nrf_gpio_cfg_input                       0x0002296d   Thumb Code    18  nrf_drv_uart.o(i.nrf_gpio_cfg_input)
    i.nrf_gpio_cfg_output                    0x0002297e   Section        0  nrf_drv_uart.o(i.nrf_gpio_cfg_output)
    nrf_gpio_cfg_output                      0x0002297f   Thumb Code    20  nrf_drv_uart.o(i.nrf_gpio_cfg_output)
    i.nrf_gpio_cfg_sense_set                 0x00022992   Section        0  bsp.o(i.nrf_gpio_cfg_sense_set)
    nrf_gpio_cfg_sense_set                   0x00022993   Thumb Code    34  bsp.o(i.nrf_gpio_cfg_sense_set)
    i.nrf_gpio_cfg_sense_set                 0x000229b4   Section        0  nrf_drv_gpiote.o(i.nrf_gpio_cfg_sense_set)
    nrf_gpio_cfg_sense_set                   0x000229b5   Thumb Code    34  nrf_drv_gpiote.o(i.nrf_gpio_cfg_sense_set)
    i.nrf_gpio_pin_set                       0x000229d6   Section        0  nrf_drv_twi.o(i.nrf_gpio_pin_set)
    nrf_gpio_pin_set                         0x000229d7   Thumb Code    14  nrf_drv_twi.o(i.nrf_gpio_pin_set)
    i.nrf_gpio_pin_write                     0x000229e4   Section        0  boards.o(i.nrf_gpio_pin_write)
    nrf_gpio_pin_write                       0x000229e5   Thumb Code    22  boards.o(i.nrf_gpio_pin_write)
    i.nrf_gpio_ports_read                    0x000229fc   Section        0  nrf_drv_gpiote.o(i.nrf_gpio_ports_read)
    nrf_gpio_ports_read                      0x000229fd   Thumb Code    34  nrf_drv_gpiote.o(i.nrf_gpio_ports_read)
    i.nrf_gpiote_event_clear                 0x00022a24   Section        0  nrf_drv_gpiote.o(i.nrf_gpiote_event_clear)
    nrf_gpiote_event_clear                   0x00022a25   Thumb Code    16  nrf_drv_gpiote.o(i.nrf_gpiote_event_clear)
    i.nrf_gpiote_event_is_set                0x00022a38   Section        0  nrf_drv_gpiote.o(i.nrf_gpiote_event_is_set)
    nrf_gpiote_event_is_set                  0x00022a39   Thumb Code    12  nrf_drv_gpiote.o(i.nrf_gpiote_event_is_set)
    i.nrf_log_backend_hexdump_handler_get    0x00022a48   Section        0  nrf_log_backend_serial.o(i.nrf_log_backend_hexdump_handler_get)
    i.nrf_log_backend_init                   0x00022a50   Section        0  nrf_log_backend_serial.o(i.nrf_log_backend_init)
    i.nrf_log_backend_serial_hexdump_handler 0x00022a74   Section        0  nrf_log_backend_serial.o(i.nrf_log_backend_serial_hexdump_handler)
    nrf_log_backend_serial_hexdump_handler   0x00022a75   Thumb Code   284  nrf_log_backend_serial.o(i.nrf_log_backend_serial_hexdump_handler)
    i.nrf_log_backend_serial_std_handler     0x00022b90   Section        0  nrf_log_backend_serial.o(i.nrf_log_backend_serial_std_handler)
    nrf_log_backend_serial_std_handler       0x00022b91   Thumb Code   264  nrf_log_backend_serial.o(i.nrf_log_backend_serial_std_handler)
    i.nrf_log_backend_std_handler_get        0x00022c98   Section        0  nrf_log_backend_serial.o(i.nrf_log_backend_std_handler_get)
    i.nrf_log_direct_feed                    0x00022ca0   Section        0  nrf_log_frontend.o(i.nrf_log_direct_feed)
    nrf_log_direct_feed                      0x00022ca1   Thumb Code    20  nrf_log_frontend.o(i.nrf_log_direct_feed)
    i.nrf_log_frontend_std_0                 0x00022cb8   Section        0  nrf_log_frontend.o(i.nrf_log_frontend_std_0)
    i.nrf_log_frontend_std_1                 0x00022cc0   Section        0  nrf_log_frontend.o(i.nrf_log_frontend_std_1)
    i.nrf_log_frontend_std_2                 0x00022cce   Section        0  nrf_log_frontend.o(i.nrf_log_frontend_std_2)
    i.nrf_log_handlers_set                   0x00022ce0   Section        0  nrf_log_frontend.o(i.nrf_log_handlers_set)
    i.nrf_log_init                           0x00022cec   Section        0  nrf_log_frontend.o(i.nrf_log_init)
    i.nrf_twim_event_check                   0x00022d0e   Section        0  nrf_drv_twi.o(i.nrf_twim_event_check)
    nrf_twim_event_check                     0x00022d0f   Thumb Code    10  nrf_drv_twi.o(i.nrf_twim_event_check)
    i.nrf_twim_event_clear                   0x00022d18   Section        0  nrf_drv_twi.o(i.nrf_twim_event_clear)
    nrf_twim_event_clear                     0x00022d19   Thumb Code    12  nrf_drv_twi.o(i.nrf_twim_event_clear)
    i.nrf_uart_event_check                   0x00022d24   Section        0  nrf_drv_uart.o(i.nrf_uart_event_check)
    nrf_uart_event_check                     0x00022d25   Thumb Code    10  nrf_drv_uart.o(i.nrf_uart_event_check)
    i.nrf_uart_event_clear                   0x00022d2e   Section        0  nrf_drv_uart.o(i.nrf_uart_event_clear)
    nrf_uart_event_clear                     0x00022d2f   Thumb Code    12  nrf_drv_uart.o(i.nrf_uart_event_clear)
    i.nrf_uart_int_enable_check              0x00022d3a   Section        0  nrf_drv_uart.o(i.nrf_uart_int_enable_check)
    nrf_uart_int_enable_check                0x00022d3b   Thumb Code    12  nrf_drv_uart.o(i.nrf_uart_int_enable_check)
    i.nrf_uarte_event_check                  0x00022d46   Section        0  nrf_drv_uart.o(i.nrf_uarte_event_check)
    nrf_uarte_event_check                    0x00022d47   Thumb Code    10  nrf_drv_uart.o(i.nrf_uarte_event_check)
    i.nrf_uarte_event_clear                  0x00022d50   Section        0  nrf_drv_uart.o(i.nrf_uarte_event_clear)
    nrf_uarte_event_clear                    0x00022d51   Thumb Code    12  nrf_drv_uart.o(i.nrf_uarte_event_clear)
    i.nus_data_handler                       0x00022d5c   Section        0  main.o(i.nus_data_handler)
    nus_data_handler                         0x00022d5d   Thumb Code    72  main.o(i.nus_data_handler)
    i.on_adv_evt                             0x00022ddc   Section        0  main.o(i.on_adv_evt)
    on_adv_evt                               0x00022ddd   Thumb Code    36  main.o(i.on_adv_evt)
    i.on_ble_evt                             0x00022e00   Section        0  main.o(i.on_ble_evt)
    on_ble_evt                               0x00022e01   Thumb Code   252  main.o(i.on_ble_evt)
    i.on_conn_params_evt                     0x00022f30   Section        0  main.o(i.on_conn_params_evt)
    on_conn_params_evt                       0x00022f31   Thumb Code    24  main.o(i.on_conn_params_evt)
    i.on_connected_evt                       0x00022f4c   Section        0  nrf_ble_gatt.o(i.on_connected_evt)
    on_connected_evt                         0x00022f4d   Thumb Code   122  nrf_ble_gatt.o(i.on_connected_evt)
    i.on_exchange_mtu_request_evt            0x00022fd0   Section        0  nrf_ble_gatt.o(i.on_exchange_mtu_request_evt)
    on_exchange_mtu_request_evt              0x00022fd1   Thumb Code    94  nrf_ble_gatt.o(i.on_exchange_mtu_request_evt)
    i.pin_in_use_by_port                     0x00023038   Section        0  nrf_drv_gpiote.o(i.pin_in_use_by_port)
    pin_in_use_by_port                       0x00023039   Thumb Code    20  nrf_drv_gpiote.o(i.pin_in_use_by_port)
    i.pin_in_use_by_te                       0x00023050   Section        0  nrf_drv_gpiote.o(i.pin_in_use_by_te)
    pin_in_use_by_te                         0x00023051   Thumb Code    20  nrf_drv_gpiote.o(i.pin_in_use_by_te)
    i.read_sensor_data                       0x00023068   Section        0  main.o(i.read_sensor_data)
    read_sensor_data                         0x00023069   Thumb Code    68  main.o(i.read_sensor_data)
    i.rtc1_stop                              0x000230b8   Section        0  app_timer.o(i.rtc1_stop)
    rtc1_stop                                0x000230b9   Thumb Code    52  app_timer.o(i.rtc1_stop)
    i.rx_byte                                0x000230f4   Section        0  nrf_drv_uart.o(i.rx_byte)
    rx_byte                                  0x000230f5   Thumb Code    50  nrf_drv_uart.o(i.rx_byte)
    i.rx_char_add                            0x00023126   Section        0  ble_nus.o(i.rx_char_add)
    rx_char_add                              0x00023127   Thumb Code   162  ble_nus.o(i.rx_char_add)
    i.rx_done_event                          0x000231c8   Section        0  nrf_drv_uart.o(i.rx_done_event)
    rx_done_event                            0x000231c9   Thumb Code    24  nrf_drv_uart.o(i.rx_done_event)
    i.rx_enable                              0x000231e0   Section        0  nrf_drv_uart.o(i.rx_enable)
    rx_enable                                0x000231e1   Thumb Code    32  nrf_drv_uart.o(i.rx_enable)
    i.sd_nvic_EnableIRQ                      0x00023200   Section        0  softdevice_handler.o(i.sd_nvic_EnableIRQ)
    sd_nvic_EnableIRQ                        0x00023201   Thumb Code   106  softdevice_handler.o(i.sd_nvic_EnableIRQ)
    i.serial_tx                              0x00023270   Section        0  nrf_log_backend_serial.o(i.serial_tx)
    serial_tx                                0x00023271   Thumb Code    46  nrf_log_backend_serial.o(i.serial_tx)
    i.service_data_encode                    0x000232a0   Section        0  ble_advdata.o(i.service_data_encode)
    service_data_encode                      0x000232a1   Thumb Code   136  ble_advdata.o(i.service_data_encode)
    i.set_adv_mode_fast                      0x00023328   Section        0  ble_advertising.o(i.set_adv_mode_fast)
    set_adv_mode_fast                        0x00023329   Thumb Code    64  ble_advertising.o(i.set_adv_mode_fast)
    i.set_adv_mode_slow                      0x00023370   Section        0  ble_advertising.o(i.set_adv_mode_slow)
    set_adv_mode_slow                        0x00023371   Thumb Code    60  ble_advertising.o(i.set_adv_mode_slow)
    i.sleep_mode_enter                       0x000233b4   Section        0  main.o(i.sleep_mode_enter)
    sleep_mode_enter                         0x000233b5   Thumb Code    40  main.o(i.sleep_mode_enter)
    i.softdevice_app_ram_start_get           0x000233dc   Section        0  softdevice_handler.o(i.softdevice_app_ram_start_get)
    i.softdevice_ble_evt_handler_set         0x000233f0   Section        0  softdevice_handler.o(i.softdevice_ble_evt_handler_set)
    i.softdevice_enable                      0x00023404   Section        0  softdevice_handler.o(i.softdevice_enable)
    i.softdevice_fault_handler               0x000234f4   Section        0  softdevice_handler.o(i.softdevice_fault_handler)
    i.softdevice_handler_init                0x000234f8   Section        0  softdevice_handler.o(i.softdevice_handler_init)
    i.softdevice_handler_is_enabled          0x0002355c   Section        0  softdevice_handler.o(i.softdevice_handler_is_enabled)
    i.timer_list_handler                     0x00023568   Section        0  app_timer.o(i.timer_list_handler)
    timer_list_handler                       0x00023569   Thumb Code   122  app_timer.o(i.timer_list_handler)
    i.timer_list_insert                      0x000235e8   Section        0  app_timer.o(i.timer_list_insert)
    timer_list_insert                        0x000235e9   Thumb Code    56  app_timer.o(i.timer_list_insert)
    i.timer_list_remove                      0x00023624   Section        0  app_timer.o(i.timer_list_remove)
    timer_list_remove                        0x00023625   Thumb Code    88  app_timer.o(i.timer_list_remove)
    i.timer_stop_op_schedule                 0x00023684   Section        0  app_timer.o(i.timer_stop_op_schedule)
    timer_stop_op_schedule                   0x00023685   Thumb Code    68  app_timer.o(i.timer_stop_op_schedule)
    i.timer_timeouts_check                   0x000236cc   Section        0  app_timer.o(i.timer_timeouts_check)
    timer_timeouts_check                     0x000236cd   Thumb Code   106  app_timer.o(i.timer_timeouts_check)
    i.timestamp_process                      0x00023740   Section        0  nrf_log_backend_serial.o(i.timestamp_process)
    timestamp_process                        0x00023741   Thumb Code    44  nrf_log_backend_serial.o(i.timestamp_process)
    i.twi_clear_bus                          0x00023774   Section        0  nrf_drv_twi.o(i.twi_clear_bus)
    twi_clear_bus                            0x00023775   Thumb Code   170  nrf_drv_twi.o(i.twi_clear_bus)
    i.twi_handler                            0x00023820   Section        0  main.o(i.twi_handler)
    i.twi_init                               0x0002386c   Section        0  main.o(i.twi_init)
    i.twim_xfer                              0x0002389c   Section        0  nrf_drv_twi.o(i.twim_xfer)
    twim_xfer                                0x0002389d   Thumb Code   570  nrf_drv_twi.o(i.twim_xfer)
    i.tx_byte                                0x00023adc   Section        0  nrf_drv_uart.o(i.tx_byte)
    tx_byte                                  0x00023add   Thumb Code    32  nrf_drv_uart.o(i.tx_byte)
    i.tx_char_add                            0x00023afc   Section        0  ble_nus.o(i.tx_char_add)
    tx_char_add                              0x00023afd   Thumb Code   218  ble_nus.o(i.tx_char_add)
    i.tx_done_event                          0x00023bd6   Section        0  nrf_drv_uart.o(i.tx_done_event)
    tx_done_event                            0x00023bd7   Thumb Code    28  nrf_drv_uart.o(i.tx_done_event)
    i.uart_event_handle                      0x00023bf4   Section        0  main.o(i.uart_event_handle)
    i.uart_event_handler                     0x00023c58   Section        0  app_uart_fifo.o(i.uart_event_handler)
    uart_event_handler                       0x00023c59   Thumb Code   152  app_uart_fifo.o(i.uart_event_handler)
    i.uart_irq_handler                       0x00023cf8   Section        0  nrf_drv_uart.o(i.uart_irq_handler)
    uart_irq_handler                         0x00023cf9   Thumb Code   286  nrf_drv_uart.o(i.uart_irq_handler)
    i.uarte_irq_handler                      0x00023e16   Section        0  nrf_drv_uart.o(i.uarte_irq_handler)
    uarte_irq_handler                        0x00023e17   Thumb Code   240  nrf_drv_uart.o(i.uarte_irq_handler)
    i.uint16_encode                          0x00023f06   Section        0  ble_advdata.o(i.uint16_encode)
    uint16_encode                            0x00023f07   Thumb Code    10  ble_advdata.o(i.uint16_encode)
    i.update_timeout_handler                 0x00023f10   Section        0  ble_conn_params.o(i.update_timeout_handler)
    update_timeout_handler                   0x00023f11   Thumb Code    88  ble_conn_params.o(i.update_timeout_handler)
    i.user_op_alloc                          0x00023f70   Section        0  app_timer.o(i.user_op_alloc)
    user_op_alloc                            0x00023f71   Thumb Code    42  app_timer.o(i.user_op_alloc)
    i.uuid_list_encode                       0x00023fa0   Section        0  ble_advdata.o(i.uuid_list_encode)
    uuid_list_encode                         0x00023fa1   Thumb Code    48  ble_advdata.o(i.uuid_list_encode)
    i.uuid_list_sized_encode                 0x00023fd0   Section        0  ble_advdata.o(i.uuid_list_sized_encode)
    uuid_list_sized_encode                   0x00023fd1   Thumb Code   158  ble_advdata.o(i.uuid_list_sized_encode)
    .constdata                               0x00024070   Section       52  main.o(.constdata)
    m_twi                                    0x00024074   Data           8  main.o(.constdata)
    .constdata                               0x000240a4   Section        8  boards.o(.constdata)
    m_board_led_list                         0x000240a4   Data           4  boards.o(.constdata)
    m_board_btn_list                         0x000240a8   Data           4  boards.o(.constdata)
    .constdata                               0x000240ac   Section       44  bsp.o(.constdata)
    m_leds_timer_id                          0x000240ac   Data           4  bsp.o(.constdata)
    m_alert_timer_id                         0x000240b0   Data           4  bsp.o(.constdata)
    m_button_timer_id                        0x000240b4   Data           4  bsp.o(.constdata)
    app_buttons                              0x000240b8   Data          32  bsp.o(.constdata)
    .constdata                               0x000240d8   Section        4  ble_conn_params.o(.constdata)
    m_conn_params_timer_id                   0x000240d8   Data           4  ble_conn_params.o(.constdata)
    .constdata                               0x000240dc   Section       22  nrf_ble_gatt.o(.constdata)
    .constdata                               0x000240f4   Section       16  ble_nus.o(.constdata)
    .constdata                               0x00024104   Section        4  nrf_drv_gpiote.o(.constdata)
    .constdata                               0x00024108   Section       12  nrf_drv_twi.o(.constdata)
    .constdata                               0x00024114   Section        8  app_button.o(.constdata)
    m_detection_delay_timer_id               0x00024114   Data           4  app_button.o(.constdata)
    .constdata                               0x0002411c   Section       32  app_uart_fifo.o(.constdata)
    .constdata                               0x0002413c   Section      129  ctype_o.o(.constdata)
    .constdata                               0x000241c0   Section        4  ctype_o.o(.constdata)
    table                                    0x000241c0   Data           4  ctype_o.o(.constdata)
    .conststring                             0x000241c4   Section      390  nrf_ble_gatt.o(.conststring)
    .data                                    0x200025f8   Section       18  main.o(.data)
    m_xfer_done                              0x200025f8   Data           1  main.o(.data)
    index                                    0x200025f9   Data           1  main.o(.data)
    m_conn_handle                            0x200025fa   Data           2  main.o(.data)
    m_ble_nus_max_data_len                   0x200025fc   Data           2  main.o(.data)
    m_adv_uuids                              0x200025fe   Data           4  main.o(.data)
    sensor_data                              0x20002602   Data           8  main.o(.data)
    .data                                    0x2000260c   Section       16  bsp.o(.data)
    m_stable_state                           0x2000260c   Data           1  bsp.o(.data)
    m_leds_clear                             0x2000260d   Data           1  bsp.o(.data)
    m_alert_on                               0x2000260e   Data           1  bsp.o(.data)
    current_long_push_pin_no                 0x2000260f   Data           1  bsp.o(.data)
    m_indication_type                        0x20002610   Data           4  bsp.o(.data)
    m_registered_callback                    0x20002614   Data           4  bsp.o(.data)
    release_event_at_push                    0x20002618   Data           4  bsp.o(.data)
    .data                                    0x2000261c   Section        8  bsp_btn_ble.o(.data)
    m_error_handler                          0x2000261c   Data           4  bsp_btn_ble.o(.data)
    m_num_connections                        0x20002620   Data           4  bsp_btn_ble.o(.data)
    .data                                    0x20002624   Section       31  ble_advertising.o(.data)
    m_initialized                            0x20002624   Data           1  ble_advertising.o(.data)
    m_advertising_start_pending              0x20002625   Data           1  ble_advertising.o(.data)
    m_adv_evt                                0x20002626   Data           1  ble_advertising.o(.data)
    m_adv_mode_current                       0x20002627   Data           1  ble_advertising.o(.data)
    m_conn_cfg_tag                           0x20002628   Data           1  ble_advertising.o(.data)
    m_peer_addr_reply_expected               0x20002629   Data           1  ble_advertising.o(.data)
    m_whitelist_temporarily_disabled         0x2000262a   Data           1  ble_advertising.o(.data)
    m_whitelist_reply_expected               0x2000262b   Data           1  ble_advertising.o(.data)
    m_whitelist_in_use                       0x2000262c   Data           1  ble_advertising.o(.data)
    m_current_slave_link_conn_handle         0x2000262e   Data           2  ble_advertising.o(.data)
    m_slave_conn_int                         0x20002630   Data           4  ble_advertising.o(.data)
    m_evt_handler                            0x20002634   Data           4  ble_advertising.o(.data)
    m_error_handler                          0x20002638   Data           4  ble_advertising.o(.data)
    m_peer_address                           0x2000263c   Data           7  ble_advertising.o(.data)
    .data                                    0x20002644   Section       20  ble_conn_params.o(.data)
    m_change_param                           0x20002644   Data           1  ble_conn_params.o(.data)
    m_update_count                           0x20002645   Data           1  ble_conn_params.o(.data)
    m_conn_handle                            0x20002646   Data           2  ble_conn_params.o(.data)
    m_preferred_conn_params                  0x20002648   Data           8  ble_conn_params.o(.data)
    m_current_conn_params                    0x20002650   Data           8  ble_conn_params.o(.data)
    .data                                    0x20002658   Section       20  app_button.o(.data)
    m_button_count                           0x20002658   Data           1  app_button.o(.data)
    mp_buttons                               0x2000265c   Data           4  app_button.o(.data)
    m_detection_delay                        0x20002660   Data           4  app_button.o(.data)
    m_pin_state                              0x20002664   Data           4  app_button.o(.data)
    m_pin_transition                         0x20002668   Data           4  app_button.o(.data)
    .data                                    0x2000266c   Section       20  app_timer.o(.data)
    m_ticks_elapsed_q_read_ind               0x2000266c   Data           1  app_timer.o(.data)
    m_ticks_elapsed_q_write_ind              0x2000266d   Data           1  app_timer.o(.data)
    m_rtc1_running                           0x2000266e   Data           1  app_timer.o(.data)
    m_rtc1_reset                             0x2000266f   Data           1  app_timer.o(.data)
    mp_timer_id_head                         0x20002670   Data           4  app_timer.o(.data)
    m_ticks_latest                           0x20002674   Data           4  app_timer.o(.data)
    m_ticks_elapsed                          0x20002678   Data           8  app_timer.o(.data)
    .data                                    0x20002680   Section       16  app_uart_fifo.o(.data)
    tx_buffer                                0x20002680   Data           1  app_uart_fifo.o(.data)
    rx_buffer                                0x20002681   Data           1  app_uart_fifo.o(.data)
    m_rx_ovf                                 0x20002682   Data           1  app_uart_fifo.o(.data)
    m_event_handler                          0x20002684   Data           4  app_uart_fifo.o(.data)
    app_uart_inst                            0x20002688   Data           8  app_uart_fifo.o(.data)
    .data                                    0x20002690   Section        4  retarget.o(.data)
    .data                                    0x20002694   Section        2  nrf_log_backend_serial.o(.data)
    m_initialized                            0x20002694   Data           1  nrf_log_backend_serial.o(.data)
    m_blocking_mode                          0x20002695   Data           1  nrf_log_backend_serial.o(.data)
    .data                                    0x20002698   Section       20  softdevice_handler.o(.data)
    m_softdevice_enabled                     0x20002698   Data           1  softdevice_handler.o(.data)
    m_suspended                              0x20002699   Data           1  softdevice_handler.o(.data)
    m_ble_evt_buffer_size                    0x2000269a   Data           2  softdevice_handler.o(.data)
    m_evt_schedule_func                      0x2000269c   Data           4  softdevice_handler.o(.data)
    m_sys_evt_handler                        0x200026a0   Data           4  softdevice_handler.o(.data)
    mp_ble_evt_buffer                        0x200026a4   Data           4  softdevice_handler.o(.data)
    m_ble_evt_handler                        0x200026a8   Data           4  softdevice_handler.o(.data)
    .data                                    0x200026ac   Section        4  system_nrf52.o(.data)
    __tagsym$$used                           0x200026ac   Number         0  system_nrf52.o(.data)
    .bss                                     0x200026b0   Section      940  main.o(.bss)
    BLE_EVT_BUFFER                           0x200026b0   Data         216  main.o(.bss)
    data_array                               0x20002788   Data         155  main.o(.bss)
    rx_buf                                   0x20002823   Data         256  main.o(.bss)
    tx_buf                                   0x20002923   Data         256  main.o(.bss)
    m_nus                                    0x20002a24   Data          28  main.o(.bss)
    m_gatt                                   0x20002a40   Data          28  main.o(.bss)
    .bss                                     0x20002a5c   Section       32  bsp.o(.bss)
    m_leds_timer_id_data                     0x20002a5c   Data          32  bsp.o(.bss)
    .bss                                     0x20002a7c   Section       32  bsp.o(.bss)
    m_alert_timer_id_data                    0x20002a7c   Data          32  bsp.o(.bss)
    .bss                                     0x20002a9c   Section       12  bsp.o(.bss)
    m_events_list                            0x20002a9c   Data          12  bsp.o(.bss)
    .bss                                     0x20002aa8   Section       32  bsp.o(.bss)
    m_button_timer_id_data                   0x20002aa8   Data          32  bsp.o(.bss)
    .bss                                     0x20002ac8   Section      179  ble_advertising.o(.bss)
    m_adv_modes_config                       0x20002ac8   Data          32  ble_advertising.o(.bss)
    m_advdata                                0x20002ae8   Data          60  ble_advertising.o(.bss)
    m_manuf_specific_data                    0x20002b24   Data          12  ble_advertising.o(.bss)
    m_manuf_data_array                       0x20002b30   Data          31  ble_advertising.o(.bss)
    m_service_data                           0x20002b50   Data          12  ble_advertising.o(.bss)
    m_service_data_array                     0x20002b5c   Data          31  ble_advertising.o(.bss)
    .bss                                     0x20002b7c   Section       32  ble_conn_params.o(.bss)
    m_conn_params_timer_id_data              0x20002b7c   Data          32  ble_conn_params.o(.bss)
    .bss                                     0x20002b9c   Section       28  ble_conn_params.o(.bss)
    m_conn_params_config                     0x20002b9c   Data          28  ble_conn_params.o(.bss)
    .bss                                     0x20002bb8   Section       20  nrf_drv_clock.o(.bss)
    m_clock_cb                               0x20002bb8   Data          20  nrf_drv_clock.o(.bss)
    .bss                                     0x20002bcc   Section       88  nrf_drv_gpiote.o(.bss)
    m_cb                                     0x20002bcc   Data          88  nrf_drv_gpiote.o(.bss)
    .bss                                     0x20002c24   Section       32  nrf_drv_uart.o(.bss)
    m_cb                                     0x20002c24   Data          32  nrf_drv_uart.o(.bss)
    .bss                                     0x20002c44   Section       40  nrf_drv_twi.o(.bss)
    m_cb                                     0x20002c44   Data          40  nrf_drv_twi.o(.bss)
    .bss                                     0x20002c6c   Section       32  app_button.o(.bss)
    m_detection_delay_timer_id_data          0x20002c6c   Data          32  app_button.o(.bss)
    .bss                                     0x20002c8c   Section      268  app_timer.o(.bss)
    m_op_queue                               0x20002c8c   Data         268  app_timer.o(.bss)
    .bss                                     0x20002d98   Section       32  app_uart_fifo.o(.bss)
    m_rx_fifo                                0x20002d98   Data          16  app_uart_fifo.o(.bss)
    m_tx_fifo                                0x20002da8   Data          16  app_uart_fifo.o(.bss)
    .bss                                     0x20002db8   Section       12  app_util_platform.o(.bss)
    .bss                                     0x20002dc4   Section      104  fstorage.o(.bss)
    m_queue                                  0x20002dc4   Data         104  fstorage.o(.bss)
    .bss                                     0x20002e2c   Section       28  nrf_log_frontend.o(.bss)
    m_log_data                               0x20002e2c   Data          28  nrf_log_frontend.o(.bss)
    .bss                                     0x20002e48   Section      648  segger_rtt.o(.bss)
    _acUpBuffer                              0x20002e48   Data         512  segger_rtt.o(.bss)
    _acDownBuffer                            0x20003048   Data          16  segger_rtt.o(.bss)
    STACK                                    0x200030d0   Section     8192  arm_startup_nrf52.o(STACK)

    Global Symbols

    Symbol Name                              Value     Ov Type        Size  Object(Section)

    BuildAttributes$$THM_ISAv4$E$P$D$K$B$S$7EM$VFPi3$EXTD16$VFPS$VFMA$PE$A:L22UL41UL21$X:L11$S22US41US21$IEEE1$IW$USESV6$~STKCKD$USESV7$~SHL$OSPACE$ROPI$EBA8$MICROLIB$REQ8$PRES8$EABIv2 0x00000000   Number         0  anon$$obj.o ABSOLUTE
    __ARM_use_no_argv                        0x00000000   Number         0  main.o ABSOLUTE
    _printf_a                                0x00000000   Number         0  stubs.o ABSOLUTE
    _printf_c                                0x00000000   Number         0  stubs.o ABSOLUTE
    _printf_charcount                        0x00000000   Number         0  stubs.o ABSOLUTE
    _printf_d                                0x00000000   Number         0  stubs.o ABSOLUTE
    _printf_e                                0x00000000   Number         0  stubs.o ABSOLUTE
    _printf_f                                0x00000000   Number         0  stubs.o ABSOLUTE
    _printf_flags                            0x00000000   Number         0  stubs.o ABSOLUTE
    _printf_fp_dec                           0x00000000   Number         0  stubs.o ABSOLUTE
    _printf_fp_hex                           0x00000000   Number         0  stubs.o ABSOLUTE
    _printf_g                                0x00000000   Number         0  stubs.o ABSOLUTE
    _printf_i                                0x00000000   Number         0  stubs.o ABSOLUTE
    _printf_int_dec                          0x00000000   Number         0  stubs.o ABSOLUTE
    _printf_l                                0x00000000   Number         0  stubs.o ABSOLUTE
    _printf_lc                               0x00000000   Number         0  stubs.o ABSOLUTE
    _printf_ll                               0x00000000   Number         0  stubs.o ABSOLUTE
    _printf_lld                              0x00000000   Number         0  stubs.o ABSOLUTE
    _printf_lli                              0x00000000   Number         0  stubs.o ABSOLUTE
    _printf_llo                              0x00000000   Number         0  stubs.o ABSOLUTE
    _printf_llu                              0x00000000   Number         0  stubs.o ABSOLUTE
    _printf_llx                              0x00000000   Number         0  stubs.o ABSOLUTE
    _printf_longlong_dec                     0x00000000   Number         0  stubs.o ABSOLUTE
    _printf_longlong_hex                     0x00000000   Number         0  stubs.o ABSOLUTE
    _printf_longlong_oct                     0x00000000   Number         0  stubs.o ABSOLUTE
    _printf_ls                               0x00000000   Number         0  stubs.o ABSOLUTE
    _printf_mbtowc                           0x00000000   Number         0  stubs.o ABSOLUTE
    _printf_n                                0x00000000   Number         0  stubs.o ABSOLUTE
    _printf_o                                0x00000000   Number         0  stubs.o ABSOLUTE
    _printf_p                                0x00000000   Number         0  stubs.o ABSOLUTE
    _printf_percent                          0x00000000   Number         0  stubs.o ABSOLUTE
    _printf_pre_padding                      0x00000000   Number         0  stubs.o ABSOLUTE
    _printf_return_value                     0x00000000   Number         0  stubs.o ABSOLUTE
    _printf_s                                0x00000000   Number         0  stubs.o ABSOLUTE
    _printf_sizespec                         0x00000000   Number         0  stubs.o ABSOLUTE
    _printf_str                              0x00000000   Number         0  stubs.o ABSOLUTE
    _printf_truncate_signed                  0x00000000   Number         0  stubs.o ABSOLUTE
    _printf_truncate_unsigned                0x00000000   Number         0  stubs.o ABSOLUTE
    _printf_u                                0x00000000   Number         0  stubs.o ABSOLUTE
    _printf_wc                               0x00000000   Number         0  stubs.o ABSOLUTE
    _printf_wctomb                           0x00000000   Number         0  stubs.o ABSOLUTE
    _printf_widthprec                        0x00000000   Number         0  stubs.o ABSOLUTE
    _printf_x                                0x00000000   Number         0  stubs.o ABSOLUTE
    __cpp_initialize__aeabi_                  - Undefined Weak Reference
    __cxa_finalize                            - Undefined Weak Reference
    __decompress                              - Undefined Weak Reference
    _clock_init                               - Undefined Weak Reference
    _microlib_exit                            - Undefined Weak Reference
    fs_data$$Base                             - Undefined Reference
    fs_data$$Limit                            - Undefined Reference
    __Vectors_Size                           0x00000200   Number         0  arm_startup_nrf52.o ABSOLUTE
    __Vectors                                0x0001f000   Data           4  arm_startup_nrf52.o(RESET)
    __Vectors_End                            0x0001f200   Data           0  arm_startup_nrf52.o(RESET)
    __main                                   0x0001f201   Thumb Code     0  entry.o(.ARM.Collect$$$$00000000)
    _main_stk                                0x0001f201   Thumb Code     0  entry2.o(.ARM.Collect$$$$00000001)
    _main_scatterload                        0x0001f205   Thumb Code     0  entry5.o(.ARM.Collect$$$$00000004)
    __main_after_scatterload                 0x0001f209   Thumb Code     0  entry5.o(.ARM.Collect$$$$00000004)
    _main_clock                              0x0001f209   Thumb Code     0  entry7b.o(.ARM.Collect$$$$00000008)
    _main_cpp_init                           0x0001f209   Thumb Code     0  entry8b.o(.ARM.Collect$$$$0000000A)
    _main_init                               0x0001f209   Thumb Code     0  entry9a.o(.ARM.Collect$$$$0000000B)
    __rt_final_cpp                           0x0001f211   Thumb Code     0  entry10a.o(.ARM.Collect$$$$0000000D)
    __rt_final_exit                          0x0001f211   Thumb Code     0  entry11a.o(.ARM.Collect$$$$0000000F)
    Reset_Handler                            0x0001f215   Thumb Code     8  arm_startup_nrf52.o(.text)
    NMI_Handler                              0x0001f21d   Thumb Code     2  arm_startup_nrf52.o(.text)
    HardFault_Handler                        0x0001f21f   Thumb Code     2  arm_startup_nrf52.o(.text)
    MemoryManagement_Handler                 0x0001f221   Thumb Code     2  arm_startup_nrf52.o(.text)
    BusFault_Handler                         0x0001f223   Thumb Code     2  arm_startup_nrf52.o(.text)
    UsageFault_Handler                       0x0001f225   Thumb Code     2  arm_startup_nrf52.o(.text)
    SVC_Handler                              0x0001f227   Thumb Code     2  arm_startup_nrf52.o(.text)
    DebugMon_Handler                         0x0001f229   Thumb Code     2  arm_startup_nrf52.o(.text)
    PendSV_Handler                           0x0001f22b   Thumb Code     2  arm_startup_nrf52.o(.text)
    SysTick_Handler                          0x0001f22d   Thumb Code     2  arm_startup_nrf52.o(.text)
    CCM_AAR_IRQHandler                       0x0001f22f   Thumb Code     0  arm_startup_nrf52.o(.text)
    COMP_LPCOMP_IRQHandler                   0x0001f22f   Thumb Code     0  arm_startup_nrf52.o(.text)
    ECB_IRQHandler                           0x0001f22f   Thumb Code     0  arm_startup_nrf52.o(.text)
    FPU_IRQHandler                           0x0001f22f   Thumb Code     0  arm_startup_nrf52.o(.text)
    I2S_IRQHandler                           0x0001f22f   Thumb Code     0  arm_startup_nrf52.o(.text)
    MWU_IRQHandler                           0x0001f22f   Thumb Code     0  arm_startup_nrf52.o(.text)
    NFCT_IRQHandler                          0x0001f22f   Thumb Code     0  arm_startup_nrf52.o(.text)
    PDM_IRQHandler                           0x0001f22f   Thumb Code     0  arm_startup_nrf52.o(.text)
    PWM0_IRQHandler                          0x0001f22f   Thumb Code     0  arm_startup_nrf52.o(.text)
    PWM1_IRQHandler                          0x0001f22f   Thumb Code     0  arm_startup_nrf52.o(.text)
    PWM2_IRQHandler                          0x0001f22f   Thumb Code     0  arm_startup_nrf52.o(.text)
    QDEC_IRQHandler                          0x0001f22f   Thumb Code     0  arm_startup_nrf52.o(.text)
    RADIO_IRQHandler                         0x0001f22f   Thumb Code     0  arm_startup_nrf52.o(.text)
    RNG_IRQHandler                           0x0001f22f   Thumb Code     0  arm_startup_nrf52.o(.text)
    RTC0_IRQHandler                          0x0001f22f   Thumb Code     0  arm_startup_nrf52.o(.text)
    RTC2_IRQHandler                          0x0001f22f   Thumb Code     0  arm_startup_nrf52.o(.text)
    SAADC_IRQHandler                         0x0001f22f   Thumb Code     0  arm_startup_nrf52.o(.text)
    SPIM1_SPIS1_TWIM1_TWIS1_SPI1_TWI1_IRQHandler 0x0001f22f   Thumb Code     0  arm_startup_nrf52.o(.text)
    SPIM2_SPIS2_SPI2_IRQHandler              0x0001f22f   Thumb Code     0  arm_startup_nrf52.o(.text)
    SWI1_EGU1_IRQHandler                     0x0001f22f   Thumb Code     0  arm_startup_nrf52.o(.text)
    SWI3_EGU3_IRQHandler                     0x0001f22f   Thumb Code     0  arm_startup_nrf52.o(.text)
    SWI4_EGU4_IRQHandler                     0x0001f22f   Thumb Code     0  arm_startup_nrf52.o(.text)
    SWI5_EGU5_IRQHandler                     0x0001f22f   Thumb Code     0  arm_startup_nrf52.o(.text)
    TEMP_IRQHandler                          0x0001f22f   Thumb Code     0  arm_startup_nrf52.o(.text)
    TIMER0_IRQHandler                        0x0001f22f   Thumb Code     0  arm_startup_nrf52.o(.text)
    TIMER1_IRQHandler                        0x0001f22f   Thumb Code     0  arm_startup_nrf52.o(.text)
    TIMER2_IRQHandler                        0x0001f22f   Thumb Code     0  arm_startup_nrf52.o(.text)
    TIMER3_IRQHandler                        0x0001f22f   Thumb Code     0  arm_startup_nrf52.o(.text)
    TIMER4_IRQHandler                        0x0001f22f   Thumb Code     0  arm_startup_nrf52.o(.text)
    WDT_IRQHandler                           0x0001f22f   Thumb Code     0  arm_startup_nrf52.o(.text)
    __aeabi_uldivmod                         0x0001f239   Thumb Code    98  uldiv.o(.text)
    __rt_ctype_table                         0x0001f29d   Thumb Code     4  ctype_o.o(.text)
    __aeabi_memcpy                           0x0001f2a5   Thumb Code    36  memcpya.o(.text)
    __aeabi_memcpy4                          0x0001f2a5   Thumb Code     0  memcpya.o(.text)
    __aeabi_memcpy8                          0x0001f2a5   Thumb Code     0  memcpya.o(.text)
    __aeabi_memset                           0x0001f2c9   Thumb Code    14  memseta.o(.text)
    __aeabi_memset4                          0x0001f2c9   Thumb Code     0  memseta.o(.text)
    __aeabi_memset8                          0x0001f2c9   Thumb Code     0  memseta.o(.text)
    __aeabi_memclr                           0x0001f2d7   Thumb Code     4  memseta.o(.text)
    __aeabi_memclr4                          0x0001f2d7   Thumb Code     0  memseta.o(.text)
    __aeabi_memclr8                          0x0001f2d7   Thumb Code     0  memseta.o(.text)
    _memset$wrapper                          0x0001f2db   Thumb Code    18  memseta.o(.text)
    strlen                                   0x0001f2ed   Thumb Code    14  strlen.o(.text)
    strcpy                                   0x0001f2fb   Thumb Code    18  strcpy.o(.text)
    __aeabi_llsl                             0x0001f30d   Thumb Code    30  llshl.o(.text)
    _ll_shift_l                              0x0001f30d   Thumb Code     0  llshl.o(.text)
    __aeabi_llsr                             0x0001f32b   Thumb Code    32  llushr.o(.text)
    _ll_ushift_r                             0x0001f32b   Thumb Code     0  llushr.o(.text)
    __scatterload                            0x0001f34d   Thumb Code    28  init.o(.text)
    __scatterload_rt2                        0x0001f34d   Thumb Code     0  init.o(.text)
    BME280_init                              0x0001f371   Thumb Code    52  main.o(i.BME280_init)
    GPIOTE_IRQHandler                        0x0001f3b1   Thumb Code   362  nrf_drv_gpiote.o(i.GPIOTE_IRQHandler)
    POWER_CLOCK_IRQHandler                   0x0001f5b5   Thumb Code    84  nrf_drv_clock.o(i.POWER_CLOCK_IRQHandler)
    RTC1_IRQHandler                          0x0001f60d   Thumb Code    32  app_timer.o(i.RTC1_IRQHandler)
    SEGGER_RTT_Init                          0x0001f631   Thumb Code    14  segger_rtt.o(i.SEGGER_RTT_Init)
    SEGGER_RTT_WriteNoLock                   0x0001f645   Thumb Code    86  segger_rtt.o(i.SEGGER_RTT_WriteNoLock)
    SPIM0_SPIS0_TWIM0_TWIS0_SPI0_TWI0_IRQHandler 0x0001f6a1   Thumb Code     8  nrf_drv_twi.o(i.SPIM0_SPIS0_TWIM0_TWIS0_SPI0_TWI0_IRQHandler)
    SWI0_EGU0_IRQHandler                     0x0001f6b1   Thumb Code     4  app_timer.o(i.SWI0_EGU0_IRQHandler)
    SWI2_EGU2_IRQHandler                     0x0001f6b5   Thumb Code    32  softdevice_handler.o(i.SWI2_EGU2_IRQHandler)
    SystemInit                               0x0001f6d9   Thumb Code   726  system_nrf52.o(i.SystemInit)
    UARTE0_UART0_IRQHandler                  0x0001f9f5   Thumb Code    20  nrf_drv_uart.o(i.UARTE0_UART0_IRQHandler)
    __0printf$8                              0x0001fb29   Thumb Code    22  printf8.o(i.__0printf$8)
    __1printf$8                              0x0001fb29   Thumb Code     0  printf8.o(i.__0printf$8)
    __2printf                                0x0001fb29   Thumb Code     0  printf8.o(i.__0printf$8)
    __0snprintf$8                            0x0001fb49   Thumb Code    44  printf8.o(i.__0snprintf$8)
    __1snprintf$8                            0x0001fb49   Thumb Code     0  printf8.o(i.__0snprintf$8)
    __2snprintf                              0x0001fb49   Thumb Code     0  printf8.o(i.__0snprintf$8)
    __scatterload_copy                       0x0001fb79   Thumb Code    14  handlers.o(i.__scatterload_copy)
    __scatterload_null                       0x0001fb87   Thumb Code     2  handlers.o(i.__scatterload_null)
    __scatterload_zeroinit                   0x0001fb89   Thumb Code    14  handlers.o(i.__scatterload_zeroinit)
    adv_data_encode                          0x00020035   Thumb Code   386  ble_advdata.o(i.adv_data_encode)
    app_button_enable                        0x000202bd   Thumb Code    32  app_button.o(i.app_button_enable)
    app_button_init                          0x000202e1   Thumb Code    96  app_button.o(i.app_button_init)
    app_error_fault_handler                  0x00020351   Thumb Code    42  app_error_weak.o(i.app_error_fault_handler)
    app_error_handler_bare                   0x000203b1   Thumb Code    22  app_error.o(i.app_error_handler_bare)
    app_fifo_get                             0x000203c7   Thumb Code    22  app_fifo.o(i.app_fifo_get)
    app_fifo_init                            0x000203dd   Thumb Code    32  app_fifo.o(i.app_fifo_init)
    app_fifo_put                             0x000203fd   Thumb Code    26  app_fifo.o(i.app_fifo_put)
    app_timer_create                         0x00020419   Thumb Code    36  app_timer.o(i.app_timer_create)
    app_timer_init                           0x00020441   Thumb Code    70  app_timer.o(i.app_timer_init)
    app_timer_start                          0x00020495   Thumb Code   128  app_timer.o(i.app_timer_start)
    app_timer_stop                           0x0002051d   Thumb Code    26  app_timer.o(i.app_timer_stop)
    app_uart_get                             0x0002053d   Thumb Code    42  app_uart_fifo.o(i.app_uart_get)
    app_uart_init                            0x00020571   Thumb Code   164  app_uart_fifo.o(i.app_uart_init)
    app_uart_put                             0x00020625   Thumb Code    52  app_uart_fifo.o(i.app_uart_put)
    app_util_critical_region_enter           0x00020661   Thumb Code    64  app_util_platform.o(i.app_util_critical_region_enter)
    app_util_critical_region_exit            0x000206a9   Thumb Code    46  app_util_platform.o(i.app_util_critical_region_exit)
    ble_advdata_set                          0x00020795   Thumb Code   104  ble_advdata.o(i.ble_advdata_set)
    ble_advertising_conn_cfg_tag_set         0x000207fd   Thumb Code     6  ble_advertising.o(i.ble_advertising_conn_cfg_tag_set)
    ble_advertising_init                     0x00020809   Thumb Code   280  ble_advertising.o(i.ble_advertising_init)
    ble_advertising_on_ble_evt               0x00020929   Thumb Code    88  ble_advertising.o(i.ble_advertising_on_ble_evt)
    ble_advertising_restart_without_whitelist 0x00020985   Thumb Code    50  ble_advertising.o(i.ble_advertising_restart_without_whitelist)
    ble_advertising_start                    0x000209c1   Thumb Code   252  ble_advertising.o(i.ble_advertising_start)
    ble_conn_params_init                     0x00020ac5   Thumb Code    72  ble_conn_params.o(i.ble_conn_params_init)
    ble_conn_params_on_ble_evt               0x00020b1d   Thumb Code   120  ble_conn_params.o(i.ble_conn_params_on_ble_evt)
    ble_nus_init                             0x00020c35   Thumb Code    94  ble_nus.o(i.ble_nus_init)
    ble_nus_on_ble_evt                       0x00020c99   Thumb Code    92  ble_nus.o(i.ble_nus_on_ble_evt)
    ble_nus_string_send                      0x00020cf5   Thumb Code    78  ble_nus.o(i.ble_nus_string_send)
    ble_srv_is_notification_enabled          0x00020d43   Thumb Code     8  ble_srv_common.o(i.ble_srv_is_notification_enabled)
    bsp_board_button_idx_to_pin              0x00020e09   Thumb Code     6  boards.o(i.bsp_board_button_idx_to_pin)
    bsp_board_button_state_get               0x00020e15   Thumb Code    28  boards.o(i.bsp_board_button_state_get)
    bsp_board_led_invert                     0x00020e35   Thumb Code    32  boards.o(i.bsp_board_led_invert)
    bsp_board_led_off                        0x00020e59   Thumb Code    10  boards.o(i.bsp_board_led_off)
    bsp_board_led_on                         0x00020e69   Thumb Code    10  boards.o(i.bsp_board_led_on)
    bsp_board_led_state_get                  0x00020e79   Thumb Code    28  boards.o(i.bsp_board_led_state_get)
    bsp_board_leds_init                      0x00020e99   Thumb Code    38  boards.o(i.bsp_board_leds_init)
    bsp_board_leds_off                       0x00020ec5   Thumb Code    18  boards.o(i.bsp_board_leds_off)
    bsp_board_leds_on                        0x00020ed7   Thumb Code    18  boards.o(i.bsp_board_leds_on)
    bsp_board_pin_to_button_idx              0x00020ee9   Thumb Code    30  boards.o(i.bsp_board_pin_to_button_idx)
    bsp_btn_ble_init                         0x00020f0d   Thumb Code    52  bsp_btn_ble.o(i.bsp_btn_ble_init)
    bsp_btn_ble_on_ble_evt                   0x00020f45   Thumb Code   106  bsp_btn_ble.o(i.bsp_btn_ble_on_ble_evt)
    bsp_btn_ble_sleep_mode_prepare           0x00020fb5   Thumb Code    30  bsp_btn_ble.o(i.bsp_btn_ble_sleep_mode_prepare)
    bsp_button_is_pressed                    0x00021065   Thumb Code     4  bsp.o(i.bsp_button_is_pressed)
    bsp_event_handler                        0x00021069   Thumb Code    64  main.o(i.bsp_event_handler)
    bsp_event_to_button_action_assign        0x000210ad   Thumb Code    64  bsp.o(i.bsp_event_to_button_action_assign)
    bsp_indication_set                       0x000210f1   Thumb Code    20  bsp.o(i.bsp_indication_set)
    bsp_init                                 0x00021109   Thumb Code   126  bsp.o(i.bsp_init)
    bsp_wakeup_button_enable                 0x00021355   Thumb Code    16  bsp.o(i.bsp_wakeup_button_enable)
    fputc                                    0x00021677   Thumb Code    14  retarget.o(i.fputc)
    fs_queued_op_count_get                   0x00021685   Thumb Code    16  fstorage.o(i.fs_queued_op_count_get)
    gatt_evt_handler                         0x00021699   Thumb Code    40  main.o(i.gatt_evt_handler)
    gatt_init                                0x000216ed   Thumb Code    38  main.o(i.gatt_init)
    intern_softdevice_events_execute         0x00021775   Thumb Code   114  softdevice_handler.o(i.intern_softdevice_events_execute)
    main                                     0x00021b25   Thumb Code   356  main.o(i.main)
    nrf_ble_gatt_att_mtu_periph_set          0x00021e1d   Thumb Code    24  nrf_ble_gatt.o(i.nrf_ble_gatt_att_mtu_periph_set)
    nrf_ble_gatt_init                        0x00021e35   Thumb Code    44  nrf_ble_gatt.o(i.nrf_ble_gatt_init)
    nrf_ble_gatt_on_ble_evt                  0x00021e61   Thumb Code   308  nrf_ble_gatt.o(i.nrf_ble_gatt_on_ble_evt)
    nrf_drv_clock_init                       0x00022165   Thumb Code    64  nrf_drv_clock.o(i.nrf_drv_clock_init)
    nrf_drv_clock_on_sd_enable               0x000221ad   Thumb Code    44  nrf_drv_clock.o(i.nrf_drv_clock_on_sd_enable)
    nrf_drv_clock_on_soc_event               0x000221dd   Thumb Code    10  nrf_drv_clock.o(i.nrf_drv_clock_on_soc_event)
    nrf_drv_common_irq_enable                0x000221e7   Thumb Code    56  nrf_drv_common.o(i.nrf_drv_common_irq_enable)
    nrf_drv_gpiote_in_event_enable           0x00022225   Thumb Code   156  nrf_drv_gpiote.o(i.nrf_drv_gpiote_in_event_enable)
    nrf_drv_gpiote_in_init                   0x000222c9   Thumb Code   172  nrf_drv_gpiote.o(i.nrf_drv_gpiote_in_init)
    nrf_drv_gpiote_in_is_set                 0x00022381   Thumb Code    20  nrf_drv_gpiote.o(i.nrf_drv_gpiote_in_is_set)
    nrf_drv_gpiote_init                      0x00022395   Thumb Code    84  nrf_drv_gpiote.o(i.nrf_drv_gpiote_init)
    nrf_drv_gpiote_is_init                   0x000223f1   Thumb Code    14  nrf_drv_gpiote.o(i.nrf_drv_gpiote_is_init)
    nrf_drv_twi_enable                       0x00022425   Thumb Code    28  nrf_drv_twi.o(i.nrf_drv_twi_enable)
    nrf_drv_twi_init                         0x00022445   Thumb Code   134  nrf_drv_twi.o(i.nrf_drv_twi_init)
    nrf_drv_twi_rx                           0x000224d1   Thumb Code    32  nrf_drv_twi.o(i.nrf_drv_twi_rx)
    nrf_drv_twi_tx                           0x000224f5   Thumb Code    36  nrf_drv_twi.o(i.nrf_drv_twi_tx)
    nrf_drv_twi_xfer                         0x00022519   Thumb Code    30  nrf_drv_twi.o(i.nrf_drv_twi_xfer)
    nrf_drv_uart_init                        0x0002253d   Thumb Code    98  nrf_drv_uart.o(i.nrf_drv_uart_init)
    nrf_drv_uart_rx                          0x000225a5   Thumb Code   170  nrf_drv_uart.o(i.nrf_drv_uart_rx)
    nrf_drv_uart_rx_enable                   0x00022655   Thumb Code    42  nrf_drv_uart.o(i.nrf_drv_uart_rx_enable)
    nrf_drv_uart_tx                          0x000227dd   Thumb Code   262  nrf_drv_uart.o(i.nrf_drv_uart_tx)
    nrf_drv_uart_tx_in_progress              0x000228e9   Thumb Code    18  nrf_drv_uart.o(i.nrf_drv_uart_tx_in_progress)
    nrf_log_backend_hexdump_handler_get      0x00022a49   Thumb Code     4  nrf_log_backend_serial.o(i.nrf_log_backend_hexdump_handler_get)
    nrf_log_backend_init                     0x00022a51   Thumb Code    30  nrf_log_backend_serial.o(i.nrf_log_backend_init)
    nrf_log_backend_std_handler_get          0x00022c99   Thumb Code     4  nrf_log_backend_serial.o(i.nrf_log_backend_std_handler_get)
    nrf_log_frontend_std_0                   0x00022cb9   Thumb Code     8  nrf_log_frontend.o(i.nrf_log_frontend_std_0)
    nrf_log_frontend_std_1                   0x00022cc1   Thumb Code    14  nrf_log_frontend.o(i.nrf_log_frontend_std_1)
    nrf_log_frontend_std_2                   0x00022ccf   Thumb Code    16  nrf_log_frontend.o(i.nrf_log_frontend_std_2)
    nrf_log_handlers_set                     0x00022ce1   Thumb Code     8  nrf_log_frontend.o(i.nrf_log_handlers_set)
    nrf_log_init                             0x00022ced   Thumb Code    34  nrf_log_frontend.o(i.nrf_log_init)
    softdevice_app_ram_start_get             0x000233dd   Thumb Code    14  softdevice_handler.o(i.softdevice_app_ram_start_get)
    softdevice_ble_evt_handler_set           0x000233f1   Thumb Code    14  softdevice_handler.o(i.softdevice_ble_evt_handler_set)
    softdevice_enable                        0x00023405   Thumb Code    70  softdevice_handler.o(i.softdevice_enable)
    softdevice_fault_handler                 0x000234f5   Thumb Code     4  softdevice_handler.o(i.softdevice_fault_handler)
    softdevice_handler_init                  0x000234f9   Thumb Code    92  softdevice_handler.o(i.softdevice_handler_init)
    softdevice_handler_is_enabled            0x0002355d   Thumb Code     6  softdevice_handler.o(i.softdevice_handler_is_enabled)
    twi_handler                              0x00023821   Thumb Code    36  main.o(i.twi_handler)
    twi_init                                 0x0002386d   Thumb Code    40  main.o(i.twi_init)
    uart_event_handle                        0x00023bf5   Thumb Code    92  main.o(i.uart_event_handle)
    __ctype_table                            0x0002413c   Data         129  ctype_o.o(.constdata)
    Region$$Table$$Base                      0x0002434c   Number         0  anon$$obj.o(Region$$Table)
    Region$$Table$$Limit                     0x0002436c   Number         0  anon$$obj.o(Region$$Table)
    Image$$RW_IRAM1$$Base                    0x200025f8   Number         0  anon$$obj.o ABSOLUTE
    __stdout                                 0x20002690   Data           4  retarget.o(.data)
    SystemCoreClock                          0x200026ac   Data           4  system_nrf52.o(.data)
    nrf_nvic_state                           0x20002db8   Data          12  app_util_platform.o(.bss)
    _SEGGER_RTT                              0x20003058   Data         120  segger_rtt.o(.bss)
    __initial_sp                             0x200050d0   Data           0  arm_startup_nrf52.o(STACK)



==============================================================================

Memory Map of the image

  Image Entry point : 0x0001f201

  Load Region LR_IROM1 (Base: 0x0001f000, Size: 0x00005424, Max: 0x00061000, ABSOLUTE)

    Execution Region ER_IROM1 (Exec base: 0x0001f000, Load base: 0x0001f000, Size: 0x0000536c, Max: 0x00061000, ABSOLUTE)

    Exec Addr    Load Addr    Size         Type   Attr      Idx    E Section Name        Object

    0x0001f000   0x0001f000   0x00000200   Data   RO         3267    RESET               arm_startup_nrf52.o
    0x0001f200   0x0001f200   0x00000000   Code   RO         3308  * .ARM.Collect$$$$00000000  mc_w.l(entry.o)
    0x0001f200   0x0001f200   0x00000004   Code   RO         3612    .ARM.Collect$$$$00000001  mc_w.l(entry2.o)
    0x0001f204   0x0001f204   0x00000004   Code   RO         3615    .ARM.Collect$$$$00000004  mc_w.l(entry5.o)
    0x0001f208   0x0001f208   0x00000000   Code   RO         3617    .ARM.Collect$$$$00000008  mc_w.l(entry7b.o)
    0x0001f208   0x0001f208   0x00000000   Code   RO         3619    .ARM.Collect$$$$0000000A  mc_w.l(entry8b.o)
    0x0001f208   0x0001f208   0x00000008   Code   RO         3620    .ARM.Collect$$$$0000000B  mc_w.l(entry9a.o)
    0x0001f210   0x0001f210   0x00000000   Code   RO         3622    .ARM.Collect$$$$0000000D  mc_w.l(entry10a.o)
    0x0001f210   0x0001f210   0x00000000   Code   RO         3624    .ARM.Collect$$$$0000000F  mc_w.l(entry11a.o)
    0x0001f210   0x0001f210   0x00000004   Code   RO         3613    .ARM.Collect$$$$00002712  mc_w.l(entry2.o)
    0x0001f214   0x0001f214   0x00000024   Code   RO         3268    .text               arm_startup_nrf52.o
    0x0001f238   0x0001f238   0x00000062   Code   RO         3311    .text               mc_w.l(uldiv.o)
    0x0001f29a   0x0001f29a   0x00000002   PAD
    0x0001f29c   0x0001f29c   0x00000008   Code   RO         3313    .text               mc_w.l(ctype_o.o)
    0x0001f2a4   0x0001f2a4   0x00000024   Code   RO         3341    .text               mc_w.l(memcpya.o)
    0x0001f2c8   0x0001f2c8   0x00000024   Code   RO         3343    .text               mc_w.l(memseta.o)
    0x0001f2ec   0x0001f2ec   0x0000000e   Code   RO         3345    .text               mc_w.l(strlen.o)
    0x0001f2fa   0x0001f2fa   0x00000012   Code   RO         3347    .text               mc_w.l(strcpy.o)
    0x0001f30c   0x0001f30c   0x0000001e   Code   RO         3628    .text               mc_w.l(llshl.o)
    0x0001f32a   0x0001f32a   0x00000020   Code   RO         3630    .text               mc_w.l(llushr.o)
    0x0001f34a   0x0001f34a   0x00000002   PAD
    0x0001f34c   0x0001f34c   0x00000024   Code   RO         3643    .text               mc_w.l(init.o)
    0x0001f370   0x0001f370   0x00000040   Code   RO            4    i.BME280_init       main.o
    0x0001f3b0   0x0001f3b0   0x00000174   Code   RO         1351    i.GPIOTE_IRQHandler  nrf_drv_gpiote.o
    0x0001f524   0x0001f524   0x00000016   Code   RO         2236    i.NVIC_ClearPendingIRQ  app_timer.o
    0x0001f53a   0x0001f53a   0x00000016   Code   RO         3126    i.NVIC_DisableIRQ   softdevice_handler.o
    0x0001f550   0x0001f550   0x00000016   Code   RO         2237    i.NVIC_EnableIRQ    app_timer.o
    0x0001f566   0x0001f566   0x00000016   Code   RO         3127    i.NVIC_EnableIRQ    softdevice_handler.o
    0x0001f57c   0x0001f57c   0x00000016   Code   RO         2238    i.NVIC_SetPendingIRQ  app_timer.o
    0x0001f592   0x0001f592   0x00000020   Code   RO         2239    i.NVIC_SetPriority  app_timer.o
    0x0001f5b2   0x0001f5b2   0x00000002   PAD
    0x0001f5b4   0x0001f5b4   0x00000058   Code   RO         1131    i.POWER_CLOCK_IRQHandler  nrf_drv_clock.o
    0x0001f60c   0x0001f60c   0x00000024   Code   RO         2240    i.RTC1_IRQHandler   app_timer.o
    0x0001f630   0x0001f630   0x00000014   Code   RO         2977    i.SEGGER_RTT_Init   segger_rtt.o
    0x0001f644   0x0001f644   0x0000005c   Code   RO         2986    i.SEGGER_RTT_WriteNoLock  segger_rtt.o
    0x0001f6a0   0x0001f6a0   0x00000010   Code   RO         1832    i.SPIM0_SPIS0_TWIM0_TWIS0_SPI0_TWI0_IRQHandler  nrf_drv_twi.o
    0x0001f6b0   0x0001f6b0   0x00000004   Code   RO         2241    i.SWI0_EGU0_IRQHandler  app_timer.o
    0x0001f6b4   0x0001f6b4   0x00000024   Code   RO         3128    i.SWI2_EGU2_IRQHandler  softdevice_handler.o
    0x0001f6d8   0x0001f6d8   0x0000031c   Code   RO         3276    i.SystemInit        system_nrf52.o
    0x0001f9f4   0x0001f9f4   0x0000001c   Code   RO         1594    i.UARTE0_UART0_IRQHandler  nrf_drv_uart.o
    0x0001fa10   0x0001fa10   0x00000068   Code   RO         2989    i._DoInit           segger_rtt.o
    0x0001fa78   0x0001fa78   0x00000016   Code   RO         2990    i._GetAvailWriteSpace  segger_rtt.o
    0x0001fa8e   0x0001fa8e   0x0000005a   Code   RO         2992    i._WriteBlocking    segger_rtt.o
    0x0001fae8   0x0001fae8   0x0000003e   Code   RO         2993    i._WriteNoCheck     segger_rtt.o
    0x0001fb26   0x0001fb26   0x00000002   PAD
    0x0001fb28   0x0001fb28   0x00000020   Code   RO         3558    i.__0printf$8       mc_w.l(printf8.o)
    0x0001fb48   0x0001fb48   0x00000030   Code   RO         3559    i.__0snprintf$8     mc_w.l(printf8.o)
    0x0001fb78   0x0001fb78   0x0000000e   Code   RO         3651    i.__scatterload_copy  mc_w.l(handlers.o)
    0x0001fb86   0x0001fb86   0x00000002   Code   RO         3652    i.__scatterload_null  mc_w.l(handlers.o)
    0x0001fb88   0x0001fb88   0x0000000e   Code   RO         3653    i.__scatterload_zeroinit  mc_w.l(handlers.o)
    0x0001fb96   0x0001fb96   0x00000002   PAD
    0x0001fb98   0x0001fb98   0x00000024   Code   RO         3129    i.__sd_nvic_app_accessible_irq  softdevice_handler.o
    0x0001fbbc   0x0001fbbc   0x00000410   Code   RO         3565    i._printf_core      mc_w.l(printf8.o)
    0x0001ffcc   0x0001ffcc   0x00000024   Code   RO         3566    i._printf_post_padding  mc_w.l(printf8.o)
    0x0001fff0   0x0001fff0   0x0000002e   Code   RO         3567    i._printf_pre_padding  mc_w.l(printf8.o)
    0x0002001e   0x0002001e   0x00000016   Code   RO         3568    i._snputc           mc_w.l(printf8.o)
    0x00020034   0x00020034   0x00000182   Code   RO          691    i.adv_data_encode   ble_advdata.o
    0x000201b6   0x000201b6   0x00000002   PAD
    0x000201b8   0x000201b8   0x00000058   Code   RO          768    i.adv_mode_next_avail_get  ble_advertising.o
    0x00020210   0x00020210   0x00000036   Code   RO          609    i.advertising_buttons_configure  bsp_btn_ble.o
    0x00020246   0x00020246   0x00000002   PAD
    0x00020248   0x00020248   0x0000006c   Code   RO            6    i.advertising_init  main.o
    0x000202b4   0x000202b4   0x00000006   Code   RO          489    i.alert_timer_handler  bsp.o
    0x000202ba   0x000202ba   0x00000002   PAD
    0x000202bc   0x000202bc   0x00000024   Code   RO         1980    i.app_button_enable  app_button.o
    0x000202e0   0x000202e0   0x00000070   Code   RO         1981    i.app_button_init   app_button.o
    0x00020350   0x00020350   0x00000060   Code   RO         2084    i.app_error_fault_handler  app_error_weak.o
    0x000203b0   0x000203b0   0x00000016   Code   RO         2042    i.app_error_handler_bare  app_error.o
    0x000203c6   0x000203c6   0x00000016   Code   RO         2113    i.app_fifo_get      app_fifo.o
    0x000203dc   0x000203dc   0x00000020   Code   RO         2114    i.app_fifo_init     app_fifo.o
    0x000203fc   0x000203fc   0x0000001a   Code   RO         2116    i.app_fifo_put      app_fifo.o
    0x00020416   0x00020416   0x00000002   PAD
    0x00020418   0x00020418   0x00000028   Code   RO         2244    i.app_timer_create  app_timer.o
    0x00020440   0x00020440   0x00000054   Code   RO         2245    i.app_timer_init    app_timer.o
    0x00020494   0x00020494   0x00000088   Code   RO         2248    i.app_timer_start   app_timer.o
    0x0002051c   0x0002051c   0x00000020   Code   RO         2249    i.app_timer_stop    app_timer.o
    0x0002053c   0x0002053c   0x00000034   Code   RO         2404    i.app_uart_get      app_uart_fifo.o
    0x00020570   0x00020570   0x000000b4   Code   RO         2405    i.app_uart_init     app_uart_fifo.o
    0x00020624   0x00020624   0x0000003c   Code   RO         2406    i.app_uart_put      app_uart_fifo.o
    0x00020660   0x00020660   0x00000048   Code   RO         2468    i.app_util_critical_region_enter  app_util_platform.o
    0x000206a8   0x000206a8   0x00000034   Code   RO         2469    i.app_util_critical_region_exit  app_util_platform.o
    0x000206dc   0x000206dc   0x000000b8   Code   RO         1595    i.apply_config      nrf_drv_uart.o
    0x00020794   0x00020794   0x00000068   Code   RO          692    i.ble_advdata_set   ble_advdata.o
    0x000207fc   0x000207fc   0x0000000c   Code   RO          769    i.ble_advertising_conn_cfg_tag_set  ble_advertising.o
    0x00020808   0x00020808   0x00000120   Code   RO          770    i.ble_advertising_init  ble_advertising.o
    0x00020928   0x00020928   0x0000005c   Code   RO          771    i.ble_advertising_on_ble_evt  ble_advertising.o
    0x00020984   0x00020984   0x0000003c   Code   RO          774    i.ble_advertising_restart_without_whitelist  ble_advertising.o
    0x000209c0   0x000209c0   0x00000104   Code   RO          775    i.ble_advertising_start  ble_advertising.o
    0x00020ac4   0x00020ac4   0x00000058   Code   RO          865    i.ble_conn_params_init  ble_conn_params.o
    0x00020b1c   0x00020b1c   0x00000084   Code   RO          866    i.ble_conn_params_on_ble_evt  ble_conn_params.o
    0x00020ba0   0x00020ba0   0x00000060   Code   RO          693    i.ble_device_addr_encode  ble_advdata.o
    0x00020c00   0x00020c00   0x00000034   Code   RO            8    i.ble_evt_dispatch  main.o
    0x00020c34   0x00020c34   0x00000064   Code   RO         1084    i.ble_nus_init      ble_nus.o
    0x00020c98   0x00020c98   0x0000005c   Code   RO         1085    i.ble_nus_on_ble_evt  ble_nus.o
    0x00020cf4   0x00020cf4   0x0000004e   Code   RO         1086    i.ble_nus_string_send  ble_nus.o
    0x00020d42   0x00020d42   0x00000008   Code   RO          935    i.ble_srv_is_notification_enabled  ble_srv_common.o
    0x00020d4a   0x00020d4a   0x00000002   PAD
    0x00020d4c   0x00020d4c   0x000000bc   Code   RO            9    i.ble_stack_init    main.o
    0x00020e08   0x00020e08   0x0000000c   Code   RO          373    i.bsp_board_button_idx_to_pin  boards.o
    0x00020e14   0x00020e14   0x00000020   Code   RO          374    i.bsp_board_button_state_get  boards.o
    0x00020e34   0x00020e34   0x00000024   Code   RO          377    i.bsp_board_led_invert  boards.o
    0x00020e58   0x00020e58   0x00000010   Code   RO          378    i.bsp_board_led_off  boards.o
    0x00020e68   0x00020e68   0x00000010   Code   RO          379    i.bsp_board_led_on  boards.o
    0x00020e78   0x00020e78   0x00000020   Code   RO          380    i.bsp_board_led_state_get  boards.o
    0x00020e98   0x00020e98   0x0000002c   Code   RO          381    i.bsp_board_leds_init  boards.o
    0x00020ec4   0x00020ec4   0x00000012   Code   RO          382    i.bsp_board_leds_off  boards.o
    0x00020ed6   0x00020ed6   0x00000012   Code   RO          383    i.bsp_board_leds_on  boards.o
    0x00020ee8   0x00020ee8   0x00000024   Code   RO          384    i.bsp_board_pin_to_button_idx  boards.o
    0x00020f0c   0x00020f0c   0x00000038   Code   RO          610    i.bsp_btn_ble_init  bsp_btn_ble.o
    0x00020f44   0x00020f44   0x00000070   Code   RO          611    i.bsp_btn_ble_on_ble_evt  bsp_btn_ble.o
    0x00020fb4   0x00020fb4   0x0000001e   Code   RO          612    i.bsp_btn_ble_sleep_mode_prepare  bsp_btn_ble.o
    0x00020fd2   0x00020fd2   0x00000002   PAD
    0x00020fd4   0x00020fd4   0x00000090   Code   RO          490    i.bsp_button_event_handler  bsp.o
    0x00021064   0x00021064   0x00000004   Code   RO          491    i.bsp_button_is_pressed  bsp.o
    0x00021068   0x00021068   0x00000044   Code   RO           10    i.bsp_event_handler  main.o
    0x000210ac   0x000210ac   0x00000044   Code   RO          494    i.bsp_event_to_button_action_assign  bsp.o
    0x000210f0   0x000210f0   0x00000018   Code   RO          495    i.bsp_indication_set  bsp.o
    0x00021108   0x00021108   0x00000094   Code   RO          496    i.bsp_init          bsp.o
    0x0002119c   0x0002119c   0x000001b8   Code   RO          497    i.bsp_led_indication  bsp.o
    0x00021354   0x00021354   0x00000010   Code   RO          499    i.bsp_wakeup_button_enable  bsp.o
    0x00021364   0x00021364   0x00000012   Code   RO         2760    i.buf_len_update    nrf_log_backend_serial.o
    0x00021376   0x00021376   0x00000008   Code   RO          500    i.button_timer_handler  bsp.o
    0x0002137e   0x0002137e   0x00000002   PAD
    0x00021380   0x00021380   0x0000001c   Code   RO         1352    i.channel_free      nrf_drv_gpiote.o
    0x0002139c   0x0002139c   0x00000048   Code   RO         1353    i.channel_port_alloc  nrf_drv_gpiote.o
    0x000213e4   0x000213e4   0x00000010   Code   RO         1354    i.channel_port_get  nrf_drv_gpiote.o
    0x000213f4   0x000213f4   0x00000028   Code   RO         1132    i.clock_clk_started_notify  nrf_drv_clock.o
    0x0002141c   0x0002141c   0x000000ac   Code   RO         2251    i.compare_reg_update  app_timer.o
    0x000214c8   0x000214c8   0x00000088   Code   RO          694    i.conn_int_encode   ble_advdata.o
    0x00021550   0x00021550   0x00000004   Code   RO           11    i.conn_params_error_handler  main.o
    0x00021554   0x00021554   0x0000005c   Code   RO          868    i.conn_params_negotiation  ble_conn_params.o
    0x000215b0   0x000215b0   0x00000060   Code   RO         1983    i.detection_delay_timeout_handler  app_button.o
    0x00021610   0x00021610   0x00000040   Code   RO         2252    i.elapsed_ticks_acquire  app_timer.o
    0x00021650   0x00021650   0x00000014   Code   RO         2119    i.fifo_get          app_fifo.o
    0x00021664   0x00021664   0x00000012   Code   RO         2120    i.fifo_put          app_fifo.o
    0x00021676   0x00021676   0x0000000e   Code   RO         2723    i.fputc             retarget.o
    0x00021684   0x00021684   0x00000014   Code   RO         2542    i.fs_queued_op_count_get  fstorage.o
    0x00021698   0x00021698   0x00000054   Code   RO           12    i.gatt_evt_handler  main.o
    0x000216ec   0x000216ec   0x00000030   Code   RO           13    i.gatt_init         main.o
    0x0002171c   0x0002171c   0x00000058   Code   RO         1984    i.gpiote_event_handler  app_button.o
    0x00021774   0x00021774   0x00000078   Code   RO         3130    i.intern_softdevice_events_execute  softdevice_handler.o
    0x000217ec   0x000217ec   0x00000078   Code   RO         1596    i.interrupts_enable  nrf_drv_uart.o
    0x00021864   0x00021864   0x0000014e   Code   RO         1833    i.irq_handler_twim  nrf_drv_twi.o
    0x000219b2   0x000219b2   0x00000002   PAD
    0x000219b4   0x000219b4   0x0000001c   Code   RO          869    i.is_conn_params_ok  ble_conn_params.o
    0x000219d0   0x000219d0   0x00000030   Code   RO          501    i.leds_off          bsp.o
    0x00021a00   0x00021a00   0x00000014   Code   RO          502    i.leds_timer_handler  bsp.o
    0x00021a14   0x00021a14   0x00000018   Code   RO          992    i.link_init         nrf_ble_gatt.o
    0x00021a2c   0x00021a2c   0x000000f8   Code   RO         2253    i.list_insertions_handler  app_timer.o
    0x00021b24   0x00021b24   0x000001e8   Code   RO           14    i.main              main.o
    0x00021d0c   0x00021d0c   0x00000064   Code   RO          695    i.manuf_specific_data_encode  ble_advdata.o
    0x00021d70   0x00021d70   0x0000009c   Code   RO          696    i.name_encode       ble_advdata.o
    0x00021e0c   0x00021e0c   0x00000010   Code   RO         1355    i.nrf_bitmask_bit_is_set  nrf_drv_gpiote.o
    0x00021e1c   0x00021e1c   0x00000018   Code   RO          994    i.nrf_ble_gatt_att_mtu_periph_set  nrf_ble_gatt.o
    0x00021e34   0x00021e34   0x0000002c   Code   RO          998    i.nrf_ble_gatt_init  nrf_ble_gatt.o
    0x00021e60   0x00021e60   0x00000140   Code   RO          999    i.nrf_ble_gatt_on_ble_evt  nrf_ble_gatt.o
    0x00021fa0   0x00021fa0   0x0000000e   Code   RO         1136    i.nrf_clock_event_check  nrf_drv_clock.o
    0x00021fae   0x00021fae   0x00000010   Code   RO         1137    i.nrf_clock_event_clear  nrf_drv_clock.o
    0x00021fbe   0x00021fbe   0x00000002   PAD
    0x00021fc0   0x00021fc0   0x0000008c   Code   RO           15    i.nrf_delay_us      main.o
    0x0002204c   0x0002204c   0x0000008c   Code   RO         1834    i.nrf_delay_us      nrf_drv_twi.o
    0x000220d8   0x000220d8   0x0000008c   Code   RO         2254    i.nrf_delay_us      app_timer.o
    0x00022164   0x00022164   0x00000048   Code   RO         1144    i.nrf_drv_clock_init  nrf_drv_clock.o
    0x000221ac   0x000221ac   0x00000030   Code   RO         1151    i.nrf_drv_clock_on_sd_enable  nrf_drv_clock.o
    0x000221dc   0x000221dc   0x0000000a   Code   RO         1152    i.nrf_drv_clock_on_soc_event  nrf_drv_clock.o
    0x000221e6   0x000221e6   0x00000038   Code   RO         1305    i.nrf_drv_common_irq_enable  nrf_drv_common.o
    0x0002221e   0x0002221e   0x00000006   Code   RO         1598    i.nrf_drv_get_IRQn  nrf_drv_uart.o
    0x00022224   0x00022224   0x000000a4   Code   RO         1360    i.nrf_drv_gpiote_in_event_enable  nrf_drv_gpiote.o
    0x000222c8   0x000222c8   0x000000b8   Code   RO         1361    i.nrf_drv_gpiote_in_init  nrf_drv_gpiote.o
    0x00022380   0x00022380   0x00000014   Code   RO         1362    i.nrf_drv_gpiote_in_is_set  nrf_drv_gpiote.o
    0x00022394   0x00022394   0x0000005c   Code   RO         1364    i.nrf_drv_gpiote_init  nrf_drv_gpiote.o
    0x000223f0   0x000223f0   0x00000014   Code   RO         1365    i.nrf_drv_gpiote_is_init  nrf_drv_gpiote.o
    0x00022404   0x00022404   0x00000010   Code   RO         1599    i.nrf_drv_is_in_RAM  nrf_drv_uart.o
    0x00022414   0x00022414   0x00000010   Code   RO         1835    i.nrf_drv_is_in_RAM  nrf_drv_twi.o
    0x00022424   0x00022424   0x00000020   Code   RO         1838    i.nrf_drv_twi_enable  nrf_drv_twi.o
    0x00022444   0x00022444   0x0000008c   Code   RO         1839    i.nrf_drv_twi_init  nrf_drv_twi.o
    0x000224d0   0x000224d0   0x00000024   Code   RO         1841    i.nrf_drv_twi_rx    nrf_drv_twi.o
    0x000224f4   0x000224f4   0x00000024   Code   RO         1844    i.nrf_drv_twi_tx    nrf_drv_twi.o
    0x00022518   0x00022518   0x00000024   Code   RO         1846    i.nrf_drv_twi_xfer  nrf_drv_twi.o
    0x0002253c   0x0002253c   0x00000068   Code   RO         1601    i.nrf_drv_uart_init  nrf_drv_uart.o
    0x000225a4   0x000225a4   0x000000b0   Code   RO         1602    i.nrf_drv_uart_rx   nrf_drv_uart.o
    0x00022654   0x00022654   0x00000030   Code   RO         1605    i.nrf_drv_uart_rx_enable  nrf_drv_uart.o
    0x00022684   0x00022684   0x000000a8   Code   RO         1606    i.nrf_drv_uart_rx_for_uart  nrf_drv_uart.o
    0x0002272c   0x0002272c   0x000000b0   Code   RO         1607    i.nrf_drv_uart_rx_for_uarte  nrf_drv_uart.o
    0x000227dc   0x000227dc   0x0000010c   Code   RO         1609    i.nrf_drv_uart_tx   nrf_drv_uart.o
    0x000228e8   0x000228e8   0x00000018   Code   RO         1611    i.nrf_drv_uart_tx_in_progress  nrf_drv_uart.o
    0x00022900   0x00022900   0x00000024   Code   RO          386    i.nrf_gpio_cfg      boards.o
    0x00022924   0x00022924   0x00000024   Code   RO         1379    i.nrf_gpio_cfg      nrf_drv_gpiote.o
    0x00022948   0x00022948   0x00000024   Code   RO         1613    i.nrf_gpio_cfg      nrf_drv_uart.o
    0x0002296c   0x0002296c   0x00000012   Code   RO         1615    i.nrf_gpio_cfg_input  nrf_drv_uart.o
    0x0002297e   0x0002297e   0x00000014   Code   RO         1616    i.nrf_gpio_cfg_output  nrf_drv_uart.o
    0x00022992   0x00022992   0x00000022   Code   RO          503    i.nrf_gpio_cfg_sense_set  bsp.o
    0x000229b4   0x000229b4   0x00000022   Code   RO         1381    i.nrf_gpio_cfg_sense_set  nrf_drv_gpiote.o
    0x000229d6   0x000229d6   0x0000000e   Code   RO         1847    i.nrf_gpio_pin_set  nrf_drv_twi.o
    0x000229e4   0x000229e4   0x00000016   Code   RO          387    i.nrf_gpio_pin_write  boards.o
    0x000229fa   0x000229fa   0x00000002   PAD
    0x000229fc   0x000229fc   0x00000028   Code   RO         1382    i.nrf_gpio_ports_read  nrf_drv_gpiote.o
    0x00022a24   0x00022a24   0x00000014   Code   RO         1383    i.nrf_gpiote_event_clear  nrf_drv_gpiote.o
    0x00022a38   0x00022a38   0x00000010   Code   RO         1384    i.nrf_gpiote_event_is_set  nrf_drv_gpiote.o
    0x00022a48   0x00022a48   0x00000008   Code   RO         2762    i.nrf_log_backend_hexdump_handler_get  nrf_log_backend_serial.o
    0x00022a50   0x00022a50   0x00000024   Code   RO         2763    i.nrf_log_backend_init  nrf_log_backend_serial.o
    0x00022a74   0x00022a74   0x0000011c   Code   RO         2764    i.nrf_log_backend_serial_hexdump_handler  nrf_log_backend_serial.o
    0x00022b90   0x00022b90   0x00000108   Code   RO         2765    i.nrf_log_backend_serial_std_handler  nrf_log_backend_serial.o
    0x00022c98   0x00022c98   0x00000008   Code   RO         2766    i.nrf_log_backend_std_handler_get  nrf_log_backend_serial.o
    0x00022ca0   0x00022ca0   0x00000018   Code   RO         2852    i.nrf_log_direct_feed  nrf_log_frontend.o
    0x00022cb8   0x00022cb8   0x00000008   Code   RO         2856    i.nrf_log_frontend_std_0  nrf_log_frontend.o
    0x00022cc0   0x00022cc0   0x0000000e   Code   RO         2857    i.nrf_log_frontend_std_1  nrf_log_frontend.o
    0x00022cce   0x00022cce   0x00000010   Code   RO         2858    i.nrf_log_frontend_std_2  nrf_log_frontend.o
    0x00022cde   0x00022cde   0x00000002   PAD
    0x00022ce0   0x00022ce0   0x0000000c   Code   RO         2864    i.nrf_log_handlers_set  nrf_log_frontend.o
    0x00022cec   0x00022cec   0x00000022   Code   RO         2865    i.nrf_log_init      nrf_log_frontend.o
    0x00022d0e   0x00022d0e   0x0000000a   Code   RO         1848    i.nrf_twim_event_check  nrf_drv_twi.o
    0x00022d18   0x00022d18   0x0000000c   Code   RO         1849    i.nrf_twim_event_clear  nrf_drv_twi.o
    0x00022d24   0x00022d24   0x0000000a   Code   RO         1617    i.nrf_uart_event_check  nrf_drv_uart.o
    0x00022d2e   0x00022d2e   0x0000000c   Code   RO         1618    i.nrf_uart_event_clear  nrf_drv_uart.o
    0x00022d3a   0x00022d3a   0x0000000c   Code   RO         1619    i.nrf_uart_int_enable_check  nrf_drv_uart.o
    0x00022d46   0x00022d46   0x0000000a   Code   RO         1620    i.nrf_uarte_event_check  nrf_drv_uart.o
    0x00022d50   0x00022d50   0x0000000c   Code   RO         1621    i.nrf_uarte_event_clear  nrf_drv_uart.o
    0x00022d5c   0x00022d5c   0x00000080   Code   RO           16    i.nus_data_handler  main.o
    0x00022ddc   0x00022ddc   0x00000024   Code   RO           17    i.on_adv_evt        main.o
    0x00022e00   0x00022e00   0x00000130   Code   RO           18    i.on_ble_evt        main.o
    0x00022f30   0x00022f30   0x0000001c   Code   RO           19    i.on_conn_params_evt  main.o
    0x00022f4c   0x00022f4c   0x00000084   Code   RO         1000    i.on_connected_evt  nrf_ble_gatt.o
    0x00022fd0   0x00022fd0   0x00000068   Code   RO         1001    i.on_exchange_mtu_request_evt  nrf_ble_gatt.o
    0x00023038   0x00023038   0x00000018   Code   RO         1385    i.pin_in_use_by_port  nrf_drv_gpiote.o
    0x00023050   0x00023050   0x00000018   Code   RO         1386    i.pin_in_use_by_te  nrf_drv_gpiote.o
    0x00023068   0x00023068   0x00000050   Code   RO           20    i.read_sensor_data  main.o
    0x000230b8   0x000230b8   0x0000003c   Code   RO         2255    i.rtc1_stop         app_timer.o
    0x000230f4   0x000230f4   0x00000032   Code   RO         1623    i.rx_byte           nrf_drv_uart.o
    0x00023126   0x00023126   0x000000a2   Code   RO         1087    i.rx_char_add       ble_nus.o
    0x000231c8   0x000231c8   0x00000018   Code   RO         1624    i.rx_done_event     nrf_drv_uart.o
    0x000231e0   0x000231e0   0x00000020   Code   RO         1625    i.rx_enable         nrf_drv_uart.o
    0x00023200   0x00023200   0x00000070   Code   RO         3131    i.sd_nvic_EnableIRQ  softdevice_handler.o
    0x00023270   0x00023270   0x0000002e   Code   RO         2767    i.serial_tx         nrf_log_backend_serial.o
    0x0002329e   0x0002329e   0x00000002   PAD
    0x000232a0   0x000232a0   0x00000088   Code   RO          697    i.service_data_encode  ble_advdata.o
    0x00023328   0x00023328   0x00000048   Code   RO          777    i.set_adv_mode_fast  ble_advertising.o
    0x00023370   0x00023370   0x00000044   Code   RO          778    i.set_adv_mode_slow  ble_advertising.o
    0x000233b4   0x000233b4   0x00000028   Code   RO           21    i.sleep_mode_enter  main.o
    0x000233dc   0x000233dc   0x00000014   Code   RO         3132    i.softdevice_app_ram_start_get  softdevice_handler.o
    0x000233f0   0x000233f0   0x00000014   Code   RO         3133    i.softdevice_ble_evt_handler_set  softdevice_handler.o
    0x00023404   0x00023404   0x000000f0   Code   RO         3134    i.softdevice_enable  softdevice_handler.o
    0x000234f4   0x000234f4   0x00000004   Code   RO         3135    i.softdevice_fault_handler  softdevice_handler.o
    0x000234f8   0x000234f8   0x00000064   Code   RO         3136    i.softdevice_handler_init  softdevice_handler.o
    0x0002355c   0x0002355c   0x0000000c   Code   RO         3137    i.softdevice_handler_is_enabled  softdevice_handler.o
    0x00023568   0x00023568   0x00000080   Code   RO         2256    i.timer_list_handler  app_timer.o
    0x000235e8   0x000235e8   0x0000003c   Code   RO         2257    i.timer_list_insert  app_timer.o
    0x00023624   0x00023624   0x00000060   Code   RO         2258    i.timer_list_remove  app_timer.o
    0x00023684   0x00023684   0x00000048   Code   RO         2259    i.timer_stop_op_schedule  app_timer.o
    0x000236cc   0x000236cc   0x00000074   Code   RO         2260    i.timer_timeouts_check  app_timer.o
    0x00023740   0x00023740   0x00000034   Code   RO         2768    i.timestamp_process  nrf_log_backend_serial.o
    0x00023774   0x00023774   0x000000aa   Code   RO         1850    i.twi_clear_bus     nrf_drv_twi.o
    0x0002381e   0x0002381e   0x00000002   PAD
    0x00023820   0x00023820   0x0000004c   Code   RO           22    i.twi_handler       main.o
    0x0002386c   0x0002386c   0x00000030   Code   RO           23    i.twi_init          main.o
    0x0002389c   0x0002389c   0x00000240   Code   RO         1851    i.twim_xfer         nrf_drv_twi.o
    0x00023adc   0x00023adc   0x00000020   Code   RO         1626    i.tx_byte           nrf_drv_uart.o
    0x00023afc   0x00023afc   0x000000da   Code   RO         1088    i.tx_char_add       ble_nus.o
    0x00023bd6   0x00023bd6   0x0000001c   Code   RO         1627    i.tx_done_event     nrf_drv_uart.o
    0x00023bf2   0x00023bf2   0x00000002   PAD
    0x00023bf4   0x00023bf4   0x00000064   Code   RO           24    i.uart_event_handle  main.o
    0x00023c58   0x00023c58   0x000000a0   Code   RO         2407    i.uart_event_handler  app_uart_fifo.o
    0x00023cf8   0x00023cf8   0x0000011e   Code   RO         1628    i.uart_irq_handler  nrf_drv_uart.o
    0x00023e16   0x00023e16   0x000000f0   Code   RO         1629    i.uarte_irq_handler  nrf_drv_uart.o
    0x00023f06   0x00023f06   0x0000000a   Code   RO          698    i.uint16_encode     ble_advdata.o
    0x00023f10   0x00023f10   0x00000060   Code   RO          870    i.update_timeout_handler  ble_conn_params.o
    0x00023f70   0x00023f70   0x00000030   Code   RO         2261    i.user_op_alloc     app_timer.o
    0x00023fa0   0x00023fa0   0x00000030   Code   RO          699    i.uuid_list_encode  ble_advdata.o
    0x00023fd0   0x00023fd0   0x0000009e   Code   RO          700    i.uuid_list_sized_encode  ble_advdata.o
    0x0002406e   0x0002406e   0x00000002   PAD
    0x00024070   0x00024070   0x00000034   Data   RO           27    .constdata          main.o
    0x000240a4   0x000240a4   0x00000008   Data   RO          388    .constdata          boards.o
    0x000240ac   0x000240ac   0x0000002c   Data   RO          508    .constdata          bsp.o
    0x000240d8   0x000240d8   0x00000004   Data   RO          873    .constdata          ble_conn_params.o
    0x000240dc   0x000240dc   0x00000016   Data   RO         1002    .constdata          nrf_ble_gatt.o
    0x000240f2   0x000240f2   0x00000002   PAD
    0x000240f4   0x000240f4   0x00000010   Data   RO         1089    .constdata          ble_nus.o
    0x00024104   0x00024104   0x00000004   Data   RO         1388    .constdata          nrf_drv_gpiote.o
    0x00024108   0x00024108   0x0000000c   Data   RO         1856    .constdata          nrf_drv_twi.o
    0x00024114   0x00024114   0x00000008   Data   RO         1986    .constdata          app_button.o
    0x0002411c   0x0002411c   0x00000020   Data   RO         2409    .constdata          app_uart_fifo.o
    0x0002413c   0x0002413c   0x00000081   Data   RO         3314    .constdata          mc_w.l(ctype_o.o)
    0x000241bd   0x000241bd   0x00000003   PAD
    0x000241c0   0x000241c0   0x00000004   Data   RO         3315    .constdata          mc_w.l(ctype_o.o)
    0x000241c4   0x000241c4   0x00000186   Data   RO         1003    .conststring        nrf_ble_gatt.o
    0x0002434a   0x0002434a   0x00000002   PAD
    0x0002434c   0x0002434c   0x00000020   Data   RO         3649    Region$$Table       anon$$obj.o


    Execution Region RW_IRAM1 (Exec base: 0x200025f8, Load base: 0x0002436c, Size: 0x00002ad8, Max: 0x0000da08, ABSOLUTE)

    Exec Addr    Load Addr    Size         Type   Attr      Idx    E Section Name        Object

    0x200025f8   0x0002436c   0x00000012   Data   RW           28    .data               main.o
    0x2000260a   0x0002437e   0x00000002   PAD
    0x2000260c   0x00024380   0x00000010   Data   RW          509    .data               bsp.o
    0x2000261c   0x00024390   0x00000008   Data   RW          613    .data               bsp_btn_ble.o
    0x20002624   0x00024398   0x0000001f   Data   RW          780    .data               ble_advertising.o
    0x20002643   0x000243b7   0x00000001   PAD
    0x20002644   0x000243b8   0x00000014   Data   RW          874    .data               ble_conn_params.o
    0x20002658   0x000243cc   0x00000014   Data   RW         1987    .data               app_button.o
    0x2000266c   0x000243e0   0x00000014   Data   RW         2263    .data               app_timer.o
    0x20002680   0x000243f4   0x00000010   Data   RW         2410    .data               app_uart_fifo.o
    0x20002690   0x00024404   0x00000004   Data   RW         2724    .data               retarget.o
    0x20002694   0x00024408   0x00000002   Data   RW         2770    .data               nrf_log_backend_serial.o
    0x20002696   0x0002440a   0x00000002   PAD
    0x20002698   0x0002440c   0x00000014   Data   RW         3143    .data               softdevice_handler.o
    0x200026ac   0x00024420   0x00000004   Data   RW         3277    .data               system_nrf52.o
    0x200026b0        -       0x000003ac   Zero   RW           25    .bss                main.o
    0x20002a5c        -       0x00000020   Zero   RW          504    .bss                bsp.o
    0x20002a7c        -       0x00000020   Zero   RW          505    .bss                bsp.o
    0x20002a9c        -       0x0000000c   Zero   RW          506    .bss                bsp.o
    0x20002aa8        -       0x00000020   Zero   RW          507    .bss                bsp.o
    0x20002ac8        -       0x000000b3   Zero   RW          779    .bss                ble_advertising.o
    0x20002b7b   0x00024424   0x00000001   PAD
    0x20002b7c        -       0x00000020   Zero   RW          871    .bss                ble_conn_params.o
    0x20002b9c        -       0x0000001c   Zero   RW          872    .bss                ble_conn_params.o
    0x20002bb8        -       0x00000014   Zero   RW         1154    .bss                nrf_drv_clock.o
    0x20002bcc        -       0x00000058   Zero   RW         1387    .bss                nrf_drv_gpiote.o
    0x20002c24        -       0x00000020   Zero   RW         1630    .bss                nrf_drv_uart.o
    0x20002c44        -       0x00000028   Zero   RW         1852    .bss                nrf_drv_twi.o
    0x20002c6c        -       0x00000020   Zero   RW         1985    .bss                app_button.o
    0x20002c8c        -       0x0000010c   Zero   RW         2262    .bss                app_timer.o
    0x20002d98        -       0x00000020   Zero   RW         2408    .bss                app_uart_fifo.o
    0x20002db8        -       0x0000000c   Zero   RW         2474    .bss                app_util_platform.o
    0x20002dc4        -       0x00000068   Zero   RW         2551    .bss                fstorage.o
    0x20002e2c        -       0x0000001c   Zero   RW         2867    .bss                nrf_log_frontend.o
    0x20002e48        -       0x00000288   Zero   RW         2994    .bss                segger_rtt.o
    0x200030d0        -       0x00002000   Zero   RW         3265    STACK               arm_startup_nrf52.o


==============================================================================

Image component sizes


      Code (inc. data)   RO Data    RW Data    ZI Data      Debug   Object Name

       332         34          8         20         32      10242   app_button.o
        22          0          0          0          0       2277   app_error.o
        96         54          0          0          0      27437   app_error_weak.o
       118          0          0          0          0       5054   app_fifo.o
         0          0          0          0          0      20792   app_scheduler.o
      1634        122          0         20        268      48075   app_timer.o
       452         42         32         16         32      10934   app_uart_fifo.o
       124         14          0          0         12       9602   app_util_platform.o
        36          8        512          0       8192        932   arm_startup_nrf52.o
      1330          0          0          0          0      35732   ble_advdata.o
       940         66          0         31        179      11403   ble_advertising.o
       436         54          4         20         60       5896   ble_conn_params.o
       650          6         16          0          0       6014   ble_nus.o
         8          0          0          0          0       1470   ble_srv_common.o
       318         42          8          0          0      13488   boards.o
       960         84         44         16        108      15607   bsp.o
       252         10          0          8          0       5005   bsp_btn_ble.o
        20          4          0          0        104       3832   fstorage.o
      2084        418         52         18        940     150705   main.o
       648         32        412          0          0      32176   nrf_ble_gatt.o
       288         22          0          0         20      12916   nrf_drv_clock.o
        56          0          0          0          0      27623   nrf_drv_common.o
      1178         84          4          0         88      30604   nrf_drv_gpiote.o
      1568         42         12          0         40      28600   nrf_drv_twi.o
      2140         66          0          0         32      42717   nrf_drv_uart.o
       716         30          0          2          0       9919   nrf_log_backend_serial.o
       108          8          0          0         28       7667   nrf_log_frontend.o
        14          0          0          4          0       2890   retarget.o
       390         40          0          0        648       8653   segger_rtt.o
       744        216          0         20          0      43035   softdevice_handler.o
       796         70          0          4          0       3091   system_nrf52.o

    ----------------------------------------------------------------------
     18492       1568       1140        184      10784     634388   Object Totals
         0          0         32          0          0          0   (incl. Generated)
        34          0          4          5          1          0   (incl. Padding)

    ----------------------------------------------------------------------

      Code (inc. data)   RO Data    RW Data    ZI Data      Debug   Library Member Name

         8          4        133          0          0         68   ctype_o.o
         0          0          0          0          0          0   entry.o
         0          0          0          0          0          0   entry10a.o
         0          0          0          0          0          0   entry11a.o
         8          4          0          0          0          0   entry2.o
         4          0          0          0          0          0   entry5.o
         0          0          0          0          0          0   entry7b.o
         0          0          0          0          0          0   entry8b.o
         8          4          0          0          0          0   entry9a.o
        30          0          0          0          0          0   handlers.o
        36          8          0          0          0         68   init.o
        30          0          0          0          0         68   llshl.o
        32          0          0          0          0         68   llushr.o
        36          0          0          0          0         68   memcpya.o
        36          0          0          0          0        108   memseta.o
      1224         58          0          0          0        504   printf8.o
        18          0          0          0          0         68   strcpy.o
        14          0          0          0          0         68   strlen.o
        98          0          0          0          0         92   uldiv.o

    ----------------------------------------------------------------------
      1588         78        136          0          0       1180   Library Totals
         6          0          3          0          0          0   (incl. Padding)

    ----------------------------------------------------------------------

      Code (inc. data)   RO Data    RW Data    ZI Data      Debug   Library Name

      1582         78        133          0          0       1180   mc_w.l

    ----------------------------------------------------------------------
      1588         78        136          0          0       1180   Library Totals

    ----------------------------------------------------------------------

==============================================================================


      Code (inc. data)   RO Data    RW Data    ZI Data      Debug   

     20080       1646       1276        184      10784     613652   Grand Totals
     20080       1646       1276        184      10784     613652   ELF Image Totals
     20080       1646       1276        184          0          0   ROM Totals

==============================================================================

    Total RO  Size (Code + RO Data)                21356 (  20.86kB)
    Total RW  Size (RW Data + ZI Data)             10968 (  10.71kB)
    Total ROM Size (Code + RO Data + RW Data)      21540 (  21.04kB)

==============================================================================

