Component: ARM Compiler 5.06 update 6 (build 750) Tool: armlink [4d35ed]

==============================================================================

Section Cross References

    main.o(i.BME280_init) refers to nrf_drv_twi.o(i.nrf_drv_twi_rx) for nrf_drv_twi_rx
    main.o(i.BME280_init) refers to nrf_drv_twi.o(i.nrf_drv_twi_tx) for nrf_drv_twi_tx
    main.o(i.BME280_init) refers to app_error.o(i.app_error_handler_bare) for app_error_handler_bare
    main.o(i.BME280_init) refers to main.o(.constdata) for .constdata
    main.o(i.BME280_init) refers to main.o(.data) for .data
    main.o(i.BME280_params_read) refers to main.o(i.read_sensor_data) for read_sensor_data
    main.o(i.BME280_params_read) refers to ble_nus.o(i.ble_nus_string_send) for ble_nus_string_send
    main.o(i.BME280_params_read) refers to main.o(.data) for .data
    main.o(i.BME280_params_read) refers to main.o(.bss) for .bss
    main.o(i.TWI_scan) refers to nrf_drv_twi.o(i.nrf_drv_twi_rx) for nrf_drv_twi_rx
    main.o(i.TWI_scan) refers to printf8.o(i.__0printf$8) for __2printf
    main.o(i.TWI_scan) refers to main.o(.constdata) for .constdata
    main.o(i.advertising_init) refers to memseta.o(.text) for __aeabi_memclr4
    main.o(i.advertising_init) refers to ble_advertising.o(i.ble_advertising_init) for ble_advertising_init
    main.o(i.advertising_init) refers to app_error.o(i.app_error_handler_bare) for app_error_handler_bare
    main.o(i.advertising_init) refers to ble_advertising.o(i.ble_advertising_conn_cfg_tag_set) for ble_advertising_conn_cfg_tag_set
    main.o(i.advertising_init) refers to main.o(.data) for .data
    main.o(i.advertising_init) refers to main.o(i.on_adv_evt) for on_adv_evt
    main.o(i.app_error_fault_handler) refers to printf8.o(i.__0printf$8) for __2printf
    main.o(i.app_error_fault_handler) refers to main.o(.data) for .data
    main.o(i.assert_nrf_callback) refers to app_error.o(i.app_error_handler) for app_error_handler
    main.o(i.ble_evt_dispatch) refers to ble_conn_params.o(i.ble_conn_params_on_ble_evt) for ble_conn_params_on_ble_evt
    main.o(i.ble_evt_dispatch) refers to nrf_ble_gatt.o(i.nrf_ble_gatt_on_ble_evt) for nrf_ble_gatt_on_ble_evt
    main.o(i.ble_evt_dispatch) refers to ble_nus.o(i.ble_nus_on_ble_evt) for ble_nus_on_ble_evt
    main.o(i.ble_evt_dispatch) refers to main.o(i.on_ble_evt) for on_ble_evt
    main.o(i.ble_evt_dispatch) refers to ble_advertising.o(i.ble_advertising_on_ble_evt) for ble_advertising_on_ble_evt
    main.o(i.ble_evt_dispatch) refers to bsp_btn_ble.o(i.bsp_btn_ble_on_ble_evt) for bsp_btn_ble_on_ble_evt
    main.o(i.ble_evt_dispatch) refers to main.o(.bss) for .bss
    main.o(i.ble_stack_init) refers to softdevice_handler.o(i.softdevice_handler_init) for softdevice_handler_init
    main.o(i.ble_stack_init) refers to app_error.o(i.app_error_handler_bare) for app_error_handler_bare
    main.o(i.ble_stack_init) refers to softdevice_handler.o(i.softdevice_app_ram_start_get) for softdevice_app_ram_start_get
    main.o(i.ble_stack_init) refers to softdevice_handler.o(i.softdevice_enable) for softdevice_enable
    main.o(i.ble_stack_init) refers to softdevice_handler.o(i.softdevice_ble_evt_handler_set) for softdevice_ble_evt_handler_set
    main.o(i.ble_stack_init) refers to main.o(.constdata) for .constdata
    main.o(i.ble_stack_init) refers to main.o(.bss) for .bss
    main.o(i.ble_stack_init) refers to main.o(i.ble_evt_dispatch) for ble_evt_dispatch
    main.o(i.bme280_trim_read) refers to ble_nus.o(i.ble_nus_string_send) for ble_nus_string_send
    main.o(i.bme280_trim_read) refers to main.o(i.BME280_params_read) for BME280_params_read
    main.o(i.bme280_trim_read) refers to main.o(.bss) for .bss
    main.o(i.bme280_trim_read) refers to main.o(.data) for .data
    main.o(i.bsp_event_handler) refers to main.o(i.sleep_mode_enter) for sleep_mode_enter
    main.o(i.bsp_event_handler) refers to app_error.o(i.app_error_handler_bare) for app_error_handler_bare
    main.o(i.bsp_event_handler) refers to ble_advertising.o(i.ble_advertising_restart_without_whitelist) for ble_advertising_restart_without_whitelist
    main.o(i.bsp_event_handler) refers to main.o(.data) for .data
    main.o(i.conn_params_error_handler) refers to app_error.o(i.app_error_handler_bare) for app_error_handler_bare
    main.o(i.gatt_evt_handler) refers to main.o(.data) for .data
    main.o(i.gatt_init) refers to nrf_ble_gatt.o(i.nrf_ble_gatt_init) for nrf_ble_gatt_init
    main.o(i.gatt_init) refers to app_error.o(i.app_error_handler_bare) for app_error_handler_bare
    main.o(i.gatt_init) refers to nrf_ble_gatt.o(i.nrf_ble_gatt_att_mtu_periph_set) for nrf_ble_gatt_att_mtu_periph_set
    main.o(i.gatt_init) refers to main.o(i.gatt_evt_handler) for gatt_evt_handler
    main.o(i.gatt_init) refers to main.o(.bss) for .bss
    main.o(i.main) refers to memcpya.o(.text) for __aeabi_memcpy4
    main.o(i.main) refers to app_uart_fifo.o(i.app_uart_init) for app_uart_init
[...]
    i.app_uart_init                          0x0002037c   Section        0  app_uart_fifo.o(i.app_uart_init)
    i.app_uart_put                           0x00020430   Section        0  app_uart_fifo.o(i.app_uart_put)
    i.app_util_critical_region_enter         0x0002046c   Section        0  app_util_platform.o(i.app_util_critical_region_enter)
    i.app_util_critical_region_exit          0x000204b4   Section        0  app_util_platform.o(i.app_util_critical_region_exit)
    i.apply_config                           0x000204e8   Section        0  nrf_drv_uart.o(i.apply_config)
    apply_config                             0x000204e9   Thumb Code   180  nrf_drv_uart.o(i.apply_config)
    i.ble_advdata_set                        0x000205a0   Section        0  ble_advdata.o(i.ble_advdata_set)
    i.ble_advertising_conn_cfg_tag_set       0x00020608   Section        0  ble_advertising.o(i.ble_advertising_conn_cfg_tag_set)
    i.ble_advertising_init                   0x00020614   Section        0  ble_advertising.o(i.ble_advertising_init)
    i.ble_advertising_on_ble_evt             0x00020734   Section        0  ble_advertising.o(i.ble_advertising_on_ble_evt)
    i.ble_advertising_start                  0x00020790   Section        0  ble_advertising.o(i.ble_advertising_start)
    i.ble_conn_params_init                   0x00020894   Section        0  ble_conn_params.o(i.ble_conn_params_init)
    i.ble_conn_params_on_ble_evt             0x000208ec   Section        0  ble_conn_params.o(i.ble_conn_params_on_ble_evt)
    i.ble_device_addr_encode                 0x00020970   Section        0  ble_advdata.o(i.ble_device_addr_encode)
    ble_device_addr_encode                   0x00020971   Thumb Code    96  ble_advdata.o(i.ble_device_addr_encode)
    i.ble_evt_dispatch                       0x000209d0   Section        0  main.o(i.ble_evt_dispatch)
    ble_evt_dispatch                         0x000209d1   Thumb Code    48  main.o(i.ble_evt_dispatch)
    i.ble_nus_init                           0x00020a04   Section        0  ble_nus.o(i.ble_nus_init)
    i.ble_nus_on_ble_evt                     0x00020a68   Section        0  ble_nus.o(i.ble_nus_on_ble_evt)
    i.ble_nus_string_send                    0x00020ac4   Section        0  ble_nus.o(i.ble_nus_string_send)
    i.ble_srv_is_notification_enabled        0x00020b12   Section        0  ble_srv_common.o(i.ble_srv_is_notification_enabled)
    i.ble_stack_init                         0x00020b1c   Section        0  main.o(i.ble_stack_init)
    ble_stack_init                           0x00020b1d   Thumb Code   174  main.o(i.ble_stack_init)
    i.bme280_trim_read                       0x00020bd8   Section        0  main.o(i.bme280_trim_read)
    i.bsp_board_button_idx_to_pin            0x00020c24   Section        0  boards.o(i.bsp_board_button_idx_to_pin)
    i.bsp_board_led_invert                   0x00020c30   Section        0  boards.o(i.bsp_board_led_invert)
    i.bsp_board_led_off                      0x00020c54   Section        0  boards.o(i.bsp_board_led_off)
    i.bsp_board_led_on                       0x00020c64   Section        0  boards.o(i.bsp_board_led_on)
    i.bsp_board_led_state_get                0x00020c74   Section        0  boards.o(i.bsp_board_led_state_get)
    i.bsp_board_leds_off                     0x00020c94   Section        0  boards.o(i.bsp_board_leds_off)
    i.bsp_board_leds_on                      0x00020ca6   Section        0  boards.o(i.bsp_board_leds_on)
    i.bsp_board_pin_to_button_idx            0x00020cb8   Section        0  boards.o(i.bsp_board_pin_to_button_idx)
    i.bsp_btn_ble_on_ble_evt                 0x00020cdc   Section        0  bsp_btn_ble.o(i.bsp_btn_ble_on_ble_evt)
    i.bsp_btn_ble_sleep_mode_prepare         0x00020d4c   Section        0  bsp_btn_ble.o(i.bsp_btn_ble_sleep_mode_prepare)
    i.bsp_button_event_handler               0x00020d6c   Section        0  bsp.o(i.bsp_button_event_handler)
    bsp_button_event_handler                 0x00020d6d   Thumb Code   132  bsp.o(i.bsp_button_event_handler)
    i.bsp_event_to_button_action_assign      0x00020dfc   Section        0  bsp.o(i.bsp_event_to_button_action_assign)
    i.bsp_indication_set                     0x00020e40   Section        0  bsp.o(i.bsp_indication_set)
    i.bsp_led_indication                     0x00020e58   Section        0  bsp.o(i.bsp_led_indication)
    bsp_led_indication                       0x00020e59   Thumb Code   432  bsp.o(i.bsp_led_indication)
    i.bsp_wakeup_button_enable               0x00021010   Section        0  bsp.o(i.bsp_wakeup_button_enable)
    i.channel_port_get                       0x00021020   Section        0  nrf_drv_gpiote.o(i.channel_port_get)
    channel_port_get                         0x00021021   Thumb Code    10  nrf_drv_gpiote.o(i.channel_port_get)
    i.clock_clk_started_notify               0x00021030   Section        0  nrf_drv_clock.o(i.clock_clk_started_notify)
    clock_clk_started_notify                 0x00021031   Thumb Code    34  nrf_drv_clock.o(i.clock_clk_started_notify)
    i.compare_reg_update                     0x00021058   Section        0  app_timer.o(i.compare_reg_update)
    compare_reg_update                       0x00021059   Thumb Code   160  app_timer.o(i.compare_reg_update)
    i.conn_int_encode                        0x00021104   Section        0  ble_advdata.o(i.conn_int_encode)
    conn_int_encode                          0x00021105   Thumb Code   136  ble_advdata.o(i.conn_int_encode)
    i.conn_params_error_handler              0x0002118c   Section        0  main.o(i.conn_params_error_handler)
    conn_params_error_handler                0x0002118d   Thumb Code     4  main.o(i.conn_params_error_handler)
    i.conn_params_negotiation                0x00021190   Section        0  ble_conn_params.o(i.conn_params_negotiation)
    conn_params_negotiation                  0x00021191   Thumb Code    78  ble_conn_params.o(i.conn_params_negotiation)
    i.elapsed_ticks_acquire                  0x000211ec   Section        0  app_timer.o(i.elapsed_ticks_acquire)
    elapsed_ticks_acquire                    0x000211ed   Thumb Code    58  app_timer.o(i.elapsed_ticks_acquire)
    i.fifo_get                               0x0002122c   Section        0  app_fifo.o(i.fifo_get)
    fifo_get                                 0x0002122d   Thumb Code    20  app_fifo.o(i.fifo_get)
    i.fifo_put                               0x00021240   Section        0  app_fifo.o(i.fifo_put)
    fifo_put                                 0x00021241   Thumb Code    18  app_fifo.o(i.fifo_put)
    i.fputc                                  0x00021252   Section        0  retarget.o(i.fputc)
    i.fs_queued_op_count_get                 0x00021260   Section        0  fstorage.o(i.fs_queued_op_count_get)
    i.gatt_evt_handler                       0x00021274   Section        0  main.o(i.gatt_evt_handler)
    i.gatt_init                              0x00021294   Section        0  main.o(i.gatt_init)
    i.intern_softdevice_events_execute       0x000212c4   Section        0  softdevice_handler.o(i.intern_softdevice_events_execute)
    i.interrupts_enable                      0x0002133c   Section        0  nrf_drv_uart.o(i.interrupts_enable)
    interrupts_enable                        0x0002133d   Thumb Code   106  nrf_drv_uart.o(i.interrupts_enable)
    i.irq_handler_twim                       0x000213b4   Section        0  nrf_drv_twi.o(i.irq_handler_twim)
    irq_handler_twim                         0x000213b5   Thumb Code   334  nrf_drv_twi.o(i.irq_handler_twim)
    i.is_conn_params_ok                      0x00021504   Section        0  ble_conn_params.o(i.is_conn_params_ok)
    is_conn_params_ok                        0x00021505   Thumb Code    24  ble_conn_params.o(i.is_conn_params_ok)
    i.leds_off                               0x00021520   Section        0  bsp.o(i.leds_off)
    leds_off                                 0x00021521   Thumb Code    42  bsp.o(i.leds_off)
    i.link_init                              0x00021550   Section        0  nrf_ble_gatt.o(i.link_init)
    link_init                                0x00021551   Thumb Code    24  nrf_ble_gatt.o(i.link_init)
    i.list_insertions_handler                0x00021568   Section        0  app_timer.o(i.list_insertions_handler)
    list_insertions_handler                  0x00021569   Thumb Code   234  app_timer.o(i.list_insertions_handler)
    i.main                                   0x00021660   Section        0  main.o(i.main)
    i.manuf_specific_data_encode             0x00021838   Section        0  ble_advdata.o(i.manuf_specific_data_encode)
    manuf_specific_data_encode               0x00021839   Thumb Code   100  ble_advdata.o(i.manuf_specific_data_encode)
    i.name_encode                            0x0002189c   Section        0  ble_advdata.o(i.name_encode)
    name_encode                              0x0002189d   Thumb Code   156  ble_advdata.o(i.name_encode)
    i.nrf_bitmask_bit_is_set                 0x00021938   Section        0  nrf_drv_gpiote.o(i.nrf_bitmask_bit_is_set)
    nrf_bitmask_bit_is_set                   0x00021939   Thumb Code    16  nrf_drv_gpiote.o(i.nrf_bitmask_bit_is_set)
    i.nrf_ble_gatt_att_mtu_periph_set        0x00021948   Section        0  nrf_ble_gatt.o(i.nrf_ble_gatt_att_mtu_periph_set)
    i.nrf_ble_gatt_init                      0x00021960   Section        0  nrf_ble_gatt.o(i.nrf_ble_gatt_init)
    i.nrf_ble_gatt_on_ble_evt                0x0002198c   Section        0  nrf_ble_gatt.o(i.nrf_ble_gatt_on_ble_evt)
    i.nrf_clock_event_check                  0x00021acc   Section        0  nrf_drv_clock.o(i.nrf_clock_event_check)
    nrf_clock_event_check                    0x00021acd   Thumb Code    14  nrf_drv_clock.o(i.nrf_clock_event_check)
    i.nrf_clock_event_clear                  0x00021ada   Section        0  nrf_drv_clock.o(i.nrf_clock_event_clear)
    nrf_clock_event_clear                    0x00021adb   Thumb Code    16  nrf_drv_clock.o(i.nrf_clock_event_clear)
    i.nrf_delay_us                           0x00021aec   Section        0  main.o(i.nrf_delay_us)
    nrf_delay_us                             0x00021aed   Thumb Code   132  main.o(i.nrf_delay_us)
    i.nrf_delay_us                           0x00021b78   Section        0  nrf_drv_twi.o(i.nrf_delay_us)
    nrf_delay_us                             0x00021b79   Thumb Code   132  nrf_drv_twi.o(i.nrf_delay_us)
    i.nrf_delay_us                           0x00021c04   Section        0  app_timer.o(i.nrf_delay_us)
    nrf_delay_us                             0x00021c05   Thumb Code   132  app_timer.o(i.nrf_delay_us)
    i.nrf_drv_clock_init                     0x00021c90   Section        0  nrf_drv_clock.o(i.nrf_drv_clock_init)
    i.nrf_drv_clock_on_sd_enable             0x00021cd8   Section        0  nrf_drv_clock.o(i.nrf_drv_clock_on_sd_enable)
    i.nrf_drv_clock_on_soc_event             0x00021d08   Section        0  nrf_drv_clock.o(i.nrf_drv_clock_on_soc_event)
    i.nrf_drv_common_irq_enable              0x00021d12   Section        0  nrf_drv_common.o(i.nrf_drv_common_irq_enable)
    i.nrf_drv_get_IRQn                       0x00021d4a   Section        0  nrf_drv_uart.o(i.nrf_drv_get_IRQn)
    nrf_drv_get_IRQn                         0x00021d4b   Thumb Code     6  nrf_drv_uart.o(i.nrf_drv_get_IRQn)
    i.nrf_drv_is_in_RAM                      0x00021d50   Section        0  nrf_drv_uart.o(i.nrf_drv_is_in_RAM)
    nrf_drv_is_in_RAM                        0x00021d51   Thumb Code    16  nrf_drv_uart.o(i.nrf_drv_is_in_RAM)
    i.nrf_drv_is_in_RAM                      0x00021d60   Section        0  nrf_drv_twi.o(i.nrf_drv_is_in_RAM)
    nrf_drv_is_in_RAM                        0x00021d61   Thumb Code    16  nrf_drv_twi.o(i.nrf_drv_is_in_RAM)
    i.nrf_drv_twi_enable                     0x00021d70   Section        0  nrf_drv_twi.o(i.nrf_drv_twi_enable)
    i.nrf_drv_twi_init                       0x00021d90   Section        0  nrf_drv_twi.o(i.nrf_drv_twi_init)
    i.nrf_drv_twi_rx                         0x00021e1c   Section        0  nrf_drv_twi.o(i.nrf_drv_twi_rx)
    i.nrf_drv_twi_tx                         0x00021e40   Section        0  nrf_drv_twi.o(i.nrf_drv_twi_tx)
    i.nrf_drv_twi_xfer                       0x00021e64   Section        0  nrf_drv_twi.o(i.nrf_drv_twi_xfer)
    i.nrf_drv_uart_init                      0x00021e88   Section        0  nrf_drv_uart.o(i.nrf_drv_uart_init)
    i.nrf_drv_uart_rx                        0x00021ef0   Section        0  nrf_drv_uart.o(i.nrf_drv_uart_rx)
    i.nrf_drv_uart_rx_enable                 0x00021fa0   Section        0  nrf_drv_uart.o(i.nrf_drv_uart_rx_enable)
    i.nrf_drv_uart_rx_for_uart               0x00021fd0   Section        0  nrf_drv_uart.o(i.nrf_drv_uart_rx_for_uart)
    nrf_drv_uart_rx_for_uart                 0x00021fd1   Thumb Code   162  nrf_drv_uart.o(i.nrf_drv_uart_rx_for_uart)
    i.nrf_drv_uart_rx_for_uarte              0x00022078   Section        0  nrf_drv_uart.o(i.nrf_drv_uart_rx_for_uarte)
    nrf_drv_uart_rx_for_uarte                0x00022079   Thumb Code   172  nrf_drv_uart.o(i.nrf_drv_uart_rx_for_uarte)
    i.nrf_drv_uart_tx                        0x00022128   Section        0  nrf_drv_uart.o(i.nrf_drv_uart_tx)
    i.nrf_drv_uart_tx_in_progress            0x00022234   Section        0  nrf_drv_uart.o(i.nrf_drv_uart_tx_in_progress)
    i.nrf_gpio_cfg                           0x0002224c   Section        0  nrf_drv_uart.o(i.nrf_gpio_cfg)
    nrf_gpio_cfg                             0x0002224d   Thumb Code    36  nrf_drv_uart.o(i.nrf_gpio_cfg)
    i.nrf_gpio_cfg_input                     0x00022270   Section        0  nrf_drv_uart.o(i.nrf_gpio_cfg_input)
    nrf_gpio_cfg_input                       0x00022271   Thumb Code    18  nrf_drv_uart.o(i.nrf_gpio_cfg_input)
    i.nrf_gpio_cfg_output                    0x00022282   Section        0  nrf_drv_uart.o(i.nrf_gpio_cfg_output)
    nrf_gpio_cfg_output                      0x00022283   Thumb Code    20  nrf_drv_uart.o(i.nrf_gpio_cfg_output)
    i.nrf_gpio_cfg_sense_set                 0x00022296   Section        0  bsp.o(i.nrf_gpio_cfg_sense_set)
    nrf_gpio_cfg_sense_set                   0x00022297   Thumb Code    34  bsp.o(i.nrf_gpio_cfg_sense_set)
    i.nrf_gpio_cfg_sense_set                 0x000222b8   Section        0  nrf_drv_gpiote.o(i.nrf_gpio_cfg_sense_set)
    nrf_gpio_cfg_sense_set                   0x000222b9   Thumb Code    34  nrf_drv_gpiote.o(i.nrf_gpio_cfg_sense_set)
    i.nrf_gpio_pin_set                       0x000222da   Section        0  nrf_drv_twi.o(i.nrf_gpio_pin_set)
    nrf_gpio_pin_set                         0x000222db   Thumb Code    14  nrf_drv_twi.o(i.nrf_gpio_pin_set)
    i.nrf_gpio_pin_write                     0x000222e8   Section        0  boards.o(i.nrf_gpio_pin_write)
    nrf_gpio_pin_write                       0x000222e9   Thumb Code    22  boards.o(i.nrf_gpio_pin_write)
    i.nrf_gpio_ports_read                    0x00022300   Section        0  nrf_drv_gpiote.o(i.nrf_gpio_ports_read)
    nrf_gpio_ports_read                      0x00022301   Thumb Code    34  nrf_drv_gpiote.o(i.nrf_gpio_ports_read)
    i.nrf_gpiote_event_clear                 0x00022328   Section        0  nrf_drv_gpiote.o(i.nrf_gpiote_event_clear)
    nrf_gpiote_event_clear                   0x00022329   Thumb Code    16  nrf_drv_gpiote.o(i.nrf_gpiote_event_clear)
    i.nrf_gpiote_event_is_set                0x0002233c   Section        0  nrf_drv_gpiote.o(i.nrf_gpiote_event_is_set)
    nrf_gpiote_event_is_set                  0x0002233d   Thumb Code    12  nrf_drv_gpiote.o(i.nrf_gpiote_event_is_set)
    i.nrf_log_direct_feed                    0x0002234c   Section        0  nrf_log_frontend.o(i.nrf_log_direct_feed)
    nrf_log_direct_feed                      0x0002234d   Thumb Code    20  nrf_log_frontend.o(i.nrf_log_direct_feed)
    i.nrf_log_frontend_std_1                 0x00022364   Section        0  nrf_log_frontend.o(i.nrf_log_frontend_std_1)
    i.nrf_log_frontend_std_2                 0x00022372   Section        0  nrf_log_frontend.o(i.nrf_log_frontend_std_2)
    i.nrf_twim_event_check                   0x00022382   Section        0  nrf_drv_twi.o(i.nrf_twim_event_check)
    nrf_twim_event_check                     0x00022383   Thumb Code    10  nrf_drv_twi.o(i.nrf_twim_event_check)
    i.nrf_twim_event_clear                   0x0002238c   Section        0  nrf_drv_twi.o(i.nrf_twim_event_clear)
    nrf_twim_event_clear                     0x0002238d   Thumb Code    12  nrf_drv_twi.o(i.nrf_twim_event_clear)
    i.nrf_uart_event_check                   0x00022398   Section        0  nrf_drv_uart.o(i.nrf_uart_event_check)
    nrf_uart_event_check                     0x00022399   Thumb Code    10  nrf_drv_uart.o(i.nrf_uart_event_check)
    i.nrf_uart_event_clear                   0x000223a2   Section        0  nrf_drv_uart.o(i.nrf_uart_event_clear)
    nrf_uart_event_clear                     0x000223a3   Thumb Code    12  nrf_drv_uart.o(i.nrf_uart_event_clear)
    i.nrf_uart_int_enable_check              0x000223ae   Section        0  nrf_drv_uart.o(i.nrf_uart_int_enable_check)
    nrf_uart_int_enable_check                0x000223af   Thumb Code    12  nrf_drv_uart.o(i.nrf_uart_int_enable_check)
    i.nrf_uarte_event_check                  0x000223ba   Section        0  nrf_drv_uart.o(i.nrf_uarte_event_check)
    nrf_uarte_event_check                    0x000223bb   Thumb Code    10  nrf_drv_uart.o(i.nrf_uarte_event_check)
    i.nrf_uarte_event_clear                  0x000223c4   Section        0  nrf_drv_uart.o(i.nrf_uarte_event_clear)
    nrf_uarte_event_clear                    0x000223c5   Thumb Code    12  nrf_drv_uart.o(i.nrf_uarte_event_clear)
    i.nus_data_handler                       0x000223d0   Section        0  main.o(i.nus_data_handler)
    nus_data_handler                         0x000223d1   Thumb Code    54  main.o(i.nus_data_handler)
    i.on_adv_evt                             0x00022406   Section        0  main.o(i.on_adv_evt)
    on_adv_evt                               0x00022407   Thumb Code    36  main.o(i.on_adv_evt)
    i.on_ble_evt                             0x0002242c   Section        0  main.o(i.on_ble_evt)
    on_ble_evt                               0x0002242d   Thumb Code   284  main.o(i.on_ble_evt)
    i.on_conn_params_evt                     0x00022574   Section        0  main.o(i.on_conn_params_evt)
    on_conn_params_evt                       0x00022575   Thumb Code    24  main.o(i.on_conn_params_evt)
    i.on_connected_evt                       0x00022590   Section        0  nrf_ble_gatt.o(i.on_connected_evt)
    on_connected_evt                         0x00022591   Thumb Code   122  nrf_ble_gatt.o(i.on_connected_evt)
    i.on_exchange_mtu_request_evt            0x00022614   Section        0  nrf_ble_gatt.o(i.on_exchange_mtu_request_evt)
    on_exchange_mtu_request_evt              0x00022615   Thumb Code    94  nrf_ble_gatt.o(i.on_exchange_mtu_request_evt)
    i.read_sensor_data                       0x0002267c   Section        0  main.o(i.read_sensor_data)
    read_sensor_data                         0x0002267d   Thumb Code    86  main.o(i.read_sensor_data)
    i.rtc1_stop                              0x000226dc   Section        0  app_timer.o(i.rtc1_stop)
    rtc1_stop                                0x000226dd   Thumb Code    52  app_timer.o(i.rtc1_stop)
    i.rx_byte                                0x00022718   Section        0  nrf_drv_uart.o(i.rx_byte)
    rx_byte                                  0x00022719   Thumb Code    50  nrf_drv_uart.o(i.rx_byte)
    i.rx_char_add                            0x0002274a   Section        0  ble_nus.o(i.rx_char_add)
    rx_char_add                              0x0002274b   Thumb Code   162  ble_nus.o(i.rx_char_add)
    i.rx_done_event                          0x000227ec   Section        0  nrf_drv_uart.o(i.rx_done_event)
    rx_done_event                            0x000227ed   Thumb Code    24  nrf_drv_uart.o(i.rx_done_event)
    i.rx_enable                              0x00022804   Section        0  nrf_drv_uart.o(i.rx_enable)
    rx_enable                                0x00022805   Thumb Code    32  nrf_drv_uart.o(i.rx_enable)
    i.sd_nvic_EnableIRQ                      0x00022824   Section        0  softdevice_handler.o(i.sd_nvic_EnableIRQ)
    sd_nvic_EnableIRQ                        0x00022825   Thumb Code   106  softdevice_handler.o(i.sd_nvic_EnableIRQ)
    i.service_data_encode                    0x00022894   Section        0  ble_advdata.o(i.service_data_encode)
    service_data_encode                      0x00022895   Thumb Code   136  ble_advdata.o(i.service_data_encode)
    i.set_adv_mode_fast                      0x0002291c   Section        0  ble_advertising.o(i.set_adv_mode_fast)
    set_adv_mode_fast                        0x0002291d   Thumb Code    64  ble_advertising.o(i.set_adv_mode_fast)
    i.set_adv_mode_slow                      0x00022964   Section        0  ble_advertising.o(i.set_adv_mode_slow)
    set_adv_mode_slow                        0x00022965   Thumb Code    60  ble_advertising.o(i.set_adv_mode_slow)
    i.sleep_mode_enter                       0x000229a8   Section        0  main.o(i.sleep_mode_enter)
    sleep_mode_enter                         0x000229a9   Thumb Code    40  main.o(i.sleep_mode_enter)
    i.softdevice_app_ram_start_get           0x000229d0   Section        0  softdevice_handler.o(i.softdevice_app_ram_start_get)
    i.softdevice_ble_evt_handler_set         0x000229e4   Section        0  softdevice_handler.o(i.softdevice_ble_evt_handler_set)
    i.softdevice_enable                      0x000229f8   Section        0  softdevice_handler.o(i.softdevice_enable)
    i.softdevice_fault_handler               0x00022ae8   Section        0  softdevice_handler.o(i.softdevice_fault_handler)
    i.softdevice_handler_init                0x00022aec   Section        0  softdevice_handler.o(i.softdevice_handler_init)
    i.softdevice_handler_is_enabled          0x00022b50   Section        0  softdevice_handler.o(i.softdevice_handler_is_enabled)
    i.timer_list_handler                     0x00022b5c   Section        0  app_timer.o(i.timer_list_handler)
    timer_list_handler                       0x00022b5d   Thumb Code   122  app_timer.o(i.timer_list_handler)
    i.timer_list_insert                      0x00022bdc   Section        0  app_timer.o(i.timer_list_insert)
    timer_list_insert                        0x00022bdd   Thumb Code    56  app_timer.o(i.timer_list_insert)
    i.timer_list_remove                      0x00022c18   Section        0  app_timer.o(i.timer_list_remove)
    timer_list_remove                        0x00022c19   Thumb Code    88  app_timer.o(i.timer_list_remove)
    i.timer_stop_op_schedule                 0x00022c78   Section        0  app_timer.o(i.timer_stop_op_schedule)
    timer_stop_op_schedule                   0x00022c79   Thumb Code    68  app_timer.o(i.timer_stop_op_schedule)
    i.timer_timeouts_check                   0x00022cc0   Section        0  app_timer.o(i.timer_timeouts_check)
    timer_timeouts_check                     0x00022cc1   Thumb Code   106  app_timer.o(i.timer_timeouts_check)
    i.twi_clear_bus                          0x00022d34   Section        0  nrf_drv_twi.o(i.twi_clear_bus)
    twi_clear_bus                            0x00022d35   Thumb Code   170  nrf_drv_twi.o(i.twi_clear_bus)
    i.twi_init                               0x00022de0   Section        0  main.o(i.twi_init)
    i.twim_xfer                              0x00022e0c   Section        0  nrf_drv_twi.o(i.twim_xfer)
    twim_xfer                                0x00022e0d   Thumb Code   570  nrf_drv_twi.o(i.twim_xfer)
    i.tx_byte                                0x0002304c   Section        0  nrf_drv_uart.o(i.tx_byte)
    tx_byte                                  0x0002304d   Thumb Code    32  nrf_drv_uart.o(i.tx_byte)
    i.tx_char_add                            0x0002306c   Section        0  ble_nus.o(i.tx_char_add)
    tx_char_add                              0x0002306d   Thumb Code   218  ble_nus.o(i.tx_char_add)
    i.tx_done_event                          0x00023146   Section        0  nrf_drv_uart.o(i.tx_done_event)
    tx_done_event                            0x00023147   Thumb Code    28  nrf_drv_uart.o(i.tx_done_event)
    i.uart_event_handle                      0x00023164   Section        0  main.o(i.uart_event_handle)
    i.uart_event_handler                     0x000231c8   Section        0  app_uart_fifo.o(i.uart_event_handler)
    uart_event_handler                       0x000231c9   Thumb Code   152  app_uart_fifo.o(i.uart_event_handler)
    i.uart_irq_handler                       0x00023268   Section        0  nrf_drv_uart.o(i.uart_irq_handler)
    uart_irq_handler                         0x00023269   Thumb Code   286  nrf_drv_uart.o(i.uart_irq_handler)
    i.uarte_irq_handler                      0x00023386   Section        0  nrf_drv_uart.o(i.uarte_irq_handler)
    uarte_irq_handler                        0x00023387   Thumb Code   240  nrf_drv_uart.o(i.uarte_irq_handler)
    i.uint16_encode                          0x00023476   Section        0  ble_advdata.o(i.uint16_encode)
    uint16_encode                            0x00023477   Thumb Code    10  ble_advdata.o(i.uint16_encode)
    i.update_timeout_handler                 0x00023480   Section        0  ble_conn_params.o(i.update_timeout_handler)
    update_timeout_handler                   0x00023481   Thumb Code    88  ble_conn_params.o(i.update_timeout_handler)
    i.user_op_alloc                          0x000234e0   Section        0  app_timer.o(i.user_op_alloc)
    user_op_alloc                            0x000234e1   Thumb Code    42  app_timer.o(i.user_op_alloc)
    i.uuid_list_encode                       0x00023510   Section        0  ble_advdata.o(i.uuid_list_encode)
    uuid_list_encode                         0x00023511   Thumb Code    48  ble_advdata.o(i.uuid_list_encode)
    i.uuid_list_sized_encode                 0x00023540   Section        0  ble_advdata.o(i.uuid_list_sized_encode)
    uuid_list_sized_encode                   0x00023541   Thumb Code   158  ble_advdata.o(i.uuid_list_sized_encode)
    .constdata                               0x000235e0   Section       52  main.o(.constdata)
    m_twi                                    0x000235e4   Data           8  main.o(.constdata)
    .constdata                               0x00023614   Section        8  boards.o(.constdata)
    m_board_led_list                         0x00023614   Data           4  boards.o(.constdata)
    m_board_btn_list                         0x00023618   Data           4  boards.o(.constdata)
    .constdata                               0x0002361c   Section       44  bsp.o(.constdata)
    m_leds_timer_id                          0x0002361c   Data           4  bsp.o(.constdata)
    m_alert_timer_id                         0x00023620   Data           4  bsp.o(.constdata)
    m_button_timer_id                        0x00023624   Data           4  bsp.o(.constdata)
    app_buttons                              0x00023628   Data          32  bsp.o(.constdata)
    .constdata                               0x00023648   Section        4  ble_conn_params.o(.constdata)
    m_conn_params_timer_id                   0x00023648   Data           4  ble_conn_params.o(.constdata)
    .constdata                               0x0002364c   Section       22  nrf_ble_gatt.o(.constdata)
    .constdata                               0x00023664   Section       16  ble_nus.o(.constdata)
    .constdata                               0x00023674   Section        4  nrf_drv_gpiote.o(.constdata)
    .constdata                               0x00023678   Section       12  nrf_drv_twi.o(.constdata)
    .constdata                               0x00023684   Section       32  app_uart_fifo.o(.constdata)
    .conststring                             0x000236a4   Section      390  nrf_ble_gatt.o(.conststring)
    .data                                    0x200025f8   Section       58  main.o(.data)
    bme280_1_detected                        0x200025f8   Data           1  main.o(.data)
    bme280_2_detected                        0x200025f9   Data           1  main.o(.data)
    connection_status                        0x200025fa   Data           1  main.o(.data)
    send_trim                                0x200025fb   Data           1  main.o(.data)
    m_xfer_done                              0x200025fc   Data           1  main.o(.data)
    reg_H1                                   0x200025fd   Data           1  main.o(.data)
    reg_H3                                   0x200025fe   Data           1  main.o(.data)
    index                                    0x200025ff   Data           1  main.o(.data)
    m_conn_handle                            0x20002600   Data           2  main.o(.data)
    m_ble_nus_max_data_len                   0x20002602   Data           2  main.o(.data)
    reg_T1                                   0x20002604   Data           2  main.o(.data)
    reg_P2                                   0x20002606   Data           2  main.o(.data)
    reg_P6                                   0x20002608   Data           2  main.o(.data)
    reg_H2                                   0x2000260a   Data           2  main.o(.data)
    reg_H4                                   0x2000260c   Data           2  main.o(.data)
    reg_H5                                   0x2000260e   Data           2  main.o(.data)
    m_adv_uuids                              0x20002610   Data           4  main.o(.data)
    errnum                                   0x20002614   Data           4  main.o(.data)
    sensor_data                              0x20002618   Data           8  main.o(.data)
    output_data                              0x20002620   Data          18  main.o(.data)
    .data                                    0x20002634   Section       16  bsp.o(.data)
    m_stable_state                           0x20002634   Data           1  bsp.o(.data)
    m_leds_clear                             0x20002635   Data           1  bsp.o(.data)
    m_alert_on                               0x20002636   Data           1  bsp.o(.data)
    current_long_push_pin_no                 0x20002637   Data           1  bsp.o(.data)
    m_indication_type                        0x20002638   Data           4  bsp.o(.data)
    m_registered_callback                    0x2000263c   Data           4  bsp.o(.data)
    release_event_at_push                    0x20002640   Data           4  bsp.o(.data)
    .data                                    0x20002644   Section        8  bsp_btn_ble.o(.data)
    m_error_handler                          0x20002644   Data           4  bsp_btn_ble.o(.data)
    m_num_connections                        0x20002648   Data           4  bsp_btn_ble.o(.data)
    .data                                    0x2000264c   Section       31  ble_advertising.o(.data)
    m_initialized                            0x2000264c   Data           1  ble_advertising.o(.data)
    m_advertising_start_pending              0x2000264d   Data           1  ble_advertising.o(.data)
    m_adv_evt                                0x2000264e   Data           1  ble_advertising.o(.data)
    m_adv_mode_current                       0x2000264f   Data           1  ble_advertising.o(.data)
    m_conn_cfg_tag                           0x20002650   Data           1  ble_advertising.o(.data)
    m_peer_addr_reply_expected               0x20002651   Data           1  ble_advertising.o(.data)
    m_whitelist_temporarily_disabled         0x20002652   Data           1  ble_advertising.o(.data)
    m_whitelist_reply_expected               0x20002653   Data           1  ble_advertising.o(.data)
    m_whitelist_in_use                       0x20002654   Data           1  ble_advertising.o(.data)
    m_current_slave_link_conn_handle         0x20002656   Data           2  ble_advertising.o(.data)
    m_slave_conn_int                         0x20002658   Data           4  ble_advertising.o(.data)
    m_evt_handler                            0x2000265c   Data           4  ble_advertising.o(.data)
    m_error_handler                          0x20002660   Data           4  ble_advertising.o(.data)
    m_peer_address                           0x20002664   Data           7  ble_advertising.o(.data)
    .data                                    0x2000266c   Section       20  ble_conn_params.o(.data)
    m_change_param                           0x2000266c   Data           1  ble_conn_params.o(.data)
    m_update_count                           0x2000266d   Data           1  ble_conn_params.o(.data)
    m_conn_handle                            0x2000266e   Data           2  ble_conn_params.o(.data)
    m_preferred_conn_params                  0x20002670   Data           8  ble_conn_params.o(.data)
    m_current_conn_params                    0x20002678   Data           8  ble_conn_params.o(.data)
    .data                                    0x20002680   Section       20  app_timer.o(.data)
    m_ticks_elapsed_q_read_ind               0x20002680   Data           1  app_timer.o(.data)
    m_ticks_elapsed_q_write_ind              0x20002681   Data           1  app_timer.o(.data)
    m_rtc1_running                           0x20002682   Data           1  app_timer.o(.data)
    m_rtc1_reset                             0x20002683   Data           1  app_timer.o(.data)
    mp_timer_id_head                         0x20002684   Data           4  app_timer.o(.data)
    m_ticks_latest                           0x20002688   Data           4  app_timer.o(.data)
    m_ticks_elapsed                          0x2000268c   Data           8  app_timer.o(.data)
    .data                                    0x20002694   Section       16  app_uart_fifo.o(.data)
    tx_buffer                                0x20002694   Data           1  app_uart_fifo.o(.data)
    rx_buffer                                0x20002695   Data           1  app_uart_fifo.o(.data)
    m_rx_ovf                                 0x20002696   Data           1  app_uart_fifo.o(.data)
    m_event_handler                          0x20002698   Data           4  app_uart_fifo.o(.data)
    app_uart_inst                            0x2000269c   Data           8  app_uart_fifo.o(.data)
    .data                                    0x200026a4   Section        4  retarget.o(.data)
    .data                                    0x200026a8   Section       20  softdevice_handler.o(.data)
    m_softdevice_enabled                     0x200026a8   Data           1  softdevice_handler.o(.data)
    m_suspended                              0x200026a9   Data           1  softdevice_handler.o(.data)
    m_ble_evt_buffer_size                    0x200026aa   Data           2  softdevice_handler.o(.data)
    m_evt_schedule_func                      0x200026ac   Data           4  softdevice_handler.o(.data)
    m_sys_evt_handler                        0x200026b0   Data           4  softdevice_handler.o(.data)
    mp_ble_evt_buffer                        0x200026b4   Data           4  softdevice_handler.o(.data)
    m_ble_evt_handler                        0x200026b8   Data           4  softdevice_handler.o(.data)
    .data                                    0x200026bc   Section        4  system_nrf52.o(.data)
    __tagsym$$used                           0x200026bc   Number         0  system_nrf52.o(.data)
    .bss                                     0x200026c0   Section      940  main.o(.bss)
    BLE_EVT_BUFFER                           0x200026c0   Data         216  main.o(.bss)
    data_array                               0x20002798   Data         155  main.o(.bss)
    rx_buf                                   0x20002833   Data         256  main.o(.bss)
    tx_buf                                   0x20002933   Data         256  main.o(.bss)
    m_nus                                    0x20002a34   Data          28  main.o(.bss)
    m_gatt                                   0x20002a50   Data          28  main.o(.bss)
    .bss                                     0x20002a6c   Section       32  bsp.o(.bss)
    m_leds_timer_id_data                     0x20002a6c   Data          32  bsp.o(.bss)
    .bss                                     0x20002a8c   Section       32  bsp.o(.bss)
    m_alert_timer_id_data                    0x20002a8c   Data          32  bsp.o(.bss)
    .bss                                     0x20002aac   Section       12  bsp.o(.bss)
    m_events_list                            0x20002aac   Data          12  bsp.o(.bss)
    .bss                                     0x20002ab8   Section       32  bsp.o(.bss)
    m_button_timer_id_data                   0x20002ab8   Data          32  bsp.o(.bss)
    .bss                                     0x20002ad8   Section      179  ble_advertising.o(.bss)
    m_adv_modes_config                       0x20002ad8   Data          32  ble_advertising.o(.bss)
    m_advdata                                0x20002af8   Data          60  ble_advertising.o(.bss)
    m_manuf_specific_data                    0x20002b34   Data          12  ble_advertising.o(.bss)
    m_manuf_data_array                       0x20002b40   Data          31  ble_advertising.o(.bss)
    m_service_data                           0x20002b60   Data          12  ble_advertising.o(.bss)
    m_service_data_array                     0x20002b6c   Data          31  ble_advertising.o(.bss)
    .bss                                     0x20002b8c   Section       32  ble_conn_params.o(.bss)
    m_conn_params_timer_id_data              0x20002b8c   Data          32  ble_conn_params.o(.bss)
    .bss                                     0x20002bac   Section       28  ble_conn_params.o(.bss)
    m_conn_params_config                     0x20002bac   Data          28  ble_conn_params.o(.bss)
    .bss                                     0x20002bc8   Section       20  nrf_drv_clock.o(.bss)
    m_clock_cb                               0x20002bc8   Data          20  nrf_drv_clock.o(.bss)
    .bss                                     0x20002bdc   Section       88  nrf_drv_gpiote.o(.bss)
    m_cb                                     0x20002bdc   Data          88  nrf_drv_gpiote.o(.bss)
    .bss                                     0x20002c34   Section       32  nrf_drv_uart.o(.bss)
    m_cb                                     0x20002c34   Data          32  nrf_drv_uart.o(.bss)
    .bss                                     0x20002c54   Section       40  nrf_drv_twi.o(.bss)
    m_cb                                     0x20002c54   Data          40  nrf_drv_twi.o(.bss)
    .bss                                     0x20002c7c   Section      268  app_timer.o(.bss)
    m_op_queue                               0x20002c7c   Data         268  app_timer.o(.bss)
    .bss                                     0x20002d88   Section       32  app_uart_fifo.o(.bss)
    m_rx_fifo                                0x20002d88   Data          16  app_uart_fifo.o(.bss)
    m_tx_fifo                                0x20002d98   Data          16  app_uart_fifo.o(.bss)
    .bss                                     0x20002da8   Section       12  app_util_platform.o(.bss)
    .bss                                     0x20002db4   Section      104  fstorage.o(.bss)
    m_queue                                  0x20002db4   Data         104  fstorage.o(.bss)
    .bss                                     0x20002e1c   Section       28  nrf_log_frontend.o(.bss)
    m_log_data                               0x20002e1c   Data          28  nrf_log_frontend.o(.bss)
    STACK                                    0x20002e38   Section     8192  arm_startup_nrf52.o(STACK)

    Global Symbols

    Symbol Name                              Value     Ov Type        Size  Object(Section)

    BuildAttributes$$THM_ISAv4$E$P$D$K$B$S$7EM$VFPi3$EXTD16$VFPS$VFMA$PE$A:L22UL41UL21$X:L11$S22US41US21$IEEE1$IW$USESV6$~STKCKD$USESV7$~SHL$OSPACE$ROPI$EBA8$MICROLIB$REQ8$PRES8$EABIv2 0x00000000   Number         0  anon$$obj.o ABSOLUTE
    __ARM_use_no_argv                        0x00000000   Number         0  main.o ABSOLUTE
    _printf_a                                0x00000000   Number         0  stubs.o ABSOLUTE
    _printf_c                                0x00000000   Number         0  stubs.o ABSOLUTE
    _printf_charcount                        0x00000000   Number         0  stubs.o ABSOLUTE
    _printf_d                                0x00000000   Number         0  stubs.o ABSOLUTE
    _printf_e                                0x00000000   Number         0  stubs.o ABSOLUTE
    _printf_f                                0x00000000   Number         0  stubs.o ABSOLUTE
    _printf_flags                            0x00000000   Number         0  stubs.o ABSOLUTE
    _printf_fp_dec                           0x00000000   Number         0  stubs.o ABSOLUTE
    _printf_fp_hex                           0x00000000   Number         0  stubs.o ABSOLUTE
    _printf_g                                0x00000000   Number         0  stubs.o ABSOLUTE
    _printf_i                                0x00000000   Number         0  stubs.o ABSOLUTE
    _printf_int_dec                          0x00000000   Number         0  stubs.o ABSOLUTE
    _printf_l                                0x00000000   Number         0  stubs.o ABSOLUTE
    _printf_lc                               0x00000000   Number         0  stubs.o ABSOLUTE
    _printf_ll                               0x00000000   Number         0  stubs.o ABSOLUTE
    _printf_lld                              0x00000000   Number         0  stubs.o ABSOLUTE
    _printf_lli                              0x00000000   Number         0  stubs.o ABSOLUTE
    _printf_llo                              0x00000000   Number         0  stubs.o ABSOLUTE
    _printf_llu                              0x00000000   Number         0  stubs.o ABSOLUTE
    _printf_llx                              0x00000000   Number         0  stubs.o ABSOLUTE
    _printf_longlong_dec                     0x00000000   Number         0  stubs.o ABSOLUTE
    _printf_longlong_hex                     0x00000000   Number         0  stubs.o ABSOLUTE
    _printf_longlong_oct                     0x00000000   Number         0  stubs.o ABSOLUTE
    _printf_ls                               0x00000000   Number         0  stubs.o ABSOLUTE
    _printf_mbtowc                           0x00000000   Number         0  stubs.o ABSOLUTE
    _printf_n                                0x00000000   Number         0  stubs.o ABSOLUTE
    _printf_o                                0x00000000   Number         0  stubs.o ABSOLUTE
    _printf_p                                0x00000000   Number         0  stubs.o ABSOLUTE
    _printf_percent                          0x00000000   Number         0  stubs.o ABSOLUTE
    _printf_pre_padding                      0x00000000   Number         0  stubs.o ABSOLUTE
    _printf_return_value                     0x00000000   Number         0  stubs.o ABSOLUTE
    _printf_s                                0x00000000   Number         0  stubs.o ABSOLUTE
    _printf_sizespec                         0x00000000   Number         0  stubs.o ABSOLUTE
    _printf_str                              0x00000000   Number         0  stubs.o ABSOLUTE
    _printf_truncate_signed                  0x00000000   Number         0  stubs.o ABSOLUTE
    _printf_truncate_unsigned                0x00000000   Number         0  stubs.o ABSOLUTE
    _printf_u                                0x00000000   Number         0  stubs.o ABSOLUTE
    _printf_wc                               0x00000000   Number         0  stubs.o ABSOLUTE
    _printf_wctomb                           0x00000000   Number         0  stubs.o ABSOLUTE
    _printf_widthprec                        0x00000000   Number         0  stubs.o ABSOLUTE
    _printf_x                                0x00000000   Number         0  stubs.o ABSOLUTE
    __cpp_initialize__aeabi_                  - Undefined Weak Reference
    __cxa_finalize                            - Undefined Weak Reference
    __decompress                              - Undefined Weak Reference
    _clock_init                               - Undefined Weak Reference
    _microlib_exit                            - Undefined Weak Reference
    fs_data$$Base                             - Undefined Reference
    fs_data$$Limit                            - Undefined Reference
    __Vectors_Size                           0x00000200   Number         0  arm_startup_nrf52.o ABSOLUTE
    __Vectors                                0x0001f000   Data           4  arm_startup_nrf52.o(RESET)
    __Vectors_End                            0x0001f200   Data           0  arm_startup_nrf52.o(RESET)
    __main                                   0x0001f201   Thumb Code     0  entry.o(.ARM.Collect$$$$00000000)
    _main_stk                                0x0001f201   Thumb Code     0  entry2.o(.ARM.Collect$$$$00000001)
    _main_scatterload                        0x0001f205   Thumb Code     0  entry5.o(.ARM.Collect$$$$00000004)
    __main_after_scatterload                 0x0001f209   Thumb Code     0  entry5.o(.ARM.Collect$$$$00000004)
    _main_clock                              0x0001f209   Thumb Code     0  entry7b.o(.ARM.Collect$$$$00000008)
    _main_cpp_init                           0x0001f209   Thumb Code     0  entry8b.o(.ARM.Collect$$$$0000000A)
    _main_init                               0x0001f209   Thumb Code     0  entry9a.o(.ARM.Collect$$$$0000000B)
    __rt_final_cpp                           0x0001f211   Thumb Code     0  entry10a.o(.ARM.Collect$$$$0000000D)
    __rt_final_exit                          0x0001f211   Thumb Code     0  entry11a.o(.ARM.Collect$$$$0000000F)
    Reset_Handler                            0x0001f215   Thumb Code     8  arm_startup_nrf52.o(.text)
    NMI_Handler                              0x0001f21d   Thumb Code     2  arm_startup_nrf52.o(.text)
    HardFault_Handler                        0x0001f21f   Thumb Code     2  arm_startup_nrf52.o(.text)
    MemoryManagement_Handler                 0x0001f221   Thumb Code     2  arm_startup_nrf52.o(.text)
    BusFault_Handler                         0x0001f223   Thumb Code     2  arm_startup_nrf52.o(.text)
    UsageFault_Handler                       0x0001f225   Thumb Code     2  arm_startup_nrf52.o(.text)
    SVC_Handler                              0x0001f227   Thumb Code     2  arm_startup_nrf52.o(.text)
    DebugMon_Handler                         0x0001f229   Thumb Code     2  arm_startup_nrf52.o(.text)
    PendSV_Handler                           0x0001f22b   Thumb Code     2  arm_startup_nrf52.o(.text)
    SysTick_Handler                          0x0001f22d   Thumb Code     2  arm_startup_nrf52.o(.text)
    CCM_AAR_IRQHandler                       0x0001f22f   Thumb Code     0  arm_startup_nrf52.o(.text)
    COMP_LPCOMP_IRQHandler                   0x0001f22f   Thumb Code     0  arm_startup_nrf52.o(.text)
    ECB_IRQHandler                           0x0001f22f   Thumb Code     0  arm_startup_nrf52.o(.text)
    FPU_IRQHandler                           0x0001f22f   Thumb Code     0  arm_startup_nrf52.o(.text)
    I2S_IRQHandler                           0x0001f22f   Thumb Code     0  arm_startup_nrf52.o(.text)
    MWU_IRQHandler                           0x0001f22f   Thumb Code     0  arm_startup_nrf52.o(.text)
    NFCT_IRQHandler                          0x0001f22f   Thumb Code     0  arm_startup_nrf52.o(.text)
    PDM_IRQHandler                           0x0001f22f   Thumb Code     0  arm_startup_nrf52.o(.text)
    PWM0_IRQHandler                          0x0001f22f   Thumb Code     0  arm_startup_nrf52.o(.text)
    PWM1_IRQHandler                          0x0001f22f   Thumb Code     0  arm_startup_nrf52.o(.text)
    PWM2_IRQHandler                          0x0001f22f   Thumb Code     0  arm_startup_nrf52.o(.text)
    QDEC_IRQHandler                          0x0001f22f   Thumb Code     0  arm_startup_nrf52.o(.text)
    RADIO_IRQHandler                         0x0001f22f   Thumb Code     0  arm_startup_nrf52.o(.text)
    RNG_IRQHandler                           0x0001f22f   Thumb Code     0  arm_startup_nrf52.o(.text)
    RTC0_IRQHandler                          0x0001f22f   Thumb Code     0  arm_startup_nrf52.o(.text)
    RTC2_IRQHandler                          0x0001f22f   Thumb Code     0  arm_startup_nrf52.o(.text)
    SAADC_IRQHandler                         0x0001f22f   Thumb Code     0  arm_startup_nrf52.o(.text)
    SPIM1_SPIS1_TWIM1_TWIS1_SPI1_TWI1_IRQHandler 0x0001f22f   Thumb Code     0  arm_startup_nrf52.o(.text)
    SPIM2_SPIS2_SPI2_IRQHandler              0x0001f22f   Thumb Code     0  arm_startup_nrf52.o(.text)
    SWI1_EGU1_IRQHandler                     0x0001f22f   Thumb Code     0  arm_startup_nrf52.o(.text)
    SWI3_EGU3_IRQHandler                     0x0001f22f   Thumb Code     0  arm_startup_nrf52.o(.text)
    SWI4_EGU4_IRQHandler                     0x0001f22f   Thumb Code     0  arm_startup_nrf52.o(.text)
    SWI5_EGU5_IRQHandler                     0x0001f22f   Thumb Code     0  arm_startup_nrf52.o(.text)
    TEMP_IRQHandler                          0x0001f22f   Thumb Code     0  arm_startup_nrf52.o(.text)
    TIMER0_IRQHandler                        0x0001f22f   Thumb Code     0  arm_startup_nrf52.o(.text)
    TIMER1_IRQHandler                        0x0001f22f   Thumb Code     0  arm_startup_nrf52.o(.text)
    TIMER2_IRQHandler                        0x0001f22f   Thumb Code     0  arm_startup_nrf52.o(.text)
    TIMER3_IRQHandler                        0x0001f22f   Thumb Code     0  arm_startup_nrf52.o(.text)
    TIMER4_IRQHandler                        0x0001f22f   Thumb Code     0  arm_startup_nrf52.o(.text)
    WDT_IRQHandler                           0x0001f22f   Thumb Code     0  arm_startup_nrf52.o(.text)
    __aeabi_uldivmod                         0x0001f239   Thumb Code    98  uldiv.o(.text)
    __aeabi_memcpy                           0x0001f29b   Thumb Code    36  memcpya.o(.text)
    __aeabi_memcpy4                          0x0001f29b   Thumb Code     0  memcpya.o(.text)
    __aeabi_memcpy8                          0x0001f29b   Thumb Code     0  memcpya.o(.text)
    __aeabi_memset                           0x0001f2bf   Thumb Code    14  memseta.o(.text)
    __aeabi_memset4                          0x0001f2bf   Thumb Code     0  memseta.o(.text)
    __aeabi_memset8                          0x0001f2bf   Thumb Code     0  memseta.o(.text)
    __aeabi_memclr                           0x0001f2cd   Thumb Code     4  memseta.o(.text)
    __aeabi_memclr4                          0x0001f2cd   Thumb Code     0  memseta.o(.text)
    __aeabi_memclr8                          0x0001f2cd   Thumb Code     0  memseta.o(.text)
    _memset$wrapper                          0x0001f2d1   Thumb Code    18  memseta.o(.text)
    __aeabi_llsl                             0x0001f2e3   Thumb Code    30  llshl.o(.text)
    _ll_shift_l                              0x0001f2e3   Thumb Code     0  llshl.o(.text)
    __aeabi_llsr                             0x0001f301   Thumb Code    32  llushr.o(.text)
    _ll_ushift_r                             0x0001f301   Thumb Code     0  llushr.o(.text)
    __scatterload                            0x0001f321   Thumb Code    28  init.o(.text)
    __scatterload_rt2                        0x0001f321   Thumb Code     0  init.o(.text)
    BME280_init                              0x0001f345   Thumb Code   110  main.o(i.BME280_init)
    BME280_params_read                       0x0001f3c5   Thumb Code   204  main.o(i.BME280_params_read)
    GPIOTE_IRQHandler                        0x0001f499   Thumb Code   362  nrf_drv_gpiote.o(i.GPIOTE_IRQHandler)
    POWER_CLOCK_IRQHandler                   0x0001f67d   Thumb Code    84  nrf_drv_clock.o(i.POWER_CLOCK_IRQHandler)
    RTC1_IRQHandler                          0x0001f6d5   Thumb Code    32  app_timer.o(i.RTC1_IRQHandler)
    SPIM0_SPIS0_TWIM0_TWIS0_SPI0_TWI0_IRQHandler 0x0001f6f9   Thumb Code     8  nrf_drv_twi.o(i.SPIM0_SPIS0_TWIM0_TWIS0_SPI0_TWI0_IRQHandler)
    SWI0_EGU0_IRQHandler                     0x0001f709   Thumb Code     4  app_timer.o(i.SWI0_EGU0_IRQHandler)
    SWI2_EGU2_IRQHandler                     0x0001f70d   Thumb Code    32  softdevice_handler.o(i.SWI2_EGU2_IRQHandler)
    SystemInit                               0x0001f731   Thumb Code   726  system_nrf52.o(i.SystemInit)
    UARTE0_UART0_IRQHandler                  0x0001fa4d   Thumb Code    20  nrf_drv_uart.o(i.UARTE0_UART0_IRQHandler)
    __0printf$8                              0x0001fa69   Thumb Code    22  printf8.o(i.__0printf$8)
    __1printf$8                              0x0001fa69   Thumb Code     0  printf8.o(i.__0printf$8)
    __2printf                                0x0001fa69   Thumb Code     0  printf8.o(i.__0printf$8)
    __scatterload_copy                       0x0001fa89   Thumb Code    14  handlers.o(i.__scatterload_copy)
    __scatterload_null                       0x0001fa97   Thumb Code     2  handlers.o(i.__scatterload_null)
    __scatterload_zeroinit                   0x0001fa99   Thumb Code    14  handlers.o(i.__scatterload_zeroinit)
    adv_data_encode                          0x0001ff2f   Thumb Code   386  ble_advdata.o(i.adv_data_encode)
    app_error_fault_handler                  0x000201ad   Thumb Code    48  main.o(i.app_error_fault_handler)
    app_error_handler_bare                   0x00020211   Thumb Code    22  app_error.o(i.app_error_handler_bare)
    app_fifo_get                             0x00020227   Thumb Code    22  app_fifo.o(i.app_fifo_get)
    app_fifo_init                            0x0002023d   Thumb Code    32  app_fifo.o(i.app_fifo_init)
    app_fifo_put                             0x0002025d   Thumb Code    26  app_fifo.o(i.app_fifo_put)
    app_timer_create                         0x00020279   Thumb Code    36  app_timer.o(i.app_timer_create)
    app_timer_start                          0x000202a1   Thumb Code   128  app_timer.o(i.app_timer_start)
    app_timer_stop                           0x00020329   Thumb Code    26  app_timer.o(i.app_timer_stop)
    app_uart_get                             0x00020349   Thumb Code    42  app_uart_fifo.o(i.app_uart_get)
    app_uart_init                            0x0002037d   Thumb Code   164  app_uart_fifo.o(i.app_uart_init)
    app_uart_put                             0x00020431   Thumb Code    52  app_uart_fifo.o(i.app_uart_put)
    app_util_critical_region_enter           0x0002046d   Thumb Code    64  app_util_platform.o(i.app_util_critical_region_enter)
    app_util_critical_region_exit            0x000204b5   Thumb Code    46  app_util_platform.o(i.app_util_critical_region_exit)
    ble_advdata_set                          0x000205a1   Thumb Code   104  ble_advdata.o(i.ble_advdata_set)
    ble_advertising_conn_cfg_tag_set         0x00020609   Thumb Code     6  ble_advertising.o(i.ble_advertising_conn_cfg_tag_set)
    ble_advertising_init                     0x00020615   Thumb Code   280  ble_advertising.o(i.ble_advertising_init)
    ble_advertising_on_ble_evt               0x00020735   Thumb Code    88  ble_advertising.o(i.ble_advertising_on_ble_evt)
    ble_advertising_start                    0x00020791   Thumb Code   252  ble_advertising.o(i.ble_advertising_start)
    ble_conn_params_init                     0x00020895   Thumb Code    72  ble_conn_params.o(i.ble_conn_params_init)
    ble_conn_params_on_ble_evt               0x000208ed   Thumb Code   120  ble_conn_params.o(i.ble_conn_params_on_ble_evt)
    ble_nus_init                             0x00020a05   Thumb Code    94  ble_nus.o(i.ble_nus_init)
    ble_nus_on_ble_evt                       0x00020a69   Thumb Code    92  ble_nus.o(i.ble_nus_on_ble_evt)
    ble_nus_string_send                      0x00020ac5   Thumb Code    78  ble_nus.o(i.ble_nus_string_send)
    ble_srv_is_notification_enabled          0x00020b13   Thumb Code     8  ble_srv_common.o(i.ble_srv_is_notification_enabled)
    bme280_trim_read                         0x00020bd9   Thumb Code    60  main.o(i.bme280_trim_read)
    bsp_board_button_idx_to_pin              0x00020c25   Thumb Code     6  boards.o(i.bsp_board_button_idx_to_pin)
    bsp_board_led_invert                     0x00020c31   Thumb Code    32  boards.o(i.bsp_board_led_invert)
    bsp_board_led_off                        0x00020c55   Thumb Code    10  boards.o(i.bsp_board_led_off)
    bsp_board_led_on                         0x00020c65   Thumb Code    10  boards.o(i.bsp_board_led_on)
    bsp_board_led_state_get                  0x00020c75   Thumb Code    28  boards.o(i.bsp_board_led_state_get)
    bsp_board_leds_off                       0x00020c95   Thumb Code    18  boards.o(i.bsp_board_leds_off)
    bsp_board_leds_on                        0x00020ca7   Thumb Code    18  boards.o(i.bsp_board_leds_on)
    bsp_board_pin_to_button_idx              0x00020cb9   Thumb Code    30  boards.o(i.bsp_board_pin_to_button_idx)
    bsp_btn_ble_on_ble_evt                   0x00020cdd   Thumb Code   106  bsp_btn_ble.o(i.bsp_btn_ble_on_ble_evt)
    bsp_btn_ble_sleep_mode_prepare           0x00020d4d   Thumb Code    30  bsp_btn_ble.o(i.bsp_btn_ble_sleep_mode_prepare)
    bsp_event_to_button_action_assign        0x00020dfd   Thumb Code    64  bsp.o(i.bsp_event_to_button_action_assign)
    bsp_indication_set                       0x00020e41   Thumb Code    20  bsp.o(i.bsp_indication_set)
    bsp_wakeup_button_enable                 0x00021011   Thumb Code    16  bsp.o(i.bsp_wakeup_button_enable)
    fputc                                    0x00021253   Thumb Code    14  retarget.o(i.fputc)
    fs_queued_op_count_get                   0x00021261   Thumb Code    16  fstorage.o(i.fs_queued_op_count_get)
    gatt_evt_handler                         0x00021275   Thumb Code    28  main.o(i.gatt_evt_handler)
    gatt_init                                0x00021295   Thumb Code    38  main.o(i.gatt_init)
    intern_softdevice_events_execute         0x000212c5   Thumb Code   114  softdevice_handler.o(i.intern_softdevice_events_execute)
    main                                     0x00021661   Thumb Code   410  main.o(i.main)
    nrf_ble_gatt_att_mtu_periph_set          0x00021949   Thumb Code    24  nrf_ble_gatt.o(i.nrf_ble_gatt_att_mtu_periph_set)
    nrf_ble_gatt_init                        0x00021961   Thumb Code    44  nrf_ble_gatt.o(i.nrf_ble_gatt_init)
    nrf_ble_gatt_on_ble_evt                  0x0002198d   Thumb Code   308  nrf_ble_gatt.o(i.nrf_ble_gatt_on_ble_evt)
    nrf_drv_clock_init                       0x00021c91   Thumb Code    64  nrf_drv_clock.o(i.nrf_drv_clock_init)
    nrf_drv_clock_on_sd_enable               0x00021cd9   Thumb Code    44  nrf_drv_clock.o(i.nrf_drv_clock_on_sd_enable)
    nrf_drv_clock_on_soc_event               0x00021d09   Thumb Code    10  nrf_drv_clock.o(i.nrf_drv_clock_on_soc_event)
    nrf_drv_common_irq_enable                0x00021d13   Thumb Code    56  nrf_drv_common.o(i.nrf_drv_common_irq_enable)
    nrf_drv_twi_enable                       0x00021d71   Thumb Code    28  nrf_drv_twi.o(i.nrf_drv_twi_enable)
    nrf_drv_twi_init                         0x00021d91   Thumb Code   134  nrf_drv_twi.o(i.nrf_drv_twi_init)
    nrf_drv_twi_rx                           0x00021e1d   Thumb Code    32  nrf_drv_twi.o(i.nrf_drv_twi_rx)
    nrf_drv_twi_tx                           0x00021e41   Thumb Code    36  nrf_drv_twi.o(i.nrf_drv_twi_tx)
    nrf_drv_twi_xfer                         0x00021e65   Thumb Code    30  nrf_drv_twi.o(i.nrf_drv_twi_xfer)
    nrf_drv_uart_init                        0x00021e89   Thumb Code    98  nrf_drv_uart.o(i.nrf_drv_uart_init)
    nrf_drv_uart_rx                          0x00021ef1   Thumb Code   170  nrf_drv_uart.o(i.nrf_drv_uart_rx)
    nrf_drv_uart_rx_enable                   0x00021fa1   Thumb Code    42  nrf_drv_uart.o(i.nrf_drv_uart_rx_enable)
    nrf_drv_uart_tx                          0x00022129   Thumb Code   262  nrf_drv_uart.o(i.nrf_drv_uart_tx)
    nrf_drv_uart_tx_in_progress              0x00022235   Thumb Code    18  nrf_drv_uart.o(i.nrf_drv_uart_tx_in_progress)
    nrf_log_frontend_std_1                   0x00022365   Thumb Code    14  nrf_log_frontend.o(i.nrf_log_frontend_std_1)
    nrf_log_frontend_std_2                   0x00022373   Thumb Code    16  nrf_log_frontend.o(i.nrf_log_frontend_std_2)
    softdevice_app_ram_start_get             0x000229d1   Thumb Code    14  softdevice_handler.o(i.softdevice_app_ram_start_get)
    softdevice_ble_evt_handler_set           0x000229e5   Thumb Code    14  softdevice_handler.o(i.softdevice_ble_evt_handler_set)
    softdevice_enable                        0x000229f9   Thumb Code    70  softdevice_handler.o(i.softdevice_enable)
    softdevice_fault_handler                 0x00022ae9   Thumb Code     4  softdevice_handler.o(i.softdevice_fault_handler)
    softdevice_handler_init                  0x00022aed   Thumb Code    92  softdevice_handler.o(i.softdevice_handler_init)
    softdevice_handler_is_enabled            0x00022b51   Thumb Code     6  softdevice_handler.o(i.softdevice_handler_is_enabled)
    twi_init                                 0x00022de1   Thumb Code    40  main.o(i.twi_init)
    uart_event_handle                        0x00023165   Thumb Code    92  main.o(i.uart_event_handle)
    Region$$Table$$Base                      0x0002382c   Number         0  anon$$obj.o(Region$$Table)
    Region$$Table$$Limit                     0x0002384c   Number         0  anon$$obj.o(Region$$Table)
    Image$$RW_IRAM1$$Base                    0x200025f8   Number         0  anon$$obj.o ABSOLUTE
    __stdout                                 0x200026a4   Data           4  retarget.o(.data)
    SystemCoreClock                          0x200026bc   Data           4  system_nrf52.o(.data)
    nrf_nvic_state                           0x20002da8   Data          12  app_util_platform.o(.bss)
    __initial_sp                             0x20004e38   Data           0  arm_startup_nrf52.o(STACK)



==============================================================================

Memory Map of the image

  Image Entry point : 0x0001f201

  Load Region LR_IROM1 (Base: 0x0001f000, Size: 0x00004914, Max: 0x00061000, ABSOLUTE)

    Execution Region ER_IROM1 (Exec base: 0x0001f000, Load base: 0x0001f000, Size: 0x0000484c, Max: 0x00061000, ABSOLUTE)

    Exec Addr    Load Addr    Size         Type   Attr      Idx    E Section Name        Object

    0x0001f000   0x0001f000   0x00000200   Data   RO         3295    RESET               arm_startup_nrf52.o
    0x0001f200   0x0001f200   0x00000000   Code   RO         3336  * .ARM.Collect$$$$00000000  mc_w.l(entry.o)
    0x0001f200   0x0001f200   0x00000004   Code   RO         3640    .ARM.Collect$$$$00000001  mc_w.l(entry2.o)
    0x0001f204   0x0001f204   0x00000004   Code   RO         3643    .ARM.Collect$$$$00000004  mc_w.l(entry5.o)
    0x0001f208   0x0001f208   0x00000000   Code   RO         3645    .ARM.Collect$$$$00000008  mc_w.l(entry7b.o)
    0x0001f208   0x0001f208   0x00000000   Code   RO         3647    .ARM.Collect$$$$0000000A  mc_w.l(entry8b.o)
    0x0001f208   0x0001f208   0x00000008   Code   RO         3648    .ARM.Collect$$$$0000000B  mc_w.l(entry9a.o)
    0x0001f210   0x0001f210   0x00000000   Code   RO         3650    .ARM.Collect$$$$0000000D  mc_w.l(entry10a.o)
    0x0001f210   0x0001f210   0x00000000   Code   RO         3652    .ARM.Collect$$$$0000000F  mc_w.l(entry11a.o)
    0x0001f210   0x0001f210   0x00000004   Code   RO         3641    .ARM.Collect$$$$00002712  mc_w.l(entry2.o)
    0x0001f214   0x0001f214   0x00000024   Code   RO         3296    .text               arm_startup_nrf52.o
    0x0001f238   0x0001f238   0x00000062   Code   RO         3339    .text               mc_w.l(uldiv.o)
    0x0001f29a   0x0001f29a   0x00000024   Code   RO         3369    .text               mc_w.l(memcpya.o)
    0x0001f2be   0x0001f2be   0x00000024   Code   RO         3371    .text               mc_w.l(memseta.o)
    0x0001f2e2   0x0001f2e2   0x0000001e   Code   RO         3656    .text               mc_w.l(llshl.o)
    0x0001f300   0x0001f300   0x00000020   Code   RO         3658    .text               mc_w.l(llushr.o)
    0x0001f320   0x0001f320   0x00000024   Code   RO         3671    .text               mc_w.l(init.o)
    0x0001f344   0x0001f344   0x00000080   Code   RO            4    i.BME280_init       main.o
    0x0001f3c4   0x0001f3c4   0x000000d4   Code   RO            5    i.BME280_params_read  main.o
    0x0001f498   0x0001f498   0x00000174   Code   RO         1383    i.GPIOTE_IRQHandler  nrf_drv_gpiote.o
    0x0001f60c   0x0001f60c   0x00000016   Code   RO         2264    i.NVIC_ClearPendingIRQ  app_timer.o
    0x0001f622   0x0001f622   0x00000016   Code   RO         3154    i.NVIC_DisableIRQ   softdevice_handler.o
    0x0001f638   0x0001f638   0x00000016   Code   RO         2265    i.NVIC_EnableIRQ    app_timer.o
    0x0001f64e   0x0001f64e   0x00000016   Code   RO         3155    i.NVIC_EnableIRQ    softdevice_handler.o
    0x0001f664   0x0001f664   0x00000016   Code   RO         2266    i.NVIC_SetPendingIRQ  app_timer.o
    0x0001f67a   0x0001f67a   0x00000002   PAD
    0x0001f67c   0x0001f67c   0x00000058   Code   RO         1163    i.POWER_CLOCK_IRQHandler  nrf_drv_clock.o
    0x0001f6d4   0x0001f6d4   0x00000024   Code   RO         2268    i.RTC1_IRQHandler   app_timer.o
    0x0001f6f8   0x0001f6f8   0x00000010   Code   RO         1864    i.SPIM0_SPIS0_TWIM0_TWIS0_SPI0_TWI0_IRQHandler  nrf_drv_twi.o
    0x0001f708   0x0001f708   0x00000004   Code   RO         2269    i.SWI0_EGU0_IRQHandler  app_timer.o
    0x0001f70c   0x0001f70c   0x00000024   Code   RO         3156    i.SWI2_EGU2_IRQHandler  softdevice_handler.o
    0x0001f730   0x0001f730   0x0000031c   Code   RO         3304    i.SystemInit        system_nrf52.o
    0x0001fa4c   0x0001fa4c   0x0000001c   Code   RO         1626    i.UARTE0_UART0_IRQHandler  nrf_drv_uart.o
    0x0001fa68   0x0001fa68   0x00000020   Code   RO         3586    i.__0printf$8       mc_w.l(printf8.o)
    0x0001fa88   0x0001fa88   0x0000000e   Code   RO         3679    i.__scatterload_copy  mc_w.l(handlers.o)
    0x0001fa96   0x0001fa96   0x00000002   Code   RO         3680    i.__scatterload_null  mc_w.l(handlers.o)
    0x0001fa98   0x0001fa98   0x0000000e   Code   RO         3681    i.__scatterload_zeroinit  mc_w.l(handlers.o)
    0x0001faa6   0x0001faa6   0x00000002   PAD
    0x0001faa8   0x0001faa8   0x00000024   Code   RO         3157    i.__sd_nvic_app_accessible_irq  softdevice_handler.o
    0x0001facc   0x0001facc   0x00000410   Code   RO         3593    i._printf_core      mc_w.l(printf8.o)
    0x0001fedc   0x0001fedc   0x00000024   Code   RO         3594    i._printf_post_padding  mc_w.l(printf8.o)
    0x0001ff00   0x0001ff00   0x0000002e   Code   RO         3595    i._printf_pre_padding  mc_w.l(printf8.o)
    0x0001ff2e   0x0001ff2e   0x00000182   Code   RO          723    i.adv_data_encode   ble_advdata.o
    0x000200b0   0x000200b0   0x00000058   Code   RO          800    i.adv_mode_next_avail_get  ble_advertising.o
    0x00020108   0x00020108   0x00000036   Code   RO          631    i.advertising_buttons_configure  bsp_btn_ble.o
    0x0002013e   0x0002013e   0x00000002   PAD
    0x00020140   0x00020140   0x0000006c   Code   RO            7    i.advertising_init  main.o
    0x000201ac   0x000201ac   0x00000064   Code   RO            8    i.app_error_fault_handler  main.o
    0x00020210   0x00020210   0x00000016   Code   RO         2074    i.app_error_handler_bare  app_error.o
    0x00020226   0x00020226   0x00000016   Code   RO         2141    i.app_fifo_get      app_fifo.o
    0x0002023c   0x0002023c   0x00000020   Code   RO         2142    i.app_fifo_init     app_fifo.o
    0x0002025c   0x0002025c   0x0000001a   Code   RO         2144    i.app_fifo_put      app_fifo.o
    0x00020276   0x00020276   0x00000002   PAD
    0x00020278   0x00020278   0x00000028   Code   RO         2272    i.app_timer_create  app_timer.o
    0x000202a0   0x000202a0   0x00000088   Code   RO         2276    i.app_timer_start   app_timer.o
    0x00020328   0x00020328   0x00000020   Code   RO         2277    i.app_timer_stop    app_timer.o
    0x00020348   0x00020348   0x00000034   Code   RO         2432    i.app_uart_get      app_uart_fifo.o
    0x0002037c   0x0002037c   0x000000b4   Code   RO         2433    i.app_uart_init     app_uart_fifo.o
    0x00020430   0x00020430   0x0000003c   Code   RO         2434    i.app_uart_put      app_uart_fifo.o
    0x0002046c   0x0002046c   0x00000048   Code   RO         2496    i.app_util_critical_region_enter  app_util_platform.o
    0x000204b4   0x000204b4   0x00000034   Code   RO         2497    i.app_util_critical_region_exit  app_util_platform.o
    0x000204e8   0x000204e8   0x000000b8   Code   RO         1627    i.apply_config      nrf_drv_uart.o
    0x000205a0   0x000205a0   0x00000068   Code   RO          724    i.ble_advdata_set   ble_advdata.o
    0x00020608   0x00020608   0x0000000c   Code   RO          801    i.ble_advertising_conn_cfg_tag_set  ble_advertising.o
    0x00020614   0x00020614   0x00000120   Code   RO          802    i.ble_advertising_init  ble_advertising.o
    0x00020734   0x00020734   0x0000005c   Code   RO          803    i.ble_advertising_on_ble_evt  ble_advertising.o
    0x00020790   0x00020790   0x00000104   Code   RO          807    i.ble_advertising_start  ble_advertising.o
    0x00020894   0x00020894   0x00000058   Code   RO          897    i.ble_conn_params_init  ble_conn_params.o
    0x000208ec   0x000208ec   0x00000084   Code   RO          898    i.ble_conn_params_on_ble_evt  ble_conn_params.o
    0x00020970   0x00020970   0x00000060   Code   RO          725    i.ble_device_addr_encode  ble_advdata.o
    0x000209d0   0x000209d0   0x00000034   Code   RO           10    i.ble_evt_dispatch  main.o
    0x00020a04   0x00020a04   0x00000064   Code   RO         1116    i.ble_nus_init      ble_nus.o
    0x00020a68   0x00020a68   0x0000005c   Code   RO         1117    i.ble_nus_on_ble_evt  ble_nus.o
    0x00020ac4   0x00020ac4   0x0000004e   Code   RO         1118    i.ble_nus_string_send  ble_nus.o
    0x00020b12   0x00020b12   0x00000008   Code   RO          967    i.ble_srv_is_notification_enabled  ble_srv_common.o
    0x00020b1a   0x00020b1a   0x00000002   PAD
    0x00020b1c   0x00020b1c   0x000000bc   Code   RO           11    i.ble_stack_init    main.o
    0x00020bd8   0x00020bd8   0x0000004c   Code   RO           12    i.bme280_trim_read  main.o
    0x00020c24   0x00020c24   0x0000000c   Code   RO          391    i.bsp_board_button_idx_to_pin  boards.o
    0x00020c30   0x00020c30   0x00000024   Code   RO          395    i.bsp_board_led_invert  boards.o
    0x00020c54   0x00020c54   0x00000010   Code   RO          396    i.bsp_board_led_off  boards.o
    0x00020c64   0x00020c64   0x00000010   Code   RO          397    i.bsp_board_led_on  boards.o
    0x00020c74   0x00020c74   0x00000020   Code   RO          398    i.bsp_board_led_state_get  boards.o
    0x00020c94   0x00020c94   0x00000012   Code   RO          400    i.bsp_board_leds_off  boards.o
    0x00020ca6   0x00020ca6   0x00000012   Code   RO          401    i.bsp_board_leds_on  boards.o
    0x00020cb8   0x00020cb8   0x00000024   Code   RO          402    i.bsp_board_pin_to_button_idx  boards.o
    0x00020cdc   0x00020cdc   0x00000070   Code   RO          633    i.bsp_btn_ble_on_ble_evt  bsp_btn_ble.o
    0x00020d4c   0x00020d4c   0x0000001e   Code   RO          634    i.bsp_btn_ble_sleep_mode_prepare  bsp_btn_ble.o
    0x00020d6a   0x00020d6a   0x00000002   PAD
    0x00020d6c   0x00020d6c   0x00000090   Code   RO          512    i.bsp_button_event_handler  bsp.o
    0x00020dfc   0x00020dfc   0x00000044   Code   RO          516    i.bsp_event_to_button_action_assign  bsp.o
    0x00020e40   0x00020e40   0x00000018   Code   RO          517    i.bsp_indication_set  bsp.o
    0x00020e58   0x00020e58   0x000001b8   Code   RO          519    i.bsp_led_indication  bsp.o
    0x00021010   0x00021010   0x00000010   Code   RO          521    i.bsp_wakeup_button_enable  bsp.o
    0x00021020   0x00021020   0x00000010   Code   RO         1386    i.channel_port_get  nrf_drv_gpiote.o
    0x00021030   0x00021030   0x00000028   Code   RO         1164    i.clock_clk_started_notify  nrf_drv_clock.o
    0x00021058   0x00021058   0x000000ac   Code   RO         2279    i.compare_reg_update  app_timer.o
    0x00021104   0x00021104   0x00000088   Code   RO          726    i.conn_int_encode   ble_advdata.o
    0x0002118c   0x0002118c   0x00000004   Code   RO           14    i.conn_params_error_handler  main.o
    0x00021190   0x00021190   0x0000005c   Code   RO          900    i.conn_params_negotiation  ble_conn_params.o
    0x000211ec   0x000211ec   0x00000040   Code   RO         2280    i.elapsed_ticks_acquire  app_timer.o
    0x0002122c   0x0002122c   0x00000014   Code   RO         2147    i.fifo_get          app_fifo.o
    0x00021240   0x00021240   0x00000012   Code   RO         2148    i.fifo_put          app_fifo.o
    0x00021252   0x00021252   0x0000000e   Code   RO         2751    i.fputc             retarget.o
    0x00021260   0x00021260   0x00000014   Code   RO         2570    i.fs_queued_op_count_get  fstorage.o
    0x00021274   0x00021274   0x00000020   Code   RO           15    i.gatt_evt_handler  main.o
    0x00021294   0x00021294   0x00000030   Code   RO           16    i.gatt_init         main.o
    0x000212c4   0x000212c4   0x00000078   Code   RO         3158    i.intern_softdevice_events_execute  softdevice_handler.o
    0x0002133c   0x0002133c   0x00000078   Code   RO         1628    i.interrupts_enable  nrf_drv_uart.o
    0x000213b4   0x000213b4   0x0000014e   Code   RO         1865    i.irq_handler_twim  nrf_drv_twi.o
    0x00021502   0x00021502   0x00000002   PAD
    0x00021504   0x00021504   0x0000001c   Code   RO          901    i.is_conn_params_ok  ble_conn_params.o
    0x00021520   0x00021520   0x00000030   Code   RO          523    i.leds_off          bsp.o
    0x00021550   0x00021550   0x00000018   Code   RO         1024    i.link_init         nrf_ble_gatt.o
    0x00021568   0x00021568   0x000000f8   Code   RO         2281    i.list_insertions_handler  app_timer.o
    0x00021660   0x00021660   0x000001d8   Code   RO           17    i.main              main.o
    0x00021838   0x00021838   0x00000064   Code   RO          727    i.manuf_specific_data_encode  ble_advdata.o
    0x0002189c   0x0002189c   0x0000009c   Code   RO          728    i.name_encode       ble_advdata.o
    0x00021938   0x00021938   0x00000010   Code   RO         1387    i.nrf_bitmask_bit_is_set  nrf_drv_gpiote.o
    0x00021948   0x00021948   0x00000018   Code   RO         1026    i.nrf_ble_gatt_att_mtu_periph_set  nrf_ble_gatt.o
    0x00021960   0x00021960   0x0000002c   Code   RO         1030    i.nrf_ble_gatt_init  nrf_ble_gatt.o
    0x0002198c   0x0002198c   0x00000140   Code   RO         1031    i.nrf_ble_gatt_on_ble_evt  nrf_ble_gatt.o
    0x00021acc   0x00021acc   0x0000000e   Code   RO         1168    i.nrf_clock_event_check  nrf_drv_clock.o
    0x00021ada   0x00021ada   0x00000010   Code   RO         1169    i.nrf_clock_event_clear  nrf_drv_clock.o
    0x00021aea   0x00021aea   0x00000002   PAD
    0x00021aec   0x00021aec   0x0000008c   Code   RO           18    i.nrf_delay_us      main.o
    0x00021b78   0x00021b78   0x0000008c   Code   RO         1866    i.nrf_delay_us      nrf_drv_twi.o
    0x00021c04   0x00021c04   0x0000008c   Code   RO         2282    i.nrf_delay_us      app_timer.o
    0x00021c90   0x00021c90   0x00000048   Code   RO         1176    i.nrf_drv_clock_init  nrf_drv_clock.o
    0x00021cd8   0x00021cd8   0x00000030   Code   RO         1183    i.nrf_drv_clock_on_sd_enable  nrf_drv_clock.o
    0x00021d08   0x00021d08   0x0000000a   Code   RO         1184    i.nrf_drv_clock_on_soc_event  nrf_drv_clock.o
    0x00021d12   0x00021d12   0x00000038   Code   RO         1337    i.nrf_drv_common_irq_enable  nrf_drv_common.o
    0x00021d4a   0x00021d4a   0x00000006   Code   RO         1630    i.nrf_drv_get_IRQn  nrf_drv_uart.o
    0x00021d50   0x00021d50   0x00000010   Code   RO         1631    i.nrf_drv_is_in_RAM  nrf_drv_uart.o
    0x00021d60   0x00021d60   0x00000010   Code   RO         1867    i.nrf_drv_is_in_RAM  nrf_drv_twi.o
    0x00021d70   0x00021d70   0x00000020   Code   RO         1870    i.nrf_drv_twi_enable  nrf_drv_twi.o
    0x00021d90   0x00021d90   0x0000008c   Code   RO         1871    i.nrf_drv_twi_init  nrf_drv_twi.o
    0x00021e1c   0x00021e1c   0x00000024   Code   RO         1873    i.nrf_drv_twi_rx    nrf_drv_twi.o
    0x00021e40   0x00021e40   0x00000024   Code   RO         1876    i.nrf_drv_twi_tx    nrf_drv_twi.o
    0x00021e64   0x00021e64   0x00000024   Code   RO         1878    i.nrf_drv_twi_xfer  nrf_drv_twi.o
    0x00021e88   0x00021e88   0x00000068   Code   RO         1633    i.nrf_drv_uart_init  nrf_drv_uart.o
    0x00021ef0   0x00021ef0   0x000000b0   Code   RO         1634    i.nrf_drv_uart_rx   nrf_drv_uart.o
    0x00021fa0   0x00021fa0   0x00000030   Code   RO         1637    i.nrf_drv_uart_rx_enable  nrf_drv_uart.o
    0x00021fd0   0x00021fd0   0x000000a8   Code   RO         1638    i.nrf_drv_uart_rx_for_uart  nrf_drv_uart.o
    0x00022078   0x00022078   0x000000b0   Code   RO         1639    i.nrf_drv_uart_rx_for_uarte  nrf_drv_uart.o
    0x00022128   0x00022128   0x0000010c   Code   RO         1641    i.nrf_drv_uart_tx   nrf_drv_uart.o
    0x00022234   0x00022234   0x00000018   Code   RO         1643    i.nrf_drv_uart_tx_in_progress  nrf_drv_uart.o
    0x0002224c   0x0002224c   0x00000024   Code   RO         1645    i.nrf_gpio_cfg      nrf_drv_uart.o
    0x00022270   0x00022270   0x00000012   Code   RO         1647    i.nrf_gpio_cfg_input  nrf_drv_uart.o
    0x00022282   0x00022282   0x00000014   Code   RO         1648    i.nrf_gpio_cfg_output  nrf_drv_uart.o
    0x00022296   0x00022296   0x00000022   Code   RO          525    i.nrf_gpio_cfg_sense_set  bsp.o
    0x000222b8   0x000222b8   0x00000022   Code   RO         1413    i.nrf_gpio_cfg_sense_set  nrf_drv_gpiote.o
    0x000222da   0x000222da   0x0000000e   Code   RO         1879    i.nrf_gpio_pin_set  nrf_drv_twi.o
    0x000222e8   0x000222e8   0x00000016   Code   RO          405    i.nrf_gpio_pin_write  boards.o
    0x000222fe   0x000222fe   0x00000002   PAD
    0x00022300   0x00022300   0x00000028   Code   RO         1414    i.nrf_gpio_ports_read  nrf_drv_gpiote.o
    0x00022328   0x00022328   0x00000014   Code   RO         1415    i.nrf_gpiote_event_clear  nrf_drv_gpiote.o
    0x0002233c   0x0002233c   0x00000010   Code   RO         1416    i.nrf_gpiote_event_is_set  nrf_drv_gpiote.o
    0x0002234c   0x0002234c   0x00000018   Code   RO         2880    i.nrf_log_direct_feed  nrf_log_frontend.o
    0x00022364   0x00022364   0x0000000e   Code   RO         2885    i.nrf_log_frontend_std_1  nrf_log_frontend.o
    0x00022372   0x00022372   0x00000010   Code   RO         2886    i.nrf_log_frontend_std_2  nrf_log_frontend.o
    0x00022382   0x00022382   0x0000000a   Code   RO         1880    i.nrf_twim_event_check  nrf_drv_twi.o
    0x0002238c   0x0002238c   0x0000000c   Code   RO         1881    i.nrf_twim_event_clear  nrf_drv_twi.o
    0x00022398   0x00022398   0x0000000a   Code   RO         1649    i.nrf_uart_event_check  nrf_drv_uart.o
    0x000223a2   0x000223a2   0x0000000c   Code   RO         1650    i.nrf_uart_event_clear  nrf_drv_uart.o
    0x000223ae   0x000223ae   0x0000000c   Code   RO         1651    i.nrf_uart_int_enable_check  nrf_drv_uart.o
    0x000223ba   0x000223ba   0x0000000a   Code   RO         1652    i.nrf_uarte_event_check  nrf_drv_uart.o
    0x000223c4   0x000223c4   0x0000000c   Code   RO         1653    i.nrf_uarte_event_clear  nrf_drv_uart.o
    0x000223d0   0x000223d0   0x00000036   Code   RO           19    i.nus_data_handler  main.o
    0x00022406   0x00022406   0x00000024   Code   RO           20    i.on_adv_evt        main.o
    0x0002242a   0x0002242a   0x00000002   PAD
    0x0002242c   0x0002242c   0x00000148   Code   RO           21    i.on_ble_evt        main.o
    0x00022574   0x00022574   0x0000001c   Code   RO           22    i.on_conn_params_evt  main.o
    0x00022590   0x00022590   0x00000084   Code   RO         1032    i.on_connected_evt  nrf_ble_gatt.o
    0x00022614   0x00022614   0x00000068   Code   RO         1033    i.on_exchange_mtu_request_evt  nrf_ble_gatt.o
    0x0002267c   0x0002267c   0x00000060   Code   RO           23    i.read_sensor_data  main.o
    0x000226dc   0x000226dc   0x0000003c   Code   RO         2283    i.rtc1_stop         app_timer.o
    0x00022718   0x00022718   0x00000032   Code   RO         1655    i.rx_byte           nrf_drv_uart.o
    0x0002274a   0x0002274a   0x000000a2   Code   RO         1119    i.rx_char_add       ble_nus.o
    0x000227ec   0x000227ec   0x00000018   Code   RO         1656    i.rx_done_event     nrf_drv_uart.o
    0x00022804   0x00022804   0x00000020   Code   RO         1657    i.rx_enable         nrf_drv_uart.o
    0x00022824   0x00022824   0x00000070   Code   RO         3159    i.sd_nvic_EnableIRQ  softdevice_handler.o
    0x00022894   0x00022894   0x00000088   Code   RO          729    i.service_data_encode  ble_advdata.o
    0x0002291c   0x0002291c   0x00000048   Code   RO          809    i.set_adv_mode_fast  ble_advertising.o
    0x00022964   0x00022964   0x00000044   Code   RO          810    i.set_adv_mode_slow  ble_advertising.o
    0x000229a8   0x000229a8   0x00000028   Code   RO           24    i.sleep_mode_enter  main.o
    0x000229d0   0x000229d0   0x00000014   Code   RO         3160    i.softdevice_app_ram_start_get  softdevice_handler.o
    0x000229e4   0x000229e4   0x00000014   Code   RO         3161    i.softdevice_ble_evt_handler_set  softdevice_handler.o
    0x000229f8   0x000229f8   0x000000f0   Code   RO         3162    i.softdevice_enable  softdevice_handler.o
    0x00022ae8   0x00022ae8   0x00000004   Code   RO         3163    i.softdevice_fault_handler  softdevice_handler.o
    0x00022aec   0x00022aec   0x00000064   Code   RO         3164    i.softdevice_handler_init  softdevice_handler.o
    0x00022b50   0x00022b50   0x0000000c   Code   RO         3165    i.softdevice_handler_is_enabled  softdevice_handler.o
    0x00022b5c   0x00022b5c   0x00000080   Code   RO         2284    i.timer_list_handler  app_timer.o
    0x00022bdc   0x00022bdc   0x0000003c   Code   RO         2285    i.timer_list_insert  app_timer.o
    0x00022c18   0x00022c18   0x00000060   Code   RO         2286    i.timer_list_remove  app_timer.o
    0x00022c78   0x00022c78   0x00000048   Code   RO         2287    i.timer_stop_op_schedule  app_timer.o
    0x00022cc0   0x00022cc0   0x00000074   Code   RO         2288    i.timer_timeouts_check  app_timer.o
    0x00022d34   0x00022d34   0x000000aa   Code   RO         1882    i.twi_clear_bus     nrf_drv_twi.o
    0x00022dde   0x00022dde   0x00000002   PAD
    0x00022de0   0x00022de0   0x0000002c   Code   RO           26    i.twi_init          main.o
    0x00022e0c   0x00022e0c   0x00000240   Code   RO         1883    i.twim_xfer         nrf_drv_twi.o
    0x0002304c   0x0002304c   0x00000020   Code   RO         1658    i.tx_byte           nrf_drv_uart.o
    0x0002306c   0x0002306c   0x000000da   Code   RO         1120    i.tx_char_add       ble_nus.o
    0x00023146   0x00023146   0x0000001c   Code   RO         1659    i.tx_done_event     nrf_drv_uart.o
    0x00023162   0x00023162   0x00000002   PAD
    0x00023164   0x00023164   0x00000064   Code   RO           27    i.uart_event_handle  main.o
    0x000231c8   0x000231c8   0x000000a0   Code   RO         2435    i.uart_event_handler  app_uart_fifo.o
    0x00023268   0x00023268   0x0000011e   Code   RO         1660    i.uart_irq_handler  nrf_drv_uart.o
    0x00023386   0x00023386   0x000000f0   Code   RO         1661    i.uarte_irq_handler  nrf_drv_uart.o
    0x00023476   0x00023476   0x0000000a   Code   RO          730    i.uint16_encode     ble_advdata.o
    0x00023480   0x00023480   0x00000060   Code   RO          902    i.update_timeout_handler  ble_conn_params.o
    0x000234e0   0x000234e0   0x00000030   Code   RO         2289    i.user_op_alloc     app_timer.o
    0x00023510   0x00023510   0x00000030   Code   RO          731    i.uuid_list_encode  ble_advdata.o
    0x00023540   0x00023540   0x0000009e   Code   RO          732    i.uuid_list_sized_encode  ble_advdata.o
    0x000235de   0x000235de   0x00000002   PAD
    0x000235e0   0x000235e0   0x00000034   Data   RO           30    .constdata          main.o
    0x00023614   0x00023614   0x00000008   Data   RO          406    .constdata          boards.o
    0x0002361c   0x0002361c   0x0000002c   Data   RO          530    .constdata          bsp.o
    0x00023648   0x00023648   0x00000004   Data   RO          905    .constdata          ble_conn_params.o
    0x0002364c   0x0002364c   0x00000016   Data   RO         1034    .constdata          nrf_ble_gatt.o
    0x00023662   0x00023662   0x00000002   PAD
    0x00023664   0x00023664   0x00000010   Data   RO         1121    .constdata          ble_nus.o
    0x00023674   0x00023674   0x00000004   Data   RO         1420    .constdata          nrf_drv_gpiote.o
    0x00023678   0x00023678   0x0000000c   Data   RO         1888    .constdata          nrf_drv_twi.o
    0x00023684   0x00023684   0x00000020   Data   RO         2437    .constdata          app_uart_fifo.o
    0x000236a4   0x000236a4   0x00000186   Data   RO         1035    .conststring        nrf_ble_gatt.o
    0x0002382a   0x0002382a   0x00000002   PAD
    0x0002382c   0x0002382c   0x00000020   Data   RO         3677    Region$$Table       anon$$obj.o


    Execution Region RW_IRAM1 (Exec base: 0x200025f8, Load base: 0x0002384c, Size: 0x00002840, Max: 0x0000da08, ABSOLUTE)

    Exec Addr    Load Addr    Size         Type   Attr      Idx    E Section Name        Object

    0x200025f8   0x0002384c   0x0000003a   Data   RW           31    .data               main.o
    0x20002632   0x00023886   0x00000002   PAD
    0x20002634   0x00023888   0x00000010   Data   RW          531    .data               bsp.o
    0x20002644   0x00023898   0x00000008   Data   RW          635    .data               bsp_btn_ble.o
    0x2000264c   0x000238a0   0x0000001f   Data   RW          812    .data               ble_advertising.o
    0x2000266b   0x000238bf   0x00000001   PAD
    0x2000266c   0x000238c0   0x00000014   Data   RW          906    .data               ble_conn_params.o
    0x20002680   0x000238d4   0x00000014   Data   RW         2291    .data               app_timer.o
    0x20002694   0x000238e8   0x00000010   Data   RW         2438    .data               app_uart_fifo.o
    0x200026a4   0x000238f8   0x00000004   Data   RW         2752    .data               retarget.o
    0x200026a8   0x000238fc   0x00000014   Data   RW         3171    .data               softdevice_handler.o
    0x200026bc   0x00023910   0x00000004   Data   RW         3305    .data               system_nrf52.o
    0x200026c0        -       0x000003ac   Zero   RW           28    .bss                main.o
    0x20002a6c        -       0x00000020   Zero   RW          526    .bss                bsp.o
    0x20002a8c        -       0x00000020   Zero   RW          527    .bss                bsp.o
    0x20002aac        -       0x0000000c   Zero   RW          528    .bss                bsp.o
    0x20002ab8        -       0x00000020   Zero   RW          529    .bss                bsp.o
    0x20002ad8        -       0x000000b3   Zero   RW          811    .bss                ble_advertising.o
    0x20002b8b   0x00023914   0x00000001   PAD
    0x20002b8c        -       0x00000020   Zero   RW          903    .bss                ble_conn_params.o
    0x20002bac        -       0x0000001c   Zero   RW          904    .bss                ble_conn_params.o
    0x20002bc8        -       0x00000014   Zero   RW         1186    .bss                nrf_drv_clock.o
    0x20002bdc        -       0x00000058   Zero   RW         1419    .bss                nrf_drv_gpiote.o
    0x20002c34        -       0x00000020   Zero   RW         1662    .bss                nrf_drv_uart.o
    0x20002c54        -       0x00000028   Zero   RW         1884    .bss                nrf_drv_twi.o
    0x20002c7c        -       0x0000010c   Zero   RW         2290    .bss                app_timer.o
    0x20002d88        -       0x00000020   Zero   RW         2436    .bss                app_uart_fifo.o
    0x20002da8        -       0x0000000c   Zero   RW         2502    .bss                app_util_platform.o
    0x20002db4        -       0x00000068   Zero   RW         2579    .bss                fstorage.o
    0x20002e1c        -       0x0000001c   Zero   RW         2895    .bss                nrf_log_frontend.o
    0x20002e38        -       0x00002000   Zero   RW         3293    STACK               arm_startup_nrf52.o


==============================================================================

Image component sizes


      Code (inc. data)   RO Data    RW Data    ZI Data      Debug   Object Name

        22          0          0          0          0       2269   app_error.o
       118          0          0          0          0       5014   app_fifo.o
         0          0          0          0          0      20784   app_scheduler.o
      1518        108          0         20        268      46542   app_timer.o
       452         42         32         16         32      10898   app_uart_fifo.o
       124         14          0          0         12       9574   app_util_platform.o
        36          8        512          0       8192        928   arm_startup_nrf52.o
      1330          0          0          0          0      35672   ble_advdata.o
       880         56          0         31        179      10559   ble_advertising.o
       436         54          4         20         60       5864   ble_conn_params.o
       650          6         16          0          0       5982   ble_nus.o
         8          0          0          0          0       1458   ble_srv_common.o
       206         32          8          0          0      10929   boards.o
       774         58         44         16        108      12244   bsp.o
       196          6          0          8          0       4118   bsp_btn_ble.o
        20          4          0          0        104       3808   fstorage.o
      2286        276         52         58        940     179953   main.o
       648         32        412          0          0      32128   nrf_ble_gatt.o
       288         22          0          0         20      12860   nrf_drv_clock.o
        56          0          0          0          0      27619   nrf_drv_common.o
       514         30          4          0         88      21000   nrf_drv_gpiote.o
      1568         42         12          0         40      28504   nrf_drv_twi.o
      2140         66          0          0         32      42561   nrf_drv_uart.o
        54          4          0          0         28       5487   nrf_log_frontend.o
        14          0          0          4          0       2878   retarget.o
       744        216          0         20          0      42963   softdevice_handler.o
       796         70          0          4          0       3075   system_nrf52.o

    ----------------------------------------------------------------------
     15902       1146       1132        200      10104     585671   Object Totals
         0          0         32          0          0          0   (incl. Generated)
        24          0          4          3          1          0   (incl. Padding)

    ----------------------------------------------------------------------

      Code (inc. data)   RO Data    RW Data    ZI Data      Debug   Library Member Name

         0          0          0          0          0          0   entry.o
         0          0          0          0          0          0   entry10a.o
         0          0          0          0          0          0   entry11a.o
         8          4          0          0          0          0   entry2.o
         4          0          0          0          0          0   entry5.o
         0          0          0          0          0          0   entry7b.o
         0          0          0          0          0          0   entry8b.o
         8          4          0          0          0          0   entry9a.o
        30          0          0          0          0          0   handlers.o
        36          8          0          0          0         68   init.o
        30          0          0          0          0         68   llshl.o
        32          0          0          0          0         68   llushr.o
        36          0          0          0          0         68   memcpya.o
        36          0          0          0          0        108   memseta.o
      1154         54          0          0          0        352   printf8.o
        98          0          0          0          0         92   uldiv.o

    ----------------------------------------------------------------------
      1474         70          0          0          0        824   Library Totals
         2          0          0          0          0          0   (incl. Padding)

    ----------------------------------------------------------------------

      Code (inc. data)   RO Data    RW Data    ZI Data      Debug   Library Name

      1472         70          0          0          0        824   mc_w.l

    ----------------------------------------------------------------------
      1474         70          0          0          0        824   Library Totals

    ----------------------------------------------------------------------

==============================================================================


      Code (inc. data)   RO Data    RW Data    ZI Data      Debug   

     17376       1216       1132        200      10104     569035   Grand Totals
     17376       1216       1132        200      10104     569035   ELF Image Totals
     17376       1216       1132        200          0          0   ROM Totals

==============================================================================

    Total RO  Size (Code + RO Data)                18508 (  18.07kB)
    Total RW  Size (RW Data + ZI Data)             10304 (  10.06kB)
    Total ROM Size (Code + RO Data + RW Data)      18708 (  18.27kB)

==============================================================================

